Component: ARM Compiler 5.06 update 5 (build 528) Tool: armlink [4d35e2]

==============================================================================

Section Cross References

    mbed/TARGET_KL25Z/TOOLCHAIN_ARM_STD/analogin_api.o(i.analogin_init) refers to mbed/TARGET_KL25Z/TOOLCHAIN_ARM_STD/mbed.ar(mbed_pinmap_common.o)(i.pinmap_peripheral) for pinmap_peripheral
    mbed/TARGET_KL25Z/TOOLCHAIN_ARM_STD/analogin_api.o(i.analogin_init) refers to mbed/TARGET_KL25Z/TOOLCHAIN_ARM_STD/mbed.ar(mbed_assert.o)(i.mbed_assert_internal) for mbed_assert_internal
    mbed/TARGET_KL25Z/TOOLCHAIN_ARM_STD/analogin_api.o(i.analogin_init) refers to C:\Keil_v5\ARM\ARMCC\Bin\..\lib\armlib\c_p.l(aeabi_sdivfast.o)(.text) for __aeabi_uidivmod
    mbed/TARGET_KL25Z/TOOLCHAIN_ARM_STD/analogin_api.o(i.analogin_init) refers to mbed/TARGET_KL25Z/TOOLCHAIN_ARM_STD/mbed.ar(mbed_pinmap_common.o)(i.pinmap_pinout) for pinmap_pinout
    mbed/TARGET_KL25Z/TOOLCHAIN_ARM_STD/analogin_api.o(i.analogin_init) refers to mbed/TARGET_KL25Z/TOOLCHAIN_ARM_STD/PeripheralPins.o(.constdata) for PinMap_ADC
    mbed/TARGET_KL25Z/TOOLCHAIN_ARM_STD/analogin_api.o(i.analogin_init) refers to mbed/TARGET_KL25Z/TOOLCHAIN_ARM_STD/analogin_api.o(.conststring) for .conststring
    mbed/TARGET_KL25Z/TOOLCHAIN_ARM_STD/analogin_api.o(i.analogin_init) refers to mbed/TARGET_KL25Z/TOOLCHAIN_ARM_STD/system_MKL25Z4.o(.data) for SystemCoreClock
    mbed/TARGET_KL25Z/TOOLCHAIN_ARM_STD/analogin_api.o(i.analogin_read) refers to C:\Keil_v5\ARM\ARMCC\Bin\..\lib\armlib\fz_ps.l(fflti.o)(.text) for __aeabi_ui2f
    mbed/TARGET_KL25Z/TOOLCHAIN_ARM_STD/analogin_api.o(i.analogin_read) refers to C:\Keil_v5\ARM\ARMCC\Bin\..\lib\armlib\fz_ps.l(fmul.o)(x$fpl$fmul) for __aeabi_fmul
    mbed/TARGET_KL25Z/TOOLCHAIN_ARM_STD/analogout_api.o(i.analogout_init) refers to mbed/TARGET_KL25Z/TOOLCHAIN_ARM_STD/mbed.ar(mbed_pinmap_common.o)(i.pinmap_peripheral) for pinmap_peripheral
    mbed/TARGET_KL25Z/TOOLCHAIN_ARM_STD/analogout_api.o(i.analogout_init) refers to mbed/TARGET_KL25Z/TOOLCHAIN_ARM_STD/mbed.ar(mbed_assert.o)(i.mbed_assert_internal) for mbed_assert_internal
    mbed/TARGET_KL25Z/TOOLCHAIN_ARM_STD/analogout_api.o(i.analogout_init) refers to mbed/TARGET_KL25Z/TOOLCHAIN_ARM_STD/mbed.ar(mbed_pinmap_common.o)(i.pinmap_pinout) for pinmap_pinout
    mbed/TARGET_KL25Z/TOOLCHAIN_ARM_STD/analogout_api.o(i.analogout_init) refers to mbed/TARGET_KL25Z/TOOLCHAIN_ARM_STD/PeripheralPins.o(.constdata) for PinMap_DAC
    mbed/TARGET_KL25Z/TOOLCHAIN_ARM_STD/analogout_api.o(i.analogout_init) refers to mbed/TARGET_KL25Z/TOOLCHAIN_ARM_STD/analogout_api.o(.conststring) for .conststring
    mbed/TARGET_KL25Z/TOOLCHAIN_ARM_STD/analogout_api.o(i.analogout_read) refers to C:\Keil_v5\ARM\ARMCC\Bin\..\lib\armlib\fz_ps.l(fflti.o)(.text) for __aeabi_ui2f
    mbed/TARGET_KL25Z/TOOLCHAIN_ARM_STD/analogout_api.o(i.analogout_read) refers to C:\Keil_v5\ARM\ARMCC\Bin\..\lib\armlib\fz_ps.l(fmul.o)(x$fpl$fmul) for __aeabi_fmul
    mbed/TARGET_KL25Z/TOOLCHAIN_ARM_STD/analogout_api.o(i.analogout_write) refers to C:\Keil_v5\ARM\ARMCC\Bin\..\lib\armlib\fz_ps.l(fmul.o)(x$fpl$fmul) for __aeabi_fmul
    mbed/TARGET_KL25Z/TOOLCHAIN_ARM_STD/analogout_api.o(i.analogout_write) refers to C:\Keil_v5\ARM\ARMCC\Bin\..\lib\armlib\fz_ps.l(ffixi.o)(.text) for __aeabi_f2iz
    mbed/TARGET_KL25Z/TOOLCHAIN_ARM_STD/gpio_api.o(i.gpio_dir) refers to mbed/TARGET_KL25Z/TOOLCHAIN_ARM_STD/mbed.ar(mbed_assert.o)(i.mbed_assert_internal) for mbed_assert_internal
    mbed/TARGET_KL25Z/TOOLCHAIN_ARM_STD/gpio_api.o(i.gpio_dir) refers to mbed/TARGET_KL25Z/TOOLCHAIN_ARM_STD/gpio_api.o(.conststring) for .conststring
    mbed/TARGET_KL25Z/TOOLCHAIN_ARM_STD/gpio_api.o(i.gpio_init) refers to mbed/TARGET_KL25Z/TOOLCHAIN_ARM_STD/pinmap.o(i.pin_function) for pin_function
    mbed/TARGET_KL25Z/TOOLCHAIN_ARM_STD/gpio_api.o(i.gpio_mode) refers to mbed/TARGET_KL25Z/TOOLCHAIN_ARM_STD/pinmap.o(i.pin_mode) for pin_mode
    mbed/TARGET_KL25Z/TOOLCHAIN_ARM_STD/gpio_api.o(i.gpio_set) refers to mbed/TARGET_KL25Z/TOOLCHAIN_ARM_STD/mbed.ar(mbed_assert.o)(i.mbed_assert_internal) for mbed_assert_internal
    mbed/TARGET_KL25Z/TOOLCHAIN_ARM_STD/gpio_api.o(i.gpio_set) refers to mbed/TARGET_KL25Z/TOOLCHAIN_ARM_STD/pinmap.o(i.pin_function) for pin_function
    mbed/TARGET_KL25Z/TOOLCHAIN_ARM_STD/gpio_api.o(i.gpio_set) refers to mbed/TARGET_KL25Z/TOOLCHAIN_ARM_STD/gpio_api.o(.conststring) for .conststring
    mbed/TARGET_KL25Z/TOOLCHAIN_ARM_STD/gpio_irq_api.o(i.gpio_irqA) refers to mbed/TARGET_KL25Z/TOOLCHAIN_ARM_STD/gpio_irq_api.o(i.handle_interrupt_in) for handle_interrupt_in
    mbed/TARGET_KL25Z/TOOLCHAIN_ARM_STD/gpio_irq_api.o(i.gpio_irqD) refers to mbed/TARGET_KL25Z/TOOLCHAIN_ARM_STD/gpio_irq_api.o(i.handle_interrupt_in) for handle_interrupt_in
    mbed/TARGET_KL25Z/TOOLCHAIN_ARM_STD/gpio_irq_api.o(i.gpio_irq_free) refers to mbed/TARGET_KL25Z/TOOLCHAIN_ARM_STD/gpio_irq_api.o(.bss) for .bss
[...]
    mbed::fdopen(mbed::FileHandle*, const char*) 0x00003ca9   Thumb Code     8  mbed/TARGET_KL25Z/TOOLCHAIN_ARM_STD/mbed.ar(FileHandle.o)(i._ZN4mbed6fdopenEPNS_10FileHandleEPKc)
    mbed::AnalogIn::lock()                   0x00003cb1   Thumb Code    16  .\build\main.o(i._ZN4mbed8AnalogIn4lockEv)
    mbed::AnalogIn::unlock()                 0x00003cc5   Thumb Code    16  .\build\main.o(i._ZN4mbed8AnalogIn6unlockEv)
    mbed::AnalogIn::AnalogIn(PinName)        0x00003cd9   Thumb Code    34  .\build\main.o(i._ZN4mbed8AnalogInC1E7PinName)
    mbed::AnalogIn::AnalogIn__sub_object(PinName) 0x00003cd9   Thumb Code     0  .\build\main.o(i._ZN4mbed8AnalogInC1E7PinName)
    mbed::AnalogIn::~AnalogIn()              0x00003d01   Thumb Code     2  .\build\main.o(i._ZN4mbed8AnalogInD1Ev)
    mbed::AnalogIn::~AnalogIn__sub_object()  0x00003d01   Thumb Code     0  .\build\main.o(i._ZN4mbed8AnalogInD1Ev)
    mbed::FileBase::getPathType()            0x00003d03   Thumb Code     4  mbed/TARGET_KL25Z/TOOLCHAIN_ARM_STD/mbed.ar(FileBase.o)(i._ZN4mbed8FileBase11getPathTypeEv)
    mbed::FileBase::lookup(const char*, unsigned) 0x00003d09   Thumb Code    96  mbed/TARGET_KL25Z/TOOLCHAIN_ARM_STD/mbed.ar(FileBase.o)(i._ZN4mbed8FileBase6lookupEPKcj)
    mbed::FileBase::FileBase(const char*, mbed::PathType) 0x00003d79   Thumb Code    50  mbed/TARGET_KL25Z/TOOLCHAIN_ARM_STD/mbed.ar(FileBase.o)(i._ZN4mbed8FileBaseC1EPKcNS_8PathTypeE)
    mbed::FileBase::FileBase__sub_object(const char*, mbed::PathType) 0x00003d79   Thumb Code     0  mbed/TARGET_KL25Z/TOOLCHAIN_ARM_STD/mbed.ar(FileBase.o)(i._ZN4mbed8FileBaseC1EPKcNS_8PathTypeE)
    mbed::FileBase::~FileBase()              0x00003db9   Thumb Code    74  mbed/TARGET_KL25Z/TOOLCHAIN_ARM_STD/mbed.ar(FileBase.o)(i._ZN4mbed8FileBaseD1Ev)
    mbed::FileBase::~FileBase__sub_object()  0x00003db9   Thumb Code     0  mbed/TARGET_KL25Z/TOOLCHAIN_ARM_STD/mbed.ar(FileBase.o)(i._ZN4mbed8FileBaseD1Ev)
    mbed::FilePath::fileSystem()             0x00003e11   Thumb Code    32  mbed/TARGET_KL25Z/TOOLCHAIN_ARM_STD/mbed.ar(FilePath.o)(i._ZN4mbed8FilePath10fileSystemEv)
    mbed::FilePath::file()                   0x00003e31   Thumb Code    32  mbed/TARGET_KL25Z/TOOLCHAIN_ARM_STD/mbed.ar(FilePath.o)(i._ZN4mbed8FilePath4fileEv)
    mbed::FilePath::exists()                 0x00003e51   Thumb Code    10  mbed/TARGET_KL25Z/TOOLCHAIN_ARM_STD/mbed.ar(FilePath.o)(i._ZN4mbed8FilePath6existsEv)
    mbed::FilePath::isFile()                 0x00003e5b   Thumb Code    24  mbed/TARGET_KL25Z/TOOLCHAIN_ARM_STD/mbed.ar(FilePath.o)(i._ZN4mbed8FilePath6isFileEv)
    mbed::FilePath::fileName()               0x00003e73   Thumb Code     4  mbed/TARGET_KL25Z/TOOLCHAIN_ARM_STD/mbed.ar(FilePath.o)(i._ZN4mbed8FilePath8fileNameEv)
    mbed::FilePath::FilePath(const char*)    0x00003e77   Thumb Code    68  mbed/TARGET_KL25Z/TOOLCHAIN_ARM_STD/mbed.ar(FilePath.o)(i._ZN4mbed8FilePathC1EPKc)
    mbed::FilePath::FilePath__sub_object(const char*) 0x00003e77   Thumb Code     0  mbed/TARGET_KL25Z/TOOLCHAIN_ARM_STD/mbed.ar(FilePath.o)(i._ZN4mbed8FilePathC1EPKc)
    std::pow(float, float)                   0x00003ebb   Thumb Code    16  .\build\main.o(i._ZSt3powff)
    thunk{-48} to mbed::Serial::lock()       0x00003ecb   Thumb Code     2  mbed/TARGET_KL25Z/TOOLCHAIN_ARM_STD/mbed.ar(Serial.o)(i._ZThn48_N4mbed6Serial4lockEv)
    thunk{-48} to mbed::Serial::_putc(int)   0x00003ecd   Thumb Code    10  mbed/TARGET_KL25Z/TOOLCHAIN_ARM_STD/mbed.ar(Serial.o)(i._ZThn48_N4mbed6Serial5_putcEi)
    thunk{-48} to mbed::Serial::unlock()     0x00003ed7   Thumb Code     2  mbed/TARGET_KL25Z/TOOLCHAIN_ARM_STD/mbed.ar(Serial.o)(i._ZThn48_N4mbed6Serial6unlockEv)
    __ARM_common_ll_muluu                    0x00003ed9   Thumb Code    48  C:\Keil_v5\ARM\ARMCC\Bin\..\lib\armlib\c_p.l(btod.o)(i.__ARM_common_ll_muluu)
    __ARM_common_switch8                     0x00003f09   Thumb Code    28  .\build\monitor.o(i.__ARM_common_switch8)
    __ARM_fpclassify                         0x00003f25   Thumb Code    40  C:\Keil_v5\ARM\ARMCC\Bin\..\lib\armlib\m_ps.l(fpclassify.o)(i.__ARM_fpclassify)
    __ARM_fpclassifyf                        0x00003f51   Thumb Code    34  C:\Keil_v5\ARM\ARMCC\Bin\..\lib\armlib\m_ps.l(fpclassifyf.o)(i.__ARM_fpclassifyf)
    __aeabi_atexit                           0x00003f73   Thumb Code     4  mbed/TARGET_KL25Z/TOOLCHAIN_ARM_STD/mbed_retarget.o(i.__aeabi_atexit)
    __aeabi_vec_ctor_nocookie_nodtor         0x00003f77   Thumb Code    34  C:\Keil_v5\ARM\ARMCC\Bin\..\lib\cpplib\cpprt_p.l(aeabi_vec_ctor_nocookie_nodtor.o)(i.__aeabi_vec_ctor_nocookie_nodtor)
    __cxa_pure_virtual                       0x00003f99   Thumb Code    10  C:\Keil_v5\ARM\ARMCC\Bin\..\lib\cpplib\cpprt_p.l(pure_virt.o)(i.__cxa_pure_virtual)
    __mathlib_flt_divzero                    0x00003fa3   Thumb Code    14  C:\Keil_v5\ARM\ARMCC\Bin\..\lib\armlib\m_ps.l(funder.o)(i.__mathlib_flt_divzero)
    __mathlib_flt_infnan2                    0x00003fb1   Thumb Code     8  C:\Keil_v5\ARM\ARMCC\Bin\..\lib\armlib\m_ps.l(funder.o)(i.__mathlib_flt_infnan2)
    __mathlib_flt_invalid                    0x00003fb9   Thumb Code    12  C:\Keil_v5\ARM\ARMCC\Bin\..\lib\armlib\m_ps.l(funder.o)(i.__mathlib_flt_invalid)
    __mathlib_flt_overflow                   0x00003fc5   Thumb Code    14  C:\Keil_v5\ARM\ARMCC\Bin\..\lib\armlib\m_ps.l(funder.o)(i.__mathlib_flt_overflow)
    __mathlib_flt_underflow                  0x00003fd3   Thumb Code    14  C:\Keil_v5\ARM\ARMCC\Bin\..\lib\armlib\m_ps.l(funder.o)(i.__mathlib_flt_underflow)
    __user_setup_stackheap                   0x000040fd   Thumb Code     8  mbed/TARGET_KL25Z/TOOLCHAIN_ARM_STD/mbed_retarget.o(i.__user_setup_stackheap)
    _is_digit                                0x00004105   Thumb Code    14  C:\Keil_v5\ARM\ARMCC\Bin\..\lib\armlib\c_p.l(__printf_wp.o)(i._is_digit)
    _mbed_user_setup_stackheap               0x00004115   Thumb Code    10  mbed/TARGET_KL25Z/TOOLCHAIN_ARM_STD/mbed_retarget.o(i._mbed_user_setup_stackheap)
    _platform_post_stackheap_init            0x00004125   Thumb Code    24  mbed/TARGET_KL25Z/TOOLCHAIN_ARM_STD/mbed_sdk_boot.o(i._platform_post_stackheap_init)
    _sys_close                               0x00004145   Thumb Code    68  mbed/TARGET_KL25Z/TOOLCHAIN_ARM_STD/mbed_retarget.o(i._sys_close)
    _sys_flen                                0x0000418d   Thumb Code    70  mbed/TARGET_KL25Z/TOOLCHAIN_ARM_STD/mbed_retarget.o(i._sys_flen)
    _sys_istty                               0x000041d9   Thumb Code    58  mbed/TARGET_KL25Z/TOOLCHAIN_ARM_STD/mbed_retarget.o(i._sys_istty)
    _sys_open                                0x00004219   Thumb Code   500  mbed/TARGET_KL25Z/TOOLCHAIN_ARM_STD/mbed_retarget.o(i._sys_open)
    _sys_seek                                0x00004431   Thumb Code    70  mbed/TARGET_KL25Z/TOOLCHAIN_ARM_STD/mbed_retarget.o(i._sys_seek)
    _sys_write                               0x0000447d   Thumb Code   114  mbed/TARGET_KL25Z/TOOLCHAIN_ARM_STD/mbed_retarget.o(i._sys_write)
    analogin_init                            0x000044fd   Thumb Code   156  mbed/TARGET_KL25Z/TOOLCHAIN_ARM_STD/analogin_api.o(i.analogin_init)
    analogin_read                            0x000045cd   Thumb Code    34  mbed/TARGET_KL25Z/TOOLCHAIN_ARM_STD/analogin_api.o(i.analogin_read)
    chk_UART_msg                             0x000045f9   Thumb Code   192  .\build\monitor.o(i.chk_UART_msg)
    core_util_atomic_decr_u16                0x000046d9   Thumb Code    26  mbed/TARGET_KL25Z/TOOLCHAIN_ARM_STD/mbed.ar(mbed_critical.o)(i.core_util_atomic_decr_u16)
    core_util_atomic_incr_u16                0x000046f3   Thumb Code    26  mbed/TARGET_KL25Z/TOOLCHAIN_ARM_STD/mbed.ar(mbed_critical.o)(i.core_util_atomic_incr_u16)
    core_util_critical_section_enter         0x0000470d   Thumb Code    72  mbed/TARGET_KL25Z/TOOLCHAIN_ARM_STD/mbed.ar(mbed_critical.o)(i.core_util_critical_section_enter)
    core_util_critical_section_exit          0x00004799   Thumb Code    58  mbed/TARGET_KL25Z/TOOLCHAIN_ARM_STD/mbed.ar(mbed_critical.o)(i.core_util_critical_section_exit)
    error                                    0x000047f1   Thumb Code    38  mbed/TARGET_KL25Z/TOOLCHAIN_ARM_STD/mbed.ar(mbed_error.o)(i.error)
    exit                                     0x0000481d   Thumb Code    36  mbed/TARGET_KL25Z/TOOLCHAIN_ARM_STD/mbed_retarget.o(i.exit)
    fputc                                    0x00004849   Thumb Code    30  C:\Keil_v5\ARM\ARMCC\Bin\..\lib\armlib\c_p.l(fputc.o)(i.fputc)
    get_us_ticker_data                       0x00004869   Thumb Code     4  mbed/TARGET_KL25Z/TOOLCHAIN_ARM_STD/mbed.ar(mbed_us_ticker_api.o)(i.get_us_ticker_data)
    gpio_dir                                 0x00004871   Thumb Code    54  mbed/TARGET_KL25Z/TOOLCHAIN_ARM_STD/gpio_api.o(i.gpio_dir)
    gpio_init                                0x000048c5   Thumb Code    56  mbed/TARGET_KL25Z/TOOLCHAIN_ARM_STD/gpio_api.o(i.gpio_init)
    gpio_init_in                             0x00004901   Thumb Code    34  mbed/TARGET_KL25Z/TOOLCHAIN_ARM_STD/mbed.ar(mbed_gpio.o)(i.gpio_init_in)
    gpio_init_out                            0x00004925   Thumb Code    56  mbed/TARGET_KL25Z/TOOLCHAIN_ARM_STD/mbed.ar(mbed_gpio.o)(i.gpio_init_out)
    gpio_init_out_ex                         0x00004965   Thumb Code    66  mbed/TARGET_KL25Z/TOOLCHAIN_ARM_STD/mbed.ar(mbed_gpio.o)(i.gpio_init_out_ex)
    gpio_mode                                0x000049c5   Thumb Code    14  mbed/TARGET_KL25Z/TOOLCHAIN_ARM_STD/gpio_api.o(i.gpio_mode)
    $Super$$main                             0x00004b0d   Thumb Code   156  .\build\main.o(i.main)
    mbed_assert_internal                     0x00004c55   Thumb Code    30  mbed/TARGET_KL25Z/TOOLCHAIN_ARM_STD/mbed.ar(mbed_assert.o)(i.mbed_assert_internal)
    mbed_die                                 0x00004ca9   Thumb Code   164  mbed/TARGET_KL25Z/TOOLCHAIN_ARM_STD/mbed_board.o(i.mbed_die)
    mbed_error_printf                        0x00004d6d   Thumb Code    80  mbed/TARGET_KL25Z/TOOLCHAIN_ARM_STD/mbed_board.o(i.mbed_error_printf)
    mbed_error_vfprintf                      0x00004dc5   Thumb Code    72  mbed/TARGET_KL25Z/TOOLCHAIN_ARM_STD/mbed_board.o(i.mbed_error_vfprintf)
    mbed_interface_connected                 0x00004e15   Thumb Code     8  mbed/TARGET_KL25Z/TOOLCHAIN_ARM_STD/mbed.ar(mbed_interface.o)(i.mbed_interface_connected)
    mbed_main                                0x00004e1d   Thumb Code     2  mbed/TARGET_KL25Z/TOOLCHAIN_ARM_STD/mbed_sdk_boot.o(i.mbed_main)
    mbed_sdk_init                            0x00004e1f   Thumb Code     2  mbed/TARGET_KL25Z/TOOLCHAIN_ARM_STD/mbed_sdk_boot.o(i.mbed_sdk_init)
    monitor                                  0x00004e21   Thumb Code  1346  .\build\monitor.o(i.monitor)
    pin_function                             0x00005385   Thumb Code    68  mbed/TARGET_KL25Z/TOOLCHAIN_ARM_STD/pinmap.o(i.pin_function)
    pin_mode                                 0x000053e9   Thumb Code    36  mbed/TARGET_KL25Z/TOOLCHAIN_ARM_STD/pinmap.o(i.pin_mode)
    pinmap_merge                             0x00005429   Thumb Code    30  mbed/TARGET_KL25Z/TOOLCHAIN_ARM_STD/mbed.ar(mbed_pinmap_common.o)(i.pinmap_merge)
    pinmap_peripheral                        0x0000545d   Thumb Code    60  mbed/TARGET_KL25Z/TOOLCHAIN_ARM_STD/mbed.ar(mbed_pinmap_common.o)(i.pinmap_peripheral)
    pinmap_pinout                            0x000054b9   Thumb Code    62  mbed/TARGET_KL25Z/TOOLCHAIN_ARM_STD/mbed.ar(mbed_pinmap_common.o)(i.pinmap_pinout)
    __mathlib_powf                           0x0000550d   Thumb Code     0  C:\Keil_v5\ARM\ARMCC\Bin\..\lib\armlib\m_ps.l(powf.o)(i.powf)
    powf                                     0x0000550d   Thumb Code  1538  C:\Keil_v5\ARM\ARMCC\Bin\..\lib\armlib\m_ps.l(powf.o)(i.powf)
    pwmout_init                              0x00005b2d   Thumb Code   486  mbed/TARGET_KL25Z/TOOLCHAIN_ARM_STD/pwmout_api.o(i.pwmout_init)
    pwmout_period_us                         0x00005d61   Thumb Code   132  mbed/TARGET_KL25Z/TOOLCHAIN_ARM_STD/pwmout_api.o(i.pwmout_period_us)
    pwmout_pulsewidth                        0x00005ded   Thumb Code    40  mbed/TARGET_KL25Z/TOOLCHAIN_ARM_STD/pwmout_api.o(i.pwmout_pulsewidth)
    semihost_connected                       0x00005efd   Thumb Code     6  mbed/TARGET_KL25Z/TOOLCHAIN_ARM_STD/mbed.ar(mbed_semihost_api.o)(i.semihost_connected)
    semihost_exit                            0x00005f09   Thumb Code    12  mbed/TARGET_KL25Z/TOOLCHAIN_ARM_STD/mbed.ar(mbed_semihost_api.o)(i.semihost_exit)
    serial                                   0x00005f15   Thumb Code   232  .\build\uart_poll.o(i.serial)
    serial_baud                              0x00006025   Thumb Code   352  mbed/TARGET_KL25Z/TOOLCHAIN_ARM_STD/serial_api.o(i.serial_baud)
    serial_format                            0x000061a5   Thumb Code   148  mbed/TARGET_KL25Z/TOOLCHAIN_ARM_STD/serial_api.o(i.serial_format)
    serial_init                              0x00006279   Thumb Code   332  mbed/TARGET_KL25Z/TOOLCHAIN_ARM_STD/serial_api.o(i.serial_init)
    serial_irq_handler                       0x00006405   Thumb Code    14  mbed/TARGET_KL25Z/TOOLCHAIN_ARM_STD/serial_api.o(i.serial_irq_handler)
    serial_irq_set                           0x0000641d   Thumb Code   184  mbed/TARGET_KL25Z/TOOLCHAIN_ARM_STD/serial_api.o(i.serial_irq_set)
    serial_putc                              0x000064f1   Thumb Code    36  mbed/TARGET_KL25Z/TOOLCHAIN_ARM_STD/serial_api.o(i.serial_putc)
    set_display_mode                         0x00006515   Thumb Code    46  .\build\monitor.o(i.set_display_mode)
    sleep_manager_lock_deep_sleep            0x000065d1   Thumb Code    40  mbed/TARGET_KL25Z/TOOLCHAIN_ARM_STD/mbed.ar(mbed_sleep_manager.o)(i.sleep_manager_lock_deep_sleep)
    sleep_manager_unlock_deep_sleep          0x00006631   Thumb Code    38  mbed/TARGET_KL25Z/TOOLCHAIN_ARM_STD/mbed.ar(mbed_sleep_manager.o)(i.sleep_manager_unlock_deep_sleep)
    spi_format                               0x00006685   Thumb Code    84  mbed/TARGET_KL25Z/TOOLCHAIN_ARM_STD/spi_api.o(i.spi_format)
    spi_frequency                            0x00006705   Thumb Code   130  mbed/TARGET_KL25Z/TOOLCHAIN_ARM_STD/spi_api.o(i.spi_frequency)
    spi_init                                 0x00006791   Thumb Code   198  mbed/TARGET_KL25Z/TOOLCHAIN_ARM_STD/spi_api.o(i.spi_init)
    spi_master_write                         0x00006889   Thumb Code    22  mbed/TARGET_KL25Z/TOOLCHAIN_ARM_STD/spi_api.o(i.spi_master_write)
    ticker_insert_event_us                   0x0000689f   Thumb Code    92  mbed/TARGET_KL25Z/TOOLCHAIN_ARM_STD/mbed.ar(mbed_ticker_api.o)(i.ticker_insert_event_us)
    ticker_irq_handler                       0x000068fb   Thumb Code    68  mbed/TARGET_KL25Z/TOOLCHAIN_ARM_STD/mbed.ar(mbed_ticker_api.o)(i.ticker_irq_handler)
    ticker_read                              0x0000693f   Thumb Code    20  mbed/TARGET_KL25Z/TOOLCHAIN_ARM_STD/mbed.ar(mbed_ticker_api.o)(i.ticker_read)
    ticker_remove_event                      0x00006953   Thumb Code    56  mbed/TARGET_KL25Z/TOOLCHAIN_ARM_STD/mbed.ar(mbed_ticker_api.o)(i.ticker_remove_event)
    ticker_set_handler                       0x0000698b   Thumb Code    16  mbed/TARGET_KL25Z/TOOLCHAIN_ARM_STD/mbed.ar(mbed_ticker_api.o)(i.ticker_set_handler)
    uart0_irq                                0x0000699d   Thumb Code    54  mbed/TARGET_KL25Z/TOOLCHAIN_ARM_STD/serial_api.o(i.uart0_irq)
    uart1_irq                                0x000069e1   Thumb Code    40  mbed/TARGET_KL25Z/TOOLCHAIN_ARM_STD/serial_api.o(i.uart1_irq)
    uart2_irq                                0x00006a15   Thumb Code    40  mbed/TARGET_KL25Z/TOOLCHAIN_ARM_STD/serial_api.o(i.uart2_irq)
    us_ticker_clear_interrupt                0x00006b41   Thumb Code     2  mbed/TARGET_KL25Z/TOOLCHAIN_ARM_STD/us_ticker.o(i.us_ticker_clear_interrupt)
    us_ticker_disable_interrupt              0x00006b45   Thumb Code    12  mbed/TARGET_KL25Z/TOOLCHAIN_ARM_STD/us_ticker.o(i.us_ticker_disable_interrupt)
    us_ticker_fire_interrupt                 0x00006b55   Thumb Code    10  mbed/TARGET_KL25Z/TOOLCHAIN_ARM_STD/us_ticker.o(i.us_ticker_fire_interrupt)
    us_ticker_get_info                       0x00006b65   Thumb Code     4  mbed/TARGET_KL25Z/TOOLCHAIN_ARM_STD/mbed_retarget.o(i.us_ticker_get_info)
    us_ticker_init                           0x00006b6d   Thumb Code   392  mbed/TARGET_KL25Z/TOOLCHAIN_ARM_STD/us_ticker.o(i.us_ticker_init)
    us_ticker_irq_handler                    0x00006d31   Thumb Code    14  mbed/TARGET_KL25Z/TOOLCHAIN_ARM_STD/mbed.ar(mbed_us_ticker_api.o)(i.us_ticker_irq_handler)
    us_ticker_read                           0x00006d49   Thumb Code    22  mbed/TARGET_KL25Z/TOOLCHAIN_ARM_STD/us_ticker.o(i.us_ticker_read)
    us_ticker_set_interrupt                  0x00006d69   Thumb Code    88  mbed/TARGET_KL25Z/TOOLCHAIN_ARM_STD/us_ticker.o(i.us_ticker_set_interrupt)
    wait_ms                                  0x00006dd1   Thumb Code    36  mbed/TARGET_KL25Z/TOOLCHAIN_ARM_STD/mbed.ar(mbed_wait_api_no_rtos.o)(i.wait_ms)
    _get_lc_numeric                          0x00006df5   Thumb Code    44  C:\Keil_v5\ARM\ARMCC\Bin\..\lib\armlib\c_p.l(lc_numeric_c.o)(locale$$code)
    _get_lc_ctype                            0x00006e21   Thumb Code    44  C:\Keil_v5\ARM\ARMCC\Bin\..\lib\armlib\c_p.l(lc_ctype_c.o)(locale$$code)
    SingletonPtr<PlatformMutex>::operator ->() 0x00006e4d   Thumb Code    36  mbed/TARGET_KL25Z/TOOLCHAIN_ARM_STD/mbed.ar(FileBase.o)(t._ZN12SingletonPtrI13PlatformMutexEptEv)
    void mbed::Callback<void()>::function_call<void(*)()>(const void*) 0x00006e79   Thumb Code    10  .\build\main.o(t._ZN4mbed8CallbackIFvvEE13function_callIPS1_EEvPKv)
    void mbed::Callback<void()>::function_dtor<void(*)()>(void*) 0x00006e83   Thumb Code     2  .\build\main.o(t._ZN4mbed8CallbackIFvvEE13function_dtorIPS1_EEvPv)
    void mbed::Callback<void()>::function_move<void(*)()>(void*, const void*) 0x00006e85   Thumb Code    14  .\build\main.o(t._ZN4mbed8CallbackIFvvEE13function_moveIPS1_EEvPvPKv)
    mbed::Callback<void()>::~Callback()      0x00006e93   Thumb Code    20  mbed/TARGET_KL25Z/TOOLCHAIN_ARM_STD/mbed.ar(SerialBase.o)(t._ZN4mbed8CallbackIFvvEED1Ev)
    mbed::Callback<void()>::~Callback__sub_object() 0x00006e93   Thumb Code     0  mbed/TARGET_KL25Z/TOOLCHAIN_ARM_STD/mbed.ar(SerialBase.o)(t._ZN4mbed8CallbackIFvvEED1Ev)
    __aeabi_fadd                             0x00006ea9   Thumb Code     0  C:\Keil_v5\ARM\ARMCC\Bin\..\lib\armlib\fz_ps.l(faddsub.o)(x$fpl$fadd)
    _fadd                                    0x00006ea9   Thumb Code   134  C:\Keil_v5\ARM\ARMCC\Bin\..\lib\armlib\fz_ps.l(faddsub.o)(x$fpl$fadd)
    __aeabi_fmul                             0x00006f35   Thumb Code     0  C:\Keil_v5\ARM\ARMCC\Bin\..\lib\armlib\fz_ps.l(fmul.o)(x$fpl$fmul)
    _fmul                                    0x00006f35   Thumb Code   172  C:\Keil_v5\ARM\ARMCC\Bin\..\lib\armlib\fz_ps.l(fmul.o)(x$fpl$fmul)
    __aeabi_cfrcmple                         0x00006fe5   Thumb Code     0  C:\Keil_v5\ARM\ARMCC\Bin\..\lib\armlib\fz_ps.l(frlef.o)(x$fpl$frleqf)
    _frcmple                                 0x00006fe5   Thumb Code    84  C:\Keil_v5\ARM\ARMCC\Bin\..\lib\armlib\fz_ps.l(frlef.o)(x$fpl$frleqf)
    __aeabi_frsub                            0x0000703d   Thumb Code     0  C:\Keil_v5\ARM\ARMCC\Bin\..\lib\armlib\fz_ps.l(faddsub.o)(x$fpl$frsb)
    _frsb                                    0x0000703d   Thumb Code    24  C:\Keil_v5\ARM\ARMCC\Bin\..\lib\armlib\fz_ps.l(faddsub.o)(x$fpl$frsb)
    __aeabi_fsub                             0x00007055   Thumb Code     0  C:\Keil_v5\ARM\ARMCC\Bin\..\lib\armlib\fz_ps.l(faddsub.o)(x$fpl$fsub)
    _fsub                                    0x00007055   Thumb Code   204  C:\Keil_v5\ARM\ARMCC\Bin\..\lib\armlib\fz_ps.l(faddsub.o)(x$fpl$fsub)
    _printf_fp_dec                           0x00007125   Thumb Code    16  C:\Keil_v5\ARM\ARMCC\Bin\..\lib\armlib\fz_ps.l(printf1.o)(x$fpl$printf1)
    _printf_fp_hex                           0x00007135   Thumb Code    16  C:\Keil_v5\ARM\ARMCC\Bin\..\lib\armlib\fz_ps.l(printf2.o)(x$fpl$printf2)
    __I$use$fp                               0x00007144   Number         0  C:\Keil_v5\ARM\ARMCC\Bin\..\lib\armlib\fz_ps.l(usenofp.o)(x$fpl$usenofp)
    __stdin_name                             0x00007144   Data           7  mbed/TARGET_KL25Z/TOOLCHAIN_ARM_STD/mbed_retarget.o(.constdata)
    __stdout_name                            0x0000714b   Data           8  mbed/TARGET_KL25Z/TOOLCHAIN_ARM_STD/mbed_retarget.o(.constdata)
    __stderr_name                            0x00007153   Data           8  mbed/TARGET_KL25Z/TOOLCHAIN_ARM_STD/mbed_retarget.o(.constdata)
    PinMap_ADC                               0x0000716c   Data         204  mbed/TARGET_KL25Z/TOOLCHAIN_ARM_STD/PeripheralPins.o(.constdata)
    PinMap_UART_TX                           0x00007238   Data         108  mbed/TARGET_KL25Z/TOOLCHAIN_ARM_STD/PeripheralPins.o(.constdata)
    PinMap_UART_RX                           0x000072a4   Data         108  mbed/TARGET_KL25Z/TOOLCHAIN_ARM_STD/PeripheralPins.o(.constdata)
    PinMap_SPI_SCLK                          0x00007310   Data          84  mbed/TARGET_KL25Z/TOOLCHAIN_ARM_STD/PeripheralPins.o(.constdata)
    PinMap_SPI_MOSI                          0x00007364   Data         156  mbed/TARGET_KL25Z/TOOLCHAIN_ARM_STD/PeripheralPins.o(.constdata)
    PinMap_SPI_MISO                          0x00007400   Data         156  mbed/TARGET_KL25Z/TOOLCHAIN_ARM_STD/PeripheralPins.o(.constdata)
    PinMap_SPI_SSEL                          0x0000749c   Data          84  mbed/TARGET_KL25Z/TOOLCHAIN_ARM_STD/PeripheralPins.o(.constdata)
    PinMap_PWM                               0x000074f0   Data         444  mbed/TARGET_KL25Z/TOOLCHAIN_ARM_STD/PeripheralPins.o(.constdata)
    vtable for mbed::FileHandle              0x0000794c   Data          76  mbed/TARGET_KL25Z/TOOLCHAIN_ARM_STD/mbed.ar(FileHandle.o)(.constdata__ZTVN4mbed10FileHandleE)
    vtable for mbed::SerialBase              0x00007998   Data          24  mbed/TARGET_KL25Z/TOOLCHAIN_ARM_STD/mbed.ar(SerialBase.o)(.constdata__ZTVN4mbed10SerialBaseE)
    vtable for mbed::TimerEvent              0x000079b0   Data          20  mbed/TARGET_KL25Z/TOOLCHAIN_ARM_STD/mbed.ar(TimerEvent.o)(.constdata__ZTVN4mbed10TimerEventE)
    vtable for mbed::SPI                     0x000079c4   Data          32  mbed/TARGET_KL25Z/TOOLCHAIN_ARM_STD/mbed.ar(SPI.o)(.constdata__ZTVN4mbed3SPIE)
    vtable for mbed::Serial                  0x000079e4   Data         140  mbed/TARGET_KL25Z/TOOLCHAIN_ARM_STD/mbed.ar(Serial.o)(.constdata__ZTVN4mbed6SerialE)
    vtable for mbed::Stream                  0x00007a70   Data         108  mbed/TARGET_KL25Z/TOOLCHAIN_ARM_STD/mbed.ar(Stream.o)(.constdata__ZTVN4mbed6StreamE)
    vtable for mbed::Ticker                  0x00007adc   Data          20  mbed/TARGET_KL25Z/TOOLCHAIN_ARM_STD/mbed.ar(Ticker.o)(.constdata__ZTVN4mbed6TickerE)
    vtable for mbed::AnalogIn                0x00007af0   Data          24  .\build\main.o(.constdata__ZTVN4mbed8AnalogInE)
    vtable for mbed::FileBase                0x00007b08   Data          16  mbed/TARGET_KL25Z/TOOLCHAIN_ARM_STD/mbed.ar(FileBase.o)(.constdata__ZTVN4mbed8FileBaseE)
    SingletonPtr<PlatformMutex>::get()::string 0x00007b18   Data          20  mbed/TARGET_KL25Z/TOOLCHAIN_ARM_STD/mbed_retarget.o(.constdata__ZZN12SingletonPtrI13PlatformMutexE3getEvEs)
    SingletonPtr<PlatformMutex>::get()::string (instance 2) 0x00007b2c   Data          89  mbed/TARGET_KL25Z/TOOLCHAIN_ARM_STD/mbed_retarget.o(.constdata__ZZN12SingletonPtrI13PlatformMutexE3getEvEs_0)
    void mbed::Callback<void()>::generate<void(*)()>(const T1&)::ops 0x00007b88   Data          12  .\build\main.o(.constdata__ZZN4mbed8CallbackIFvvEE8generateIPS1_EEvRKT_E3ops)
    Region$$Table$$Base                      0x00007f84   Number         0  anon$$obj.o(Region$$Table)
    Region$$Table$$Limit                     0x00007fa4   Number         0  anon$$obj.o(Region$$Table)
    __ctype                                  0x00007fcd   Data           0  C:\Keil_v5\ARM\ARMCC\Bin\..\lib\armlib\c_p.l(lc_ctype_c.o)(locale$$data)
    SHT$$INIT_ARRAY$$Base                    0x000080d0   Number         0  .\build\main.o(.init_array)
    SHT$$INIT_ARRAY$$Limit                   0x000080d4   Number         0  C:\Keil_v5\ARM\ARMCC\Bin\..\lib\armlib\c_p.l(init_aeabi.o)(.init_array)
    stdio_uart_inited                        0x1ffff0d4   Data           4  mbed/TARGET_KL25Z/TOOLCHAIN_ARM_STD/serial_api.o(.data)
    stdio_uart                               0x1ffff0dc   Data           8  mbed/TARGET_KL25Z/TOOLCHAIN_ARM_STD/serial_api.o(.data)
    SystemCoreClock                          0x1ffff0e4   Data           4  mbed/TARGET_KL25Z/TOOLCHAIN_ARM_STD/system_MKL25Z4.o(.data)
    display_mode                             0x1ffff0f4   Data           1  .\build\main.o(.data)
    serial_flag                              0x1ffff0f5   Data           1  .\build\main.o(.data)
    tx_in_progress                           0x1ffff0f6   Data           1  .\build\main.o(.data)
    rx_in_ptr                                0x1ffff0f8   Data           4  .\build\main.o(.data)
    rx_out_ptr                               0x1ffff0fc   Data           4  .\build\main.o(.data)
    tx_in_ptr                                0x1ffff100   Data           4  .\build\main.o(.data)
    tx_out_ptr                               0x1ffff104   Data           4  .\build\main.o(.data)
    msg_buf_idx                              0x1ffff108   Data           1  .\build\main.o(.data)
    vrefl_adc                                0x1ffff10c   Data           8  .\build\main.o(.data)
    vortex_adc                               0x1ffff114   Data           8  .\build\main.o(.data)
    temp_adc                                 0x1ffff11c   Data           8  .\build\main.o(.data)
    frequency                                0x1ffff124   Data           4  .\build\main.o(.data)
    flow_rate                                0x1ffff128   Data           4  .\build\main.o(.data)
    velocity                                 0x1ffff12c   Data           4  .\build\main.o(.data)
    temperature                              0x1ffff130   Data           4  .\build\main.o(.data)
    swtimer0                                 0x1ffff13c   Data           1  .\build\timer0.o(.data)
    swtimer1                                 0x1ffff13d   Data           1  .\build\timer0.o(.data)
    swtimer2                                 0x1ffff13e   Data           1  .\build\timer0.o(.data)
    swtimer3                                 0x1ffff13f   Data           1  .\build\timer0.o(.data)
    swtimer4                                 0x1ffff140   Data           1  .\build\timer0.o(.data)
    swtimer5                                 0x1ffff141   Data           1  .\build\timer0.o(.data)
    swtimer6                                 0x1ffff142   Data           1  .\build\timer0.o(.data)
    swtimer7                                 0x1ffff143   Data           1  .\build\timer0.o(.data)
    SwTimerIsrCounter                        0x1ffff144   Data           2  .\build\timer0.o(.data)
    display_timer                            0x1ffff146   Data           1  .\build\timer0.o(.data)
    display_flag                             0x1ffff147   Data           1  .\build\timer0.o(.data)
    error_count                              0x1ffff150   Data           1  .\build\uart_poll.o(.data)
    mbed::AnalogIn::_mutex                   0x1ffff154   Data           8  mbed/TARGET_KL25Z/TOOLCHAIN_ARM_STD/mbed.ar(AnalogIn.o)(.data)
    mbed::SPI::_owner                        0x1ffff15c   Data           4  mbed/TARGET_KL25Z/TOOLCHAIN_ARM_STD/mbed.ar(SPI.o)(.data)
    mbed::SPI::_mutex                        0x1ffff160   Data           8  mbed/TARGET_KL25Z/TOOLCHAIN_ARM_STD/mbed.ar(SPI.o)(.data)
    mbed::FileBase::_head                    0x1ffff180   Data           4  mbed/TARGET_KL25Z/TOOLCHAIN_ARM_STD/mbed.ar(FileBase.o)(.data)
    mbed::FileBase::_mutex                   0x1ffff184   Data           8  mbed/TARGET_KL25Z/TOOLCHAIN_ARM_STD/mbed.ar(FileBase.o)(.data)
    __aeabi_stdin                            0x1ffff18c   Data           4  C:\Keil_v5\ARM\ARMCC\Bin\..\lib\armlib\c_p.l(stdio_streams.o)(.data)
    __aeabi_stdout                           0x1ffff190   Data           4  C:\Keil_v5\ARM\ARMCC\Bin\..\lib\armlib\c_p.l(stdio_streams.o)(.data)
    __aeabi_stderr                           0x1ffff194   Data           4  C:\Keil_v5\ARM\ARMCC\Bin\..\lib\armlib\c_p.l(stdio_streams.o)(.data)
    rx_buf                                   0x1ffff2f0   Data          10  .\build\main.o(.bss)
    tx_buf                                   0x1ffff2fa   Data          40  .\build\main.o(.bss)
    msg_buf                                  0x1ffff322   Data          10  .\build\main.o(.bss)
    tick                                     0x1ffff330   Data          64  .\build\main.o(.bss)
    greenLED                                 0x1ffff370   Data          24  .\build\main.o(.bss)
    redLED                                   0x1ffff388   Data          24  .\build\main.o(.bss)
    blueLED                                  0x1ffff3a0   Data          24  .\build\main.o(.bss)
    pwm3                                     0x1ffff3b8   Data          16  .\build\main.o(.bss)
    pwm4                                     0x1ffff3c8   Data          16  .\build\main.o(.bss)
    lcd_out                                  0x1ffff3d8   Data          24  .\build\main.o(.bss)
    pc                                       0x1ffff3f0   Data          76  .\build\main.o(.bss)
    __stdin                                  0x1ffff484   Data          84  C:\Keil_v5\ARM\ARMCC\Bin\..\lib\armlib\c_p.l(stdio_streams.o)(.bss)
    __stdout                                 0x1ffff4d8   Data          84  C:\Keil_v5\ARM\ARMCC\Bin\..\lib\armlib\c_p.l(stdio_streams.o)(.bss)
    __stderr                                 0x1ffff52c   Data          84  C:\Keil_v5\ARM\ARMCC\Bin\..\lib\armlib\c_p.l(stdio_streams.o)(.bss)
    Image$$RW_IRAM1$$ZI$$Limit               0x1ffff598   Number         0  anon$$obj.o ABSOLUTE



==============================================================================

Memory Map of the image

  Image Entry point : 0x000000c1

  Load Region LR_IROM1 (Base: 0x00000000, Size: 0x000081b0, Max: 0x00020000, ABSOLUTE)

    Execution Region ER_IROM1 (Exec base: 0x00000000, Load base: 0x00000000, Size: 0x000080d4, Max: 0x00020000, ABSOLUTE)

    Exec Addr    Load Addr    Size         Type   Attr      Idx    E Section Name        Object

    0x00000000   0x00000000   0x000000c0   Data   RO          439    RESET               mbed/TARGET_KL25Z/TOOLCHAIN_ARM_STD/startup_MKL25Z4.o
    0x000000c0   0x000000c0   0x00000008   Code   RO         2285  * !!!main             C:\Keil_v5\ARM\ARMCC\Bin\..\lib\armlib\c_p.l(__main.o)
    0x000000c8   0x000000c8   0x0000003c   Code   RO         3035    !!!scatter          C:\Keil_v5\ARM\ARMCC\Bin\..\lib\armlib\c_p.l(__scatter.o)
    0x00000104   0x00000104   0x0000001a   Code   RO         3037    !!handler_copy      C:\Keil_v5\ARM\ARMCC\Bin\..\lib\armlib\c_p.l(__scatter_copy.o)
    0x0000011e   0x0000011e   0x00000002   PAD
    0x00000120   0x00000120   0x0000001c   Code   RO         3039    !!handler_zi        C:\Keil_v5\ARM\ARMCC\Bin\..\lib\armlib\c_p.l(__scatter_zi.o)
    0x0000013c   0x0000013c   0x00000002   Code   RO         2569    .ARM.Collect$$_printf_percent$$00000000  C:\Keil_v5\ARM\ARMCC\Bin\..\lib\armlib\c_p.l(_printf_percent.o)
    0x0000013e   0x0000013e   0x0000000a   Code   RO         2558    .ARM.Collect$$_printf_percent$$00000001  C:\Keil_v5\ARM\ARMCC\Bin\..\lib\armlib\c_p.l(_printf_n.o)
    0x00000148   0x00000148   0x0000000a   Code   RO         2560    .ARM.Collect$$_printf_percent$$00000002  C:\Keil_v5\ARM\ARMCC\Bin\..\lib\armlib\c_p.l(_printf_p.o)
    0x00000152   0x00000152   0x0000000a   Code   RO         2565    .ARM.Collect$$_printf_percent$$00000003  C:\Keil_v5\ARM\ARMCC\Bin\..\lib\armlib\c_p.l(_printf_f.o)
    0x0000015c   0x0000015c   0x0000000a   Code   RO         2566    .ARM.Collect$$_printf_percent$$00000004  C:\Keil_v5\ARM\ARMCC\Bin\..\lib\armlib\c_p.l(_printf_e.o)
    0x00000166   0x00000166   0x0000000a   Code   RO         2567    .ARM.Collect$$_printf_percent$$00000005  C:\Keil_v5\ARM\ARMCC\Bin\..\lib\armlib\c_p.l(_printf_g.o)
    0x00000170   0x00000170   0x0000000a   Code   RO         2568    .ARM.Collect$$_printf_percent$$00000006  C:\Keil_v5\ARM\ARMCC\Bin\..\lib\armlib\c_p.l(_printf_a.o)
    0x0000017a   0x0000017a   0x0000000a   Code   RO         2573    .ARM.Collect$$_printf_percent$$00000007  C:\Keil_v5\ARM\ARMCC\Bin\..\lib\armlib\c_p.l(_printf_ll.o)
    0x00000184   0x00000184   0x0000000a   Code   RO         2562    .ARM.Collect$$_printf_percent$$00000008  C:\Keil_v5\ARM\ARMCC\Bin\..\lib\armlib\c_p.l(_printf_i.o)
    0x0000018e   0x0000018e   0x0000000a   Code   RO         2563    .ARM.Collect$$_printf_percent$$00000009  C:\Keil_v5\ARM\ARMCC\Bin\..\lib\armlib\c_p.l(_printf_d.o)
    0x00000198   0x00000198   0x0000000a   Code   RO         2564    .ARM.Collect$$_printf_percent$$0000000A  C:\Keil_v5\ARM\ARMCC\Bin\..\lib\armlib\c_p.l(_printf_u.o)
    0x000001a2   0x000001a2   0x0000000a   Code   RO         2561    .ARM.Collect$$_printf_percent$$0000000B  C:\Keil_v5\ARM\ARMCC\Bin\..\lib\armlib\c_p.l(_printf_o.o)
    0x000001ac   0x000001ac   0x0000000a   Code   RO         2559    .ARM.Collect$$_printf_percent$$0000000C  C:\Keil_v5\ARM\ARMCC\Bin\..\lib\armlib\c_p.l(_printf_x.o)
    0x000001b6   0x000001b6   0x0000000a   Code   RO         2570    .ARM.Collect$$_printf_percent$$0000000D  C:\Keil_v5\ARM\ARMCC\Bin\..\lib\armlib\c_p.l(_printf_lli.o)
    0x000001c0   0x000001c0   0x0000000a   Code   RO         2571    .ARM.Collect$$_printf_percent$$0000000E  C:\Keil_v5\ARM\ARMCC\Bin\..\lib\armlib\c_p.l(_printf_lld.o)
    0x000001ca   0x000001ca   0x0000000a   Code   RO         2572    .ARM.Collect$$_printf_percent$$0000000F  C:\Keil_v5\ARM\ARMCC\Bin\..\lib\armlib\c_p.l(_printf_llu.o)
    0x000001d4   0x000001d4   0x0000000a   Code   RO         2577    .ARM.Collect$$_printf_percent$$00000010  C:\Keil_v5\ARM\ARMCC\Bin\..\lib\armlib\c_p.l(_printf_llo.o)
    0x000001de   0x000001de   0x0000000a   Code   RO         2578    .ARM.Collect$$_printf_percent$$00000011  C:\Keil_v5\ARM\ARMCC\Bin\..\lib\armlib\c_p.l(_printf_llx.o)
    0x000001e8   0x000001e8   0x0000000a   Code   RO         2574    .ARM.Collect$$_printf_percent$$00000012  C:\Keil_v5\ARM\ARMCC\Bin\..\lib\armlib\c_p.l(_printf_l.o)
    0x000001f2   0x000001f2   0x0000000a   Code   RO         2556    .ARM.Collect$$_printf_percent$$00000013  C:\Keil_v5\ARM\ARMCC\Bin\..\lib\armlib\c_p.l(_printf_c.o)
    0x000001fc   0x000001fc   0x0000000a   Code   RO         2557    .ARM.Collect$$_printf_percent$$00000014  C:\Keil_v5\ARM\ARMCC\Bin\..\lib\armlib\c_p.l(_printf_s.o)
    0x00000206   0x00000206   0x0000000a   Code   RO         2575    .ARM.Collect$$_printf_percent$$00000015  C:\Keil_v5\ARM\ARMCC\Bin\..\lib\armlib\c_p.l(_printf_lc.o)
    0x00000210   0x00000210   0x0000000a   Code   RO         2576    .ARM.Collect$$_printf_percent$$00000016  C:\Keil_v5\ARM\ARMCC\Bin\..\lib\armlib\c_p.l(_printf_ls.o)
    0x0000021a   0x0000021a   0x00000004   Code   RO         2768    .ARM.Collect$$_printf_percent$$00000017  C:\Keil_v5\ARM\ARMCC\Bin\..\lib\armlib\c_p.l(_printf_percent_end.o)
    0x0000021e   0x0000021e   0x00000002   Code   RO         2919    .ARM.Collect$$libinit$$00000000  C:\Keil_v5\ARM\ARMCC\Bin\..\lib\armlib\c_p.l(libinit.o)
    0x00000220   0x00000220   0x00000000   Code   RO         2625    .ARM.Collect$$libinit$$00000002  C:\Keil_v5\ARM\ARMCC\Bin\..\lib\armlib\c_p.l(libinit2.o)
    0x00000220   0x00000220   0x00000000   Code   RO         2627    .ARM.Collect$$libinit$$00000004  C:\Keil_v5\ARM\ARMCC\Bin\..\lib\armlib\c_p.l(libinit2.o)
    0x00000220   0x00000220   0x00000008   Code   RO         2628    .ARM.Collect$$libinit$$00000005  C:\Keil_v5\ARM\ARMCC\Bin\..\lib\armlib\c_p.l(libinit2.o)
    0x00000228   0x00000228   0x00000000   Code   RO         2630    .ARM.Collect$$libinit$$0000000A  C:\Keil_v5\ARM\ARMCC\Bin\..\lib\armlib\c_p.l(libinit2.o)
    0x00000228   0x00000228   0x00000000   Code   RO         2632    .ARM.Collect$$libinit$$0000000C  C:\Keil_v5\ARM\ARMCC\Bin\..\lib\armlib\c_p.l(libinit2.o)
    0x00000228   0x00000228   0x00000000   Code   RO         2634    .ARM.Collect$$libinit$$0000000E  C:\Keil_v5\ARM\ARMCC\Bin\..\lib\armlib\c_p.l(libinit2.o)
    0x00000228   0x00000228   0x00000006   Code   RO         2635    .ARM.Collect$$libinit$$0000000F  C:\Keil_v5\ARM\ARMCC\Bin\..\lib\armlib\c_p.l(libinit2.o)
    0x0000022e   0x0000022e   0x00000000   Code   RO         2637    .ARM.Collect$$libinit$$00000011  C:\Keil_v5\ARM\ARMCC\Bin\..\lib\armlib\c_p.l(libinit2.o)
    0x0000022e   0x0000022e   0x0000000c   Code   RO         2638    .ARM.Collect$$libinit$$00000012  C:\Keil_v5\ARM\ARMCC\Bin\..\lib\armlib\c_p.l(libinit2.o)
    0x0000023a   0x0000023a   0x00000000   Code   RO         2639    .ARM.Collect$$libinit$$00000013  C:\Keil_v5\ARM\ARMCC\Bin\..\lib\armlib\c_p.l(libinit2.o)
    0x0000023a   0x0000023a   0x00000000   Code   RO         2641    .ARM.Collect$$libinit$$00000015  C:\Keil_v5\ARM\ARMCC\Bin\..\lib\armlib\c_p.l(libinit2.o)
    0x0000023a   0x0000023a   0x0000000a   Code   RO         2642    .ARM.Collect$$libinit$$00000016  C:\Keil_v5\ARM\ARMCC\Bin\..\lib\armlib\c_p.l(libinit2.o)
    0x00000244   0x00000244   0x00000000   Code   RO         2643    .ARM.Collect$$libinit$$00000017  C:\Keil_v5\ARM\ARMCC\Bin\..\lib\armlib\c_p.l(libinit2.o)
    0x00000244   0x00000244   0x00000000   Code   RO         2645    .ARM.Collect$$libinit$$00000019  C:\Keil_v5\ARM\ARMCC\Bin\..\lib\armlib\c_p.l(libinit2.o)
    0x00000244   0x00000244   0x00000000   Code   RO         2647    .ARM.Collect$$libinit$$0000001B  C:\Keil_v5\ARM\ARMCC\Bin\..\lib\armlib\c_p.l(libinit2.o)
    0x00000244   0x00000244   0x00000000   Code   RO         2649    .ARM.Collect$$libinit$$0000001D  C:\Keil_v5\ARM\ARMCC\Bin\..\lib\armlib\c_p.l(libinit2.o)
    0x00000244   0x00000244   0x00000000   Code   RO         2651    .ARM.Collect$$libinit$$0000001F  C:\Keil_v5\ARM\ARMCC\Bin\..\lib\armlib\c_p.l(libinit2.o)
    0x00000244   0x00000244   0x00000000   Code   RO         2653    .ARM.Collect$$libinit$$00000021  C:\Keil_v5\ARM\ARMCC\Bin\..\lib\armlib\c_p.l(libinit2.o)
    0x00000244   0x00000244   0x00000000   Code   RO         2655    .ARM.Collect$$libinit$$00000023  C:\Keil_v5\ARM\ARMCC\Bin\..\lib\armlib\c_p.l(libinit2.o)
    0x00000244   0x00000244   0x00000004   Code   RO         2656    .ARM.Collect$$libinit$$00000024  C:\Keil_v5\ARM\ARMCC\Bin\..\lib\armlib\c_p.l(libinit2.o)
    0x00000248   0x00000248   0x00000000   Code   RO         2657    .ARM.Collect$$libinit$$00000025  C:\Keil_v5\ARM\ARMCC\Bin\..\lib\armlib\c_p.l(libinit2.o)
    0x00000248   0x00000248   0x00000000   Code   RO         2661    .ARM.Collect$$libinit$$0000002C  C:\Keil_v5\ARM\ARMCC\Bin\..\lib\armlib\c_p.l(libinit2.o)
    0x00000248   0x00000248   0x00000000   Code   RO         2663    .ARM.Collect$$libinit$$0000002E  C:\Keil_v5\ARM\ARMCC\Bin\..\lib\armlib\c_p.l(libinit2.o)
    0x00000248   0x00000248   0x00000000   Code   RO         2665    .ARM.Collect$$libinit$$00000030  C:\Keil_v5\ARM\ARMCC\Bin\..\lib\armlib\c_p.l(libinit2.o)
    0x00000248   0x00000248   0x00000004   Code   RO         2666    .ARM.Collect$$libinit$$00000031  C:\Keil_v5\ARM\ARMCC\Bin\..\lib\armlib\c_p.l(libinit2.o)
    0x0000024c   0x0000024c   0x00000000   Code   RO         2667    .ARM.Collect$$libinit$$00000032  C:\Keil_v5\ARM\ARMCC\Bin\..\lib\armlib\c_p.l(libinit2.o)
    0x0000024c   0x0000024c   0x00000002   Code   RO         2668    .ARM.Collect$$libinit$$00000033  C:\Keil_v5\ARM\ARMCC\Bin\..\lib\armlib\c_p.l(libinit2.o)
    0x0000024e   0x0000024e   0x00000000   Code   RO         2833    .ARM.Collect$$libshutdown$$00000004  C:\Keil_v5\ARM\ARMCC\Bin\..\lib\armlib\c_p.l(libshutdown2.o)
    0x0000024e   0x0000024e   0x00000000   Code   RO         2448    .ARM.Collect$$rtentry$$00000000  C:\Keil_v5\ARM\ARMCC\Bin\..\lib\armlib\c_p.l(__rtentry.o)
    0x0000024e   0x0000024e   0x00000000   Code   RO         2723    .ARM.Collect$$rtentry$$00000002  C:\Keil_v5\ARM\ARMCC\Bin\..\lib\armlib\c_p.l(__rtentry2.o)
    0x0000024e   0x0000024e   0x00000006   Code   RO         2735    .ARM.Collect$$rtentry$$00000004  C:\Keil_v5\ARM\ARMCC\Bin\..\lib\armlib\c_p.l(__rtentry4.o)
    0x00000254   0x00000254   0x00000008   Code   RO         2724    .ARM.Collect$$rtentry$$00000008  C:\Keil_v5\ARM\ARMCC\Bin\..\lib\armlib\c_p.l(__rtentry2.o)
    0x0000025c   0x0000025c   0x00000004   Code   RO         2726    .ARM.Collect$$rtentry$$0000000A  C:\Keil_v5\ARM\ARMCC\Bin\..\lib\armlib\c_p.l(__rtentry2.o)
    0x00000260   0x00000260   0x00000000   Code   RO         2728    .ARM.Collect$$rtentry$$0000000C  C:\Keil_v5\ARM\ARMCC\Bin\..\lib\armlib\c_p.l(__rtentry2.o)
    0x00000260   0x00000260   0x00000008   Code   RO         2729    .ARM.Collect$$rtentry$$0000000D  C:\Keil_v5\ARM\ARMCC\Bin\..\lib\armlib\c_p.l(__rtentry2.o)
    0x00000268   0x00000268   0x00000038   Code   RO         2273    .emb_text           C:\Keil_v5\ARM\ARMCC\Bin\..\lib\armlib\c_p.l(rt_memcpy.o)
    0x000002a0   0x000002a0   0x00000000   Code   RO         2743    .emb_text           C:\Keil_v5\ARM\ARMCC\Bin\..\lib\armlib\c_p.l(maybetermalloc1.o)
    0x000002a0   0x000002a0   0x0000001c   Code   RO          441    .text               mbed/TARGET_KL25Z/TOOLCHAIN_ARM_STD/startup_MKL25Z4.o
    0x000002bc   0x000002bc   0x00000008   Code   RO         2150    .text               C:\Keil_v5\ARM\ARMCC\Bin\..\lib\armlib\c_p.l(rt_errno_addr.o)
    0x000002c4   0x000002c4   0x00000062   Code   RO         2159    .text               C:\Keil_v5\ARM\ARMCC\Bin\..\lib\armlib\c_p.l(h1_alloc.o)
    0x00000326   0x00000326   0x0000004c   Code   RO         2161    .text               C:\Keil_v5\ARM\ARMCC\Bin\..\lib\armlib\c_p.l(h1_free.o)
    0x00000372   0x00000372   0x00000020   Code   RO         2217    .text               C:\Keil_v5\ARM\ARMCC\Bin\..\lib\armlib\c_p.l(llshl.o)
    0x00000392   0x00000392   0x00000030   Code   RO         2219    .text               C:\Keil_v5\ARM\ARMCC\Bin\..\lib\armlib\c_p.l(llmul.o)
    0x000003c2   0x000003c2   0x00000002   PAD
    0x000003c4   0x000003c4   0x00000038   Code   RO         2223    .text               C:\Keil_v5\ARM\ARMCC\Bin\..\lib\armlib\c_p.l(vsnprintf.o)
    0x000003fc   0x000003fc   0x00000004   Code   RO         2462    .text               C:\Keil_v5\ARM\ARMCC\Bin\..\lib\armlib\c_p.l(hguard.o)
    0x00000400   0x00000400   0x00000010   Code   RO          440    .ARM.__at_0x400     mbed/TARGET_KL25Z/TOOLCHAIN_ARM_STD/startup_MKL25Z4.o
    0x00000410   0x00000410   0x00000102   Code   RO         2221    .text               C:\Keil_v5\ARM\ARMCC\Bin\..\lib\armlib\c_p.l(lludiv.o)
    0x00000512   0x00000512   0x0000000e   Code   RO         2225    .text               C:\Keil_v5\ARM\ARMCC\Bin\..\lib\armlib\c_p.l(c89vfprintf.o)
    0x00000520   0x00000520   0x00000068   Code   RO         2233    .text               C:\Keil_v5\ARM\ARMCC\Bin\..\lib\armlib\c_p.l(fflush.o)
    0x00000588   0x00000588   0x000000e8   Code   RO         2247    .text               C:\Keil_v5\ARM\ARMCC\Bin\..\lib\armlib\c_p.l(fopen.o)
    0x00000670   0x00000670   0x0000001a   Code   RO         2249    .text               C:\Keil_v5\ARM\ARMCC\Bin\..\lib\armlib\c_p.l(setbuf.o)
    0x0000068a   0x0000068a   0x00000002   PAD
    0x0000068c   0x0000068c   0x0000004c   Code   RO         2257    .text               C:\Keil_v5\ARM\ARMCC\Bin\..\lib\armlib\c_p.l(fclose.o)
    0x000006d8   0x000006d8   0x00000044   Code   RO         2269    .text               C:\Keil_v5\ARM\ARMCC\Bin\..\lib\armlib\c_p.l(strlen.o)
    0x0000071c   0x0000071c   0x000000a0   Code   RO         2271    .text               C:\Keil_v5\ARM\ARMCC\Bin\..\lib\armlib\c_p.l(strncmp.o)
    0x000007bc   0x000007bc   0x00000040   Code   RO         2277    .text               C:\Keil_v5\ARM\ARMCC\Bin\..\lib\armlib\c_p.l(rt_memclr.o)
    0x000007fc   0x000007fc   0x000000a0   Code   RO         2279    .text               C:\Keil_v5\ARM\ARMCC\Bin\..\lib\armlib\c_p.l(strcmpv6m.o)
    0x0000089c   0x0000089c   0x000001e8   Code   RO         2281    .text               C:\Keil_v5\ARM\ARMCC\Bin\..\lib\armlib\c_p.l(aeabi_sdivfast.o)
    0x00000a84   0x00000a84   0x00000024   Code   RO         2290    .text               C:\Keil_v5\ARM\ARMCC\Bin\..\lib\armlib\c_p.l(init_aeabi.o)
    0x00000aa8   0x00000aa8   0x00000022   Code   RO         2405    .text               C:\Keil_v5\ARM\ARMCC\Bin\..\lib\cpplib\cpprt_p.l(aeabi_vec_dtor_noexceptions.o)
    0x00000aca   0x00000aca   0x00000002   PAD
    0x00000acc   0x00000acc   0x0000007c   Code   RO         2408    .text               C:\Keil_v5\ARM\ARMCC\Bin\..\lib\armlib\fz_ps.l(d2f.o)
    0x00000b48   0x00000b48   0x00000054   Code   RO         2410    .text               C:\Keil_v5\ARM\ARMCC\Bin\..\lib\armlib\fz_ps.l(f2d.o)
    0x00000b9c   0x00000b9c   0x00000160   Code   RO         2418    .text               C:\Keil_v5\ARM\ARMCC\Bin\..\lib\armlib\fz_ps.l(fdiv.o)
    0x00000cfc   0x00000cfc   0x0000004c   Code   RO         2421    .text               C:\Keil_v5\ARM\ARMCC\Bin\..\lib\armlib\fz_ps.l(ffixi.o)
    0x00000d48   0x00000d48   0x00000030   Code   RO         2423    .text               C:\Keil_v5\ARM\ARMCC\Bin\..\lib\armlib\fz_ps.l(ffixui.o)
    0x00000d78   0x00000d78   0x0000005e   Code   RO         2425    .text               C:\Keil_v5\ARM\ARMCC\Bin\..\lib\armlib\fz_ps.l(fflti.o)
    0x00000dd6   0x00000dd6   0x00000002   PAD
    0x00000dd8   0x00000dd8   0x00000044   Code   RO         2431    .text               C:\Keil_v5\ARM\ARMCC\Bin\..\lib\armlib\fz_ps.l(fscalbn.o)
    0x00000e1c   0x00000e1c   0x00000008   Code   RO         2457    .text               C:\Keil_v5\ARM\ARMCC\Bin\..\lib\armlib\c_p.l(rt_heap_descriptor.o)
    0x00000e24   0x00000e24   0x00000088   Code   RO         2464    .text               C:\Keil_v5\ARM\ARMCC\Bin\..\lib\armlib\c_p.l(init_alloc.o)
    0x00000eac   0x00000eac   0x0000000e   Code   RO         2468    .text               C:\Keil_v5\ARM\ARMCC\Bin\..\lib\armlib\c_p.l(h1_init.o)
    0x00000eba   0x00000eba   0x00000016   Code   RO         2482    .text               C:\Keil_v5\ARM\ARMCC\Bin\..\lib\armlib\c_p.l(_rserrno.o)
    0x00000ed0   0x00000ed0   0x0000004e   Code   RO         2486    .text               C:\Keil_v5\ARM\ARMCC\Bin\..\lib\armlib\c_p.l(_printf_pad.o)
    0x00000f1e   0x00000f1e   0x00000024   Code   RO         2488    .text               C:\Keil_v5\ARM\ARMCC\Bin\..\lib\armlib\c_p.l(_printf_truncate.o)
    0x00000f42   0x00000f42   0x00000052   Code   RO         2490    .text               C:\Keil_v5\ARM\ARMCC\Bin\..\lib\armlib\c_p.l(_printf_str.o)
    0x00000f94   0x00000f94   0x0000006c   Code   RO         2492    .text               C:\Keil_v5\ARM\ARMCC\Bin\..\lib\armlib\c_p.l(_printf_dec.o)
    0x00001000   0x00001000   0x00000026   Code   RO         2494    .text               C:\Keil_v5\ARM\ARMCC\Bin\..\lib\armlib\c_p.l(_printf_charcount.o)
    0x00001026   0x00001026   0x00000002   PAD
    0x00001028   0x00001028   0x00000030   Code   RO         2496    .text               C:\Keil_v5\ARM\ARMCC\Bin\..\lib\armlib\c_p.l(_printf_char_common.o)
    0x00001058   0x00001058   0x0000000a   Code   RO         2498    .text               C:\Keil_v5\ARM\ARMCC\Bin\..\lib\armlib\c_p.l(_sputc.o)
    0x00001062   0x00001062   0x00000010   Code   RO         2500    .text               C:\Keil_v5\ARM\ARMCC\Bin\..\lib\armlib\c_p.l(_snputc.o)
    0x00001072   0x00001072   0x00000002   PAD
    0x00001074   0x00001074   0x00000028   Code   RO         2502    .text               C:\Keil_v5\ARM\ARMCC\Bin\..\lib\armlib\c_p.l(_printf_char_file.o)
    0x0000109c   0x0000109c   0x000000bc   Code   RO         2504    .text               C:\Keil_v5\ARM\ARMCC\Bin\..\lib\armlib\c_p.l(_printf_wctomb.o)
    0x00001158   0x00001158   0x00000070   Code   RO         2507    .text               C:\Keil_v5\ARM\ARMCC\Bin\..\lib\armlib\c_p.l(_printf_longlong_dec.o)
    0x000011c8   0x000011c8   0x00000070   Code   RO         2513    .text               C:\Keil_v5\ARM\ARMCC\Bin\..\lib\armlib\c_p.l(_printf_oct_int_ll.o)
    0x00001238   0x00001238   0x00000098   Code   RO         2533    .text               C:\Keil_v5\ARM\ARMCC\Bin\..\lib\armlib\c_p.l(_printf_hex_int_ll_ptr.o)
    0x000012d0   0x000012d0   0x00000188   Code   RO         2553    .text               C:\Keil_v5\ARM\ARMCC\Bin\..\lib\armlib\c_p.l(__printf_flags_ss_wp.o)
    0x00001458   0x00001458   0x00000008   Code   RO         2597    .text               C:\Keil_v5\ARM\ARMCC\Bin\..\lib\armlib\c_p.l(ferror.o)
    0x00001460   0x00001460   0x000001f0   Code   RO         2601    .text               C:\Keil_v5\ARM\ARMCC\Bin\..\lib\armlib\c_p.l(flsbuf.o)
    0x00001650   0x00001650   0x000000f4   Code   RO         2603    .text               C:\Keil_v5\ARM\ARMCC\Bin\..\lib\armlib\c_p.l(fseek.o)
    0x00001744   0x00001744   0x0000004c   Code   RO         2605    .text               C:\Keil_v5\ARM\ARMCC\Bin\..\lib\armlib\c_p.l(setvbuf.o)
    0x00001790   0x00001790   0x000000f0   Code   RO         2607    .text               C:\Keil_v5\ARM\ARMCC\Bin\..\lib\armlib\c_p.l(stdio.o)
    0x00001880   0x00001880   0x0000013c   Code   RO         2610    .text               C:\Keil_v5\ARM\ARMCC\Bin\..\lib\armlib\c_p.l(initio.o)
    0x000019bc   0x000019bc   0x0000000c   Code   RO         2618    .text               C:\Keil_v5\ARM\ARMCC\Bin\..\lib\armlib\c_p.l(defsig_pvfn_outer.o)
    0x000019c8   0x000019c8   0x00000064   Code   RO         2689    .text               C:\Keil_v5\ARM\ARMCC\Bin\..\lib\armlib\fz_ps.l(fcmpin.o)
    0x00001a2c   0x00001a2c   0x0000008a   Code   RO         2691    .text               C:\Keil_v5\ARM\ARMCC\Bin\..\lib\armlib\fz_ps.l(ffixir.o)
    0x00001ab6   0x00001ab6   0x00000034   Code   RO         2745    .text               C:\Keil_v5\ARM\ARMCC\Bin\..\lib\armlib\c_p.l(h1_extend.o)
    0x00001aea   0x00001aea   0x0000007a   Code   RO         2749    .text               C:\Keil_v5\ARM\ARMCC\Bin\..\lib\armlib\c_p.l(lludiv10.o)
    0x00001b64   0x00001b64   0x000000b0   Code   RO         2753    .text               C:\Keil_v5\ARM\ARMCC\Bin\..\lib\armlib\c_p.l(_printf_intcommon.o)
    0x00001c14   0x00001c14   0x00000418   Code   RO         2755    .text               C:\Keil_v5\ARM\ARMCC\Bin\..\lib\armlib\c_p.l(_printf_fp_dec.o)
    0x0000202c   0x0000202c   0x000002d8   Code   RO         2757    .text               C:\Keil_v5\ARM\ARMCC\Bin\..\lib\armlib\c_p.l(_printf_fp_hex.o)
    0x00002304   0x00002304   0x0000002e   Code   RO         2762    .text               C:\Keil_v5\ARM\ARMCC\Bin\..\lib\armlib\c_p.l(_printf_char.o)
    0x00002332   0x00002332   0x0000002e   Code   RO         2766    .text               C:\Keil_v5\ARM\ARMCC\Bin\..\lib\armlib\c_p.l(_printf_wchar.o)
    0x00002360   0x00002360   0x00000042   Code   RO         2779    .text               C:\Keil_v5\ARM\ARMCC\Bin\..\lib\armlib\c_p.l(ftell.o)
    0x000023a2   0x000023a2   0x00000040   Code   RO         2805    .text               C:\Keil_v5\ARM\ARMCC\Bin\..\lib\armlib\c_p.l(_wcrtomb.o)
    0x000023e2   0x000023e2   0x0000000c   Code   RO         2807    .text               C:\Keil_v5\ARM\ARMCC\Bin\..\lib\armlib\c_p.l(defsig_exit.o)
    0x000023ee   0x000023ee   0x0000000c   Code   RO         2809    .text               C:\Keil_v5\ARM\ARMCC\Bin\..\lib\armlib\c_p.l(defsig_rtred_outer.o)
    0x000023fa   0x000023fa   0x0000000c   Code   RO         2813    .text               C:\Keil_v5\ARM\ARMCC\Bin\..\lib\armlib\c_p.l(defsig_rtmem_outer.o)
    0x00002406   0x00002406   0x00000002   PAD
    0x00002408   0x00002408   0x00000030   Code   RO         2817    .text               C:\Keil_v5\ARM\ARMCC\Bin\..\lib\armlib\c_p.l(defsig_pvfn_inner.o)
    0x00002438   0x00002438   0x00000028   Code   RO         2821    .text               C:\Keil_v5\ARM\ARMCC\Bin\..\lib\armlib\c_p.l(rtudiv10.o)
    0x00002460   0x00002460   0x00000050   Code   RO         2823    .text               C:\Keil_v5\ARM\ARMCC\Bin\..\lib\armlib\c_p.l(heapauxa.o)
    0x000024b0   0x000024b0   0x0000002e   Code   RO         2862    .text               C:\Keil_v5\ARM\ARMCC\Bin\..\lib\armlib\fz_ps.l(cmpret.o)
    0x000024de   0x000024de   0x00000002   PAD
    0x000024e0   0x000024e0   0x00000010   Code   RO         2864    .text               C:\Keil_v5\ARM\ARMCC\Bin\..\lib\armlib\fz_ps.l(fnan2.o)
    0x000024f0   0x000024f0   0x0000000c   Code   RO         2868    .text               C:\Keil_v5\ARM\ARMCC\Bin\..\lib\armlib\c_p.l(sys_exit.o)
    0x000024fc   0x000024fc   0x00000010   Code   RO         2870    .text               C:\Keil_v5\ARM\ARMCC\Bin\..\lib\armlib\c_p.l(rt_ctype_table.o)
    0x0000250c   0x0000250c   0x00000008   Code   RO         2872    .text               C:\Keil_v5\ARM\ARMCC\Bin\..\lib\armlib\c_p.l(rt_locale.o)
    0x00002514   0x00002514   0x00000088   Code   RO         2884    .text               C:\Keil_v5\ARM\ARMCC\Bin\..\lib\armlib\c_p.l(_printf_fp_infnan.o)
    0x0000259c   0x0000259c   0x000000d8   Code   RO         2886    .text               C:\Keil_v5\ARM\ARMCC\Bin\..\lib\armlib\c_p.l(bigflt0.o)
    0x00002674   0x00002674   0x00000580   Code   RO         2889    .text               C:\Keil_v5\ARM\ARMCC\Bin\..\lib\armlib\c_p.l(btod.o)
    0x00002bf4   0x00002bf4   0x00000034   Code   RO         2902    .text               C:\Keil_v5\ARM\ARMCC\Bin\..\lib\armlib\c_p.l(defsig_general.o)
    0x00002c28   0x00002c28   0x00000034   Code   RO         2908    .text               C:\Keil_v5\ARM\ARMCC\Bin\..\lib\armlib\c_p.l(defsig_rtred_inner.o)
    0x00002c5c   0x00002c5c   0x00000050   Code   RO         2910    .text               C:\Keil_v5\ARM\ARMCC\Bin\..\lib\armlib\c_p.l(defsig_rtmem_inner.o)
    0x00002cac   0x00002cac   0x0000005e   Code   RO         2934    .text               C:\Keil_v5\ARM\ARMCC\Bin\..\lib\armlib\fz_ps.l(retnan.o)
    0x00002d0a   0x00002d0a   0x0000000c   Code   RO         2950    .text               C:\Keil_v5\ARM\ARMCC\Bin\..\lib\armlib\c_p.l(sys_wrch.o)
    0x00002d16   0x00002d16   0x00000002   Code   RO         2952    .text               C:\Keil_v5\ARM\ARMCC\Bin\..\lib\armlib\c_p.l(use_no_semi.o)
    0x00002d18   0x00002d18   0x00000000   Code   RO         2954    .text               C:\Keil_v5\ARM\ARMCC\Bin\..\lib\armlib\c_p.l(indicate_semi.o)
    0x00002d18   0x00002d18   0x0000000c   Code   RO          286    i.$Sub$$main        mbed/TARGET_KL25Z/TOOLCHAIN_ARM_STD/mbed_sdk_boot.o
    0x00002d24   0x00002d24   0x0000000c   Code   RO         1668    i.<Func1>           mbed/TARGET_KL25Z/TOOLCHAIN_ARM_STD/mbed.ar(SerialBase.o)
    0x00002d30   0x00002d30   0x00000010   Code   RO          116    i.NMI_Handler       mbed/TARGET_KL25Z/TOOLCHAIN_ARM_STD/mbed_overrides.o
    0x00002d40   0x00002d40   0x00000098   Code   RO          446    i.SystemInit        mbed/TARGET_KL25Z/TOOLCHAIN_ARM_STD/system_MKL25Z4.o
    0x00002dd8   0x00002dd8   0x00000030   Code   RO         1417    i.UART_direct_msg_put  .\build\uart_poll.o
    0x00002e08   0x00002e08   0x0000003c   Code   RO         1418    i.UART_get          .\build\uart_poll.o
    0x00002e44   0x00002e44   0x0000001c   Code   RO         1420    i.UART_input        .\build\uart_poll.o
    0x00002e60   0x00002e60   0x000001b4   Code   RO         1282    i.UART_msg_process  .\build\monitor.o
    0x00003014   0x00003014   0x00000038   Code   RO         1421    i.UART_msg_put      .\build\uart_poll.o
    0x0000304c   0x0000304c   0x0000002c   Code   RO         1422    i.UART_put          .\build\uart_poll.o
    0x00003078   0x00003078   0x00000030   Code   RO          473    i._Z10output_420v   .\build\main.o
    0x000030a8   0x000030a8   0x00000020   Code   RO          474    i._Z10output_LCDv   .\build\main.o
    0x000030c8   0x000030c8   0x00000034   Code   RO          475    i._Z12output_pulsev  .\build\main.o
    0x000030fc   0x000030fc   0x00000204   Code   RO          476    i._Z14calculate_flowt  .\build\main.o
    0x00003300   0x00003300   0x000000a0   Code   RO          477    i._Z16read_temperaturev  .\build\main.o
    0x000033a0   0x000033a0   0x00000024   Code   RO          478    i._Z4flipv          .\build\main.o
    0x000033c4   0x000033c4   0x00000084   Code   RO         1283    i._Z4itoaiPhj       .\build\monitor.o
    0x00003448   0x00003448   0x00000030   Code   RO         1285    i._Z7reversePhj     .\build\monitor.o
    0x00003478   0x00003478   0x00000004   Code   RO          479    i._Z8read_ADCv      .\build\main.o
    0x0000347c   0x0000347c   0x00000090   Code   RO          635    i._ZN4mbed10DigitalOut5writeEi  .\build\main.o
    0x0000350c   0x0000350c   0x0000001a   Code   RO          584    i._ZN4mbed10DigitalOutC1E7PinName  .\build\main.o
    0x00003526   0x00003526   0x00000012   Code   RO          572    i._ZN4mbed10DigitalOutaSEi  .\build\main.o
    0x00003538   0x00003538   0x00000090   Code   RO          566    i._ZN4mbed10DigitalOutcviEv  .\build\main.o
    0x000035c8   0x000035c8   0x00000032   Code   RO         2113    i._ZN4mbed10FileHandle4sizeEv  mbed/TARGET_KL25Z/TOOLCHAIN_ARM_STD/mbed.ar(FileHandle.o)
    0x000035fa   0x000035fa   0x00000004   Code   RO         2133    i._ZN4mbed10FileHandle6isattyEv  mbed/TARGET_KL25Z/TOOLCHAIN_ARM_STD/mbed.ar(FileHandle.o)
    0x000035fe   0x000035fe   0x0000000e   Code   RO         1670    i._ZN4mbed10SerialBase10_base_putcEi  mbed/TARGET_KL25Z/TOOLCHAIN_ARM_STD/mbed.ar(SerialBase.o)
    0x0000360c   0x0000360c   0x00000012   Code   RO         1672    i._ZN4mbed10SerialBase12_irq_handlerEj9SerialIrq  mbed/TARGET_KL25Z/TOOLCHAIN_ARM_STD/mbed.ar(SerialBase.o)
    0x0000361e   0x0000361e   0x00000002   Code   RO         1674    i._ZN4mbed10SerialBase4lockEv  mbed/TARGET_KL25Z/TOOLCHAIN_ARM_STD/mbed.ar(SerialBase.o)
    0x00003620   0x00003620   0x00000002   Code   RO         1677    i._ZN4mbed10SerialBase6unlockEv  mbed/TARGET_KL25Z/TOOLCHAIN_ARM_STD/mbed.ar(SerialBase.o)
    0x00003622   0x00003622   0x00000002   PAD
    0x00003624   0x00003624   0x00000098   Code   RO         1680    i._ZN4mbed10SerialBaseC1E7PinNameS1_i  mbed/TARGET_KL25Z/TOOLCHAIN_ARM_STD/mbed.ar(SerialBase.o)
    0x000036bc   0x000036bc   0x00000100   Code   RO         1682    i._ZN4mbed10SerialBaseD1Ev  mbed/TARGET_KL25Z/TOOLCHAIN_ARM_STD/mbed.ar(SerialBase.o)
    0x000037bc   0x000037bc   0x00000012   Code   RO         1733    i._ZN4mbed10TimerEvent15insert_absoluteEy  mbed/TARGET_KL25Z/TOOLCHAIN_ARM_STD/mbed.ar(TimerEvent.o)
    0x000037ce   0x000037ce   0x00000006   Code   RO         1734    i._ZN4mbed10TimerEvent3irqEj  mbed/TARGET_KL25Z/TOOLCHAIN_ARM_STD/mbed.ar(TimerEvent.o)
    0x000037d4   0x000037d4   0x00000010   Code   RO         1736    i._ZN4mbed10TimerEvent6removeEv  mbed/TARGET_KL25Z/TOOLCHAIN_ARM_STD/mbed.ar(TimerEvent.o)
    0x000037e4   0x000037e4   0x0000002c   Code   RO         1738    i._ZN4mbed10TimerEventC2Ev  mbed/TARGET_KL25Z/TOOLCHAIN_ARM_STD/mbed.ar(TimerEvent.o)
    0x00003810   0x00003810   0x0000001c   Code   RO         1740    i._ZN4mbed10TimerEventD2Ev  mbed/TARGET_KL25Z/TOOLCHAIN_ARM_STD/mbed.ar(TimerEvent.o)
    0x0000382c   0x0000382c   0x00000044   Code   RO          123    i._ZN4mbed11mbed_fdopenEPNS_10FileHandleEPKc  mbed/TARGET_KL25Z/TOOLCHAIN_ARM_STD/mbed_retarget.o
    0x00003870   0x00003870   0x00000070   Code   RO          124    i._ZN4mbed17remove_filehandleEPNS_10FileHandleE  mbed/TARGET_KL25Z/TOOLCHAIN_ARM_STD/mbed_retarget.o
    0x000038e0   0x000038e0   0x0000000a   Code   RO          125    i._ZN4mbed26mbed_set_unbuffered_streamEPSt6__FILE  mbed/TARGET_KL25Z/TOOLCHAIN_ARM_STD/mbed_retarget.o
    0x000038ea   0x000038ea   0x00000002   PAD
    0x000038ec   0x000038ec   0x0000002c   Code   RO         1509    i._ZN4mbed3SPI4lockEv  mbed/TARGET_KL25Z/TOOLCHAIN_ARM_STD/mbed.ar(SPI.o)
    0x00003918   0x00003918   0x00000048   Code   RO         1511    i._ZN4mbed3SPI5writeEi  mbed/TARGET_KL25Z/TOOLCHAIN_ARM_STD/mbed.ar(SPI.o)
    0x00003960   0x00003960   0x0000002c   Code   RO         1514    i._ZN4mbed3SPI6unlockEv  mbed/TARGET_KL25Z/TOOLCHAIN_ARM_STD/mbed.ar(SPI.o)
    0x0000398c   0x0000398c   0x00000054   Code   RO         1517    i._ZN4mbed3SPIC1E7PinNameS1_S1_S1_  mbed/TARGET_KL25Z/TOOLCHAIN_ARM_STD/mbed.ar(SPI.o)
    0x000039e0   0x000039e0   0x00000002   Code   RO         1550    i._ZN4mbed3SPID1Ev  mbed/TARGET_KL25Z/TOOLCHAIN_ARM_STD/mbed.ar(SPI.o)
    0x000039e2   0x000039e2   0x0000001e   Code   RO          560    i._ZN4mbed6PwmOutC1E7PinName  .\build\main.o
    0x00003a00   0x00003a00   0x00000022   Code   RO          608    i._ZN4mbed6PwmOutD1Ev  .\build\main.o
    0x00003a22   0x00003a22   0x00000002   Code   RO         1562    i._ZN4mbed6Serial4lockEv  mbed/TARGET_KL25Z/TOOLCHAIN_ARM_STD/mbed.ar(Serial.o)
    0x00003a24   0x00003a24   0x00000002   Code   RO         1565    i._ZN4mbed6Serial6unlockEv  mbed/TARGET_KL25Z/TOOLCHAIN_ARM_STD/mbed.ar(Serial.o)
    0x00003a26   0x00003a26   0x00000002   PAD
    0x00003a28   0x00003a28   0x00000030   Code   RO         1566    i._ZN4mbed6SerialC1E7PinNameS1_PKci  mbed/TARGET_KL25Z/TOOLCHAIN_ARM_STD/mbed.ar(Serial.o)
    0x00003a58   0x00003a58   0x00000028   Code   RO         1596    i._ZN4mbed6SerialD1Ev  mbed/TARGET_KL25Z/TOOLCHAIN_ARM_STD/mbed.ar(Serial.o)
    0x00003a80   0x00003a80   0x00000002   Code   RO         2033    i._ZN4mbed6Stream4lockEv  mbed/TARGET_KL25Z/TOOLCHAIN_ARM_STD/mbed.ar(Stream.o)
    0x00003a82   0x00003a82   0x00000004   Code   RO         1958    i._ZN4mbed6Stream4seekEli  mbed/TARGET_KL25Z/TOOLCHAIN_ARM_STD/mbed.ar(Stream.o)
    0x00003a86   0x00003a86   0x00000004   Code   RO         1959    i._ZN4mbed6Stream4sizeEv  mbed/TARGET_KL25Z/TOOLCHAIN_ARM_STD/mbed.ar(Stream.o)
    0x00003a8a   0x00003a8a   0x00000004   Code   RO         1962    i._ZN4mbed6Stream5closeEv  mbed/TARGET_KL25Z/TOOLCHAIN_ARM_STD/mbed.ar(Stream.o)
    0x00003a8e   0x00003a8e   0x00000036   Code   RO         1964    i._ZN4mbed6Stream5writeEPKvj  mbed/TARGET_KL25Z/TOOLCHAIN_ARM_STD/mbed.ar(Stream.o)
    0x00003ac4   0x00003ac4   0x00000004   Code   RO         1965    i._ZN4mbed6Stream6isattyEv  mbed/TARGET_KL25Z/TOOLCHAIN_ARM_STD/mbed.ar(Stream.o)
    0x00003ac8   0x00003ac8   0x00000034   Code   RO         1966    i._ZN4mbed6Stream6printfEPKcz  mbed/TARGET_KL25Z/TOOLCHAIN_ARM_STD/mbed.ar(Stream.o)
    0x00003afc   0x00003afc   0x00000002   Code   RO         2036    i._ZN4mbed6Stream6unlockEv  mbed/TARGET_KL25Z/TOOLCHAIN_ARM_STD/mbed.ar(Stream.o)
    0x00003afe   0x00003afe   0x00000002   PAD
    0x00003b00   0x00003b00   0x00000070   Code   RO         1970    i._ZN4mbed6StreamC2EPKc  mbed/TARGET_KL25Z/TOOLCHAIN_ARM_STD/mbed.ar(Stream.o)
    0x00003b70   0x00003b70   0x00000024   Code   RO         1972    i._ZN4mbed6StreamD2Ev  mbed/TARGET_KL25Z/TOOLCHAIN_ARM_STD/mbed.ar(Stream.o)
    0x00003b94   0x00003b94   0x00000026   Code   RO         1643    i._ZN4mbed6Ticker7handlerEv  mbed/TARGET_KL25Z/TOOLCHAIN_ARM_STD/mbed.ar(Ticker.o)
    0x00003bba   0x00003bba   0x00000002   PAD
    0x00003bbc   0x00003bbc   0x00000064   Code   RO          623    i._ZN4mbed6TickerC1Ev  .\build\main.o
    0x00003c20   0x00003c20   0x00000088   Code   RO         1656    i._ZN4mbed6TickerD1Ev  mbed/TARGET_KL25Z/TOOLCHAIN_ARM_STD/mbed.ar(Ticker.o)
    0x00003ca8   0x00003ca8   0x00000008   Code   RO         2114    i._ZN4mbed6fdopenEPNS_10FileHandleEPKc  mbed/TARGET_KL25Z/TOOLCHAIN_ARM_STD/mbed.ar(FileHandle.o)
    0x00003cb0   0x00003cb0   0x00000014   Code   RO          596    i._ZN4mbed8AnalogIn4lockEv  .\build\main.o
    0x00003cc4   0x00003cc4   0x00000014   Code   RO          590    i._ZN4mbed8AnalogIn6unlockEv  .\build\main.o
    0x00003cd8   0x00003cd8   0x00000028   Code   RO          554    i._ZN4mbed8AnalogInC1E7PinName  .\build\main.o
    0x00003d00   0x00003d00   0x00000002   Code   RO          602    i._ZN4mbed8AnalogInD1Ev  .\build\main.o
    0x00003d02   0x00003d02   0x00000004   Code   RO         2078    i._ZN4mbed8FileBase11getPathTypeEv  mbed/TARGET_KL25Z/TOOLCHAIN_ARM_STD/mbed.ar(FileBase.o)
    0x00003d06   0x00003d06   0x00000002   PAD
    0x00003d08   0x00003d08   0x00000070   Code   RO         2080    i._ZN4mbed8FileBase6lookupEPKcj  mbed/TARGET_KL25Z/TOOLCHAIN_ARM_STD/mbed.ar(FileBase.o)
    0x00003d78   0x00003d78   0x00000040   Code   RO         2082    i._ZN4mbed8FileBaseC1EPKcNS_8PathTypeE  mbed/TARGET_KL25Z/TOOLCHAIN_ARM_STD/mbed.ar(FileBase.o)
    0x00003db8   0x00003db8   0x00000058   Code   RO         2084    i._ZN4mbed8FileBaseD1Ev  mbed/TARGET_KL25Z/TOOLCHAIN_ARM_STD/mbed.ar(FileBase.o)
    0x00003e10   0x00003e10   0x00000020   Code   RO         1857    i._ZN4mbed8FilePath10fileSystemEv  mbed/TARGET_KL25Z/TOOLCHAIN_ARM_STD/mbed.ar(FilePath.o)
    0x00003e30   0x00003e30   0x00000020   Code   RO         1859    i._ZN4mbed8FilePath4fileEv  mbed/TARGET_KL25Z/TOOLCHAIN_ARM_STD/mbed.ar(FilePath.o)
    0x00003e50   0x00003e50   0x0000000a   Code   RO         1860    i._ZN4mbed8FilePath6existsEv  mbed/TARGET_KL25Z/TOOLCHAIN_ARM_STD/mbed.ar(FilePath.o)
    0x00003e5a   0x00003e5a   0x00000018   Code   RO         1861    i._ZN4mbed8FilePath6isFileEv  mbed/TARGET_KL25Z/TOOLCHAIN_ARM_STD/mbed.ar(FilePath.o)
    0x00003e72   0x00003e72   0x00000004   Code   RO         1862    i._ZN4mbed8FilePath8fileNameEv  mbed/TARGET_KL25Z/TOOLCHAIN_ARM_STD/mbed.ar(FilePath.o)
    0x00003e76   0x00003e76   0x00000044   Code   RO         1863    i._ZN4mbed8FilePathC1EPKc  mbed/TARGET_KL25Z/TOOLCHAIN_ARM_STD/mbed.ar(FilePath.o)
    0x00003eba   0x00003eba   0x00000010   Code   RO          578    i._ZSt3powff        .\build\main.o
    0x00003eca   0x00003eca   0x00000002   Code   RO         1568    i._ZThn48_N4mbed6Serial4lockEv  mbed/TARGET_KL25Z/TOOLCHAIN_ARM_STD/mbed.ar(Serial.o)
    0x00003ecc   0x00003ecc   0x0000000a   Code   RO         1570    i._ZThn48_N4mbed6Serial5_putcEi  mbed/TARGET_KL25Z/TOOLCHAIN_ARM_STD/mbed.ar(Serial.o)
    0x00003ed6   0x00003ed6   0x00000002   Code   RO         1571    i._ZThn48_N4mbed6Serial6unlockEv  mbed/TARGET_KL25Z/TOOLCHAIN_ARM_STD/mbed.ar(Serial.o)
    0x00003ed8   0x00003ed8   0x00000030   Code   RO         2891    i.__ARM_common_ll_muluu  C:\Keil_v5\ARM\ARMCC\Bin\..\lib\armlib\c_p.l(btod.o)
    0x00003f08   0x00003f08   0x0000001c   Code   RO         1340    i.__ARM_common_switch8  .\build\monitor.o
    0x00003f24   0x00003f24   0x0000002c   Code   RO         2942    i.__ARM_fpclassify  C:\Keil_v5\ARM\ARMCC\Bin\..\lib\armlib\m_ps.l(fpclassify.o)
    0x00003f50   0x00003f50   0x00000022   Code   RO         2706    i.__ARM_fpclassifyf  C:\Keil_v5\ARM\ARMCC\Bin\..\lib\armlib\m_ps.l(fpclassifyf.o)
    0x00003f72   0x00003f72   0x00000004   Code   RO          134    i.__aeabi_atexit    mbed/TARGET_KL25Z/TOOLCHAIN_ARM_STD/mbed_retarget.o
    0x00003f76   0x00003f76   0x00000022   Code   RO         2402    i.__aeabi_vec_ctor_nocookie_nodtor  C:\Keil_v5\ARM\ARMCC\Bin\..\lib\cpplib\cpprt_p.l(aeabi_vec_ctor_nocookie_nodtor.o)
    0x00003f98   0x00003f98   0x0000000a   Code   RO         2293    i.__cxa_pure_virtual  C:\Keil_v5\ARM\ARMCC\Bin\..\lib\cpplib\cpprt_p.l(pure_virt.o)
    0x00003fa2   0x00003fa2   0x0000000e   Code   RO         2708    i.__mathlib_flt_divzero  C:\Keil_v5\ARM\ARMCC\Bin\..\lib\armlib\m_ps.l(funder.o)
    0x00003fb0   0x00003fb0   0x00000008   Code   RO         2710    i.__mathlib_flt_infnan2  C:\Keil_v5\ARM\ARMCC\Bin\..\lib\armlib\m_ps.l(funder.o)
    0x00003fb8   0x00003fb8   0x0000000c   Code   RO         2711    i.__mathlib_flt_invalid  C:\Keil_v5\ARM\ARMCC\Bin\..\lib\armlib\m_ps.l(funder.o)
    0x00003fc4   0x00003fc4   0x0000000e   Code   RO         2712    i.__mathlib_flt_overflow  C:\Keil_v5\ARM\ARMCC\Bin\..\lib\armlib\m_ps.l(funder.o)
    0x00003fd2   0x00003fd2   0x0000000e   Code   RO         2714    i.__mathlib_flt_underflow  C:\Keil_v5\ARM\ARMCC\Bin\..\lib\armlib\m_ps.l(funder.o)
    0x00003fe0   0x00003fe0   0x0000011c   Code   RO          481    i.__sti___8_main_cpp_1ca0aaea  .\build\main.o
    0x000040fc   0x000040fc   0x00000008   Code   RO          140    i.__user_setup_stackheap  mbed/TARGET_KL25Z/TOOLCHAIN_ARM_STD/mbed_retarget.o
    0x00004104   0x00004104   0x0000000e   Code   RO         2546    i._is_digit         C:\Keil_v5\ARM\ARMCC\Bin\..\lib\armlib\c_p.l(__printf_wp.o)
    0x00004112   0x00004112   0x00000002   PAD
    0x00004114   0x00004114   0x00000010   Code   RO          141    i._mbed_user_setup_stackheap  mbed/TARGET_KL25Z/TOOLCHAIN_ARM_STD/mbed_retarget.o
    0x00004124   0x00004124   0x00000020   Code   RO          287    i._platform_post_stackheap_init  mbed/TARGET_KL25Z/TOOLCHAIN_ARM_STD/mbed_sdk_boot.o
    0x00004144   0x00004144   0x00000048   Code   RO          142    i._sys_close        mbed/TARGET_KL25Z/TOOLCHAIN_ARM_STD/mbed_retarget.o
    0x0000418c   0x0000418c   0x0000004c   Code   RO          145    i._sys_flen         mbed/TARGET_KL25Z/TOOLCHAIN_ARM_STD/mbed_retarget.o
    0x000041d8   0x000041d8   0x00000040   Code   RO          146    i._sys_istty        mbed/TARGET_KL25Z/TOOLCHAIN_ARM_STD/mbed_retarget.o
    0x00004218   0x00004218   0x00000218   Code   RO          147    i._sys_open         mbed/TARGET_KL25Z/TOOLCHAIN_ARM_STD/mbed_retarget.o
    0x00004430   0x00004430   0x0000004c   Code   RO          149    i._sys_seek         mbed/TARGET_KL25Z/TOOLCHAIN_ARM_STD/mbed_retarget.o
    0x0000447c   0x0000447c   0x00000080   Code   RO          150    i._sys_write        mbed/TARGET_KL25Z/TOOLCHAIN_ARM_STD/mbed_retarget.o
    0x000044fc   0x000044fc   0x000000d0   Code   RO            3    i.analogin_init     mbed/TARGET_KL25Z/TOOLCHAIN_ARM_STD/analogin_api.o
    0x000045cc   0x000045cc   0x0000002c   Code   RO            4    i.analogin_read     mbed/TARGET_KL25Z/TOOLCHAIN_ARM_STD/analogin_api.o
    0x000045f8   0x000045f8   0x000000e0   Code   RO         1286    i.chk_UART_msg      .\build\monitor.o
    0x000046d8   0x000046d8   0x0000001a   Code   RO         1921    i.core_util_atomic_decr_u16  mbed/TARGET_KL25Z/TOOLCHAIN_ARM_STD/mbed.ar(mbed_critical.o)
    0x000046f2   0x000046f2   0x0000001a   Code   RO         1925    i.core_util_atomic_incr_u16  mbed/TARGET_KL25Z/TOOLCHAIN_ARM_STD/mbed.ar(mbed_critical.o)
    0x0000470c   0x0000470c   0x0000008c   Code   RO         1928    i.core_util_critical_section_enter  mbed/TARGET_KL25Z/TOOLCHAIN_ARM_STD/mbed.ar(mbed_critical.o)
    0x00004798   0x00004798   0x00000058   Code   RO         1929    i.core_util_critical_section_exit  mbed/TARGET_KL25Z/TOOLCHAIN_ARM_STD/mbed.ar(mbed_critical.o)
    0x000047f0   0x000047f0   0x0000002c   Code   RO         1888    i.error             mbed/TARGET_KL25Z/TOOLCHAIN_ARM_STD/mbed.ar(mbed_error.o)
    0x0000481c   0x0000481c   0x0000002c   Code   RO          153    i.exit              mbed/TARGET_KL25Z/TOOLCHAIN_ARM_STD/mbed_retarget.o
    0x00004848   0x00004848   0x0000001e   Code   RO         2242    i.fputc             C:\Keil_v5\ARM\ARMCC\Bin\..\lib\armlib\c_p.l(fputc.o)
    0x00004866   0x00004866   0x00000002   PAD
    0x00004868   0x00004868   0x00000008   Code   RO         1812    i.get_us_ticker_data  mbed/TARGET_KL25Z/TOOLCHAIN_ARM_STD/mbed.ar(mbed_us_ticker_api.o)
    0x00004870   0x00004870   0x00000054   Code   RO           31    i.gpio_dir          mbed/TARGET_KL25Z/TOOLCHAIN_ARM_STD/gpio_api.o
    0x000048c4   0x000048c4   0x0000003c   Code   RO           32    i.gpio_init         mbed/TARGET_KL25Z/TOOLCHAIN_ARM_STD/gpio_api.o
    0x00004900   0x00004900   0x00000022   Code   RO         1768    i.gpio_init_in      mbed/TARGET_KL25Z/TOOLCHAIN_ARM_STD/mbed.ar(mbed_gpio.o)
    0x00004922   0x00004922   0x00000002   PAD
    0x00004924   0x00004924   0x00000040   Code   RO         1771    i.gpio_init_out     mbed/TARGET_KL25Z/TOOLCHAIN_ARM_STD/mbed.ar(mbed_gpio.o)
    0x00004964   0x00004964   0x00000060   Code   RO         1772    i.gpio_init_out_ex  mbed/TARGET_KL25Z/TOOLCHAIN_ARM_STD/mbed.ar(mbed_gpio.o)
    0x000049c4   0x000049c4   0x0000000e   Code   RO           33    i.gpio_mode         mbed/TARGET_KL25Z/TOOLCHAIN_ARM_STD/gpio_api.o
    0x000049d2   0x000049d2   0x00000002   PAD
    0x000049d4   0x000049d4   0x000000d8   Code   RO         1827    i.initialize        mbed/TARGET_KL25Z/TOOLCHAIN_ARM_STD/mbed.ar(mbed_ticker_api.o)
    0x00004aac   0x00004aac   0x00000060   Code   RO          454    i.lptmr_isr         mbed/TARGET_KL25Z/TOOLCHAIN_ARM_STD/us_ticker.o
    0x00004b0c   0x00004b0c   0x00000148   Code   RO          482    i.main              .\build\main.o
    0x00004c54   0x00004c54   0x00000054   Code   RO         1882    i.mbed_assert_internal  mbed/TARGET_KL25Z/TOOLCHAIN_ARM_STD/mbed.ar(mbed_assert.o)
    0x00004ca8   0x00004ca8   0x000000c4   Code   RO          105    i.mbed_die          mbed/TARGET_KL25Z/TOOLCHAIN_ARM_STD/mbed_board.o
    0x00004d6c   0x00004d6c   0x00000058   Code   RO          106    i.mbed_error_printf  mbed/TARGET_KL25Z/TOOLCHAIN_ARM_STD/mbed_board.o
    0x00004dc4   0x00004dc4   0x00000050   Code   RO          107    i.mbed_error_vfprintf  mbed/TARGET_KL25Z/TOOLCHAIN_ARM_STD/mbed_board.o
    0x00004e14   0x00004e14   0x00000008   Code   RO         1895    i.mbed_interface_connected  mbed/TARGET_KL25Z/TOOLCHAIN_ARM_STD/mbed.ar(mbed_interface.o)
    0x00004e1c   0x00004e1c   0x00000002   Code   RO          289    i.mbed_main         mbed/TARGET_KL25Z/TOOLCHAIN_ARM_STD/mbed_sdk_boot.o
    0x00004e1e   0x00004e1e   0x00000002   Code   RO          290    i.mbed_sdk_init     mbed/TARGET_KL25Z/TOOLCHAIN_ARM_STD/mbed_sdk_boot.o
    0x00004e20   0x00004e20   0x00000564   Code   RO         1287    i.monitor           .\build\monitor.o
    0x00005384   0x00005384   0x00000064   Code   RO          318    i.pin_function      mbed/TARGET_KL25Z/TOOLCHAIN_ARM_STD/pinmap.o
    0x000053e8   0x000053e8   0x00000040   Code   RO          319    i.pin_mode          mbed/TARGET_KL25Z/TOOLCHAIN_ARM_STD/pinmap.o
    0x00005428   0x00005428   0x00000034   Code   RO         1786    i.pinmap_merge      mbed/TARGET_KL25Z/TOOLCHAIN_ARM_STD/mbed.ar(mbed_pinmap_common.o)
    0x0000545c   0x0000545c   0x0000005c   Code   RO         1787    i.pinmap_peripheral  mbed/TARGET_KL25Z/TOOLCHAIN_ARM_STD/mbed.ar(mbed_pinmap_common.o)
    0x000054b8   0x000054b8   0x00000054   Code   RO         1788    i.pinmap_pinout     mbed/TARGET_KL25Z/TOOLCHAIN_ARM_STD/mbed.ar(mbed_pinmap_common.o)
    0x0000550c   0x0000550c   0x00000620   Code   RO         2434    i.powf              C:\Keil_v5\ARM\ARMCC\Bin\..\lib\armlib\m_ps.l(powf.o)
    0x00005b2c   0x00005b2c   0x00000234   Code   RO          344    i.pwmout_init       mbed/TARGET_KL25Z/TOOLCHAIN_ARM_STD/pwmout_api.o
    0x00005d60   0x00005d60   0x0000008c   Code   RO          347    i.pwmout_period_us  mbed/TARGET_KL25Z/TOOLCHAIN_ARM_STD/pwmout_api.o
    0x00005dec   0x00005dec   0x00000030   Code   RO          348    i.pwmout_pulsewidth  mbed/TARGET_KL25Z/TOOLCHAIN_ARM_STD/pwmout_api.o
    0x00005e1c   0x00005e1c   0x000000e0   Code   RO         1828    i.schedule_interrupt  mbed/TARGET_KL25Z/TOOLCHAIN_ARM_STD/mbed.ar(mbed_ticker_api.o)
    0x00005efc   0x00005efc   0x0000000c   Code   RO         2059    i.semihost_connected  mbed/TARGET_KL25Z/TOOLCHAIN_ARM_STD/mbed.ar(mbed_semihost_api.o)
    0x00005f08   0x00005f08   0x0000000c   Code   RO         2061    i.semihost_exit     mbed/TARGET_KL25Z/TOOLCHAIN_ARM_STD/mbed.ar(mbed_semihost_api.o)
    0x00005f14   0x00005f14   0x00000110   Code   RO         1425    i.serial            .\build\uart_poll.o
    0x00006024   0x00006024   0x00000180   Code   RO          369    i.serial_baud       mbed/TARGET_KL25Z/TOOLCHAIN_ARM_STD/serial_api.o
    0x000061a4   0x000061a4   0x000000d4   Code   RO          373    i.serial_format     mbed/TARGET_KL25Z/TOOLCHAIN_ARM_STD/serial_api.o
    0x00006278   0x00006278   0x0000018c   Code   RO          376    i.serial_init       mbed/TARGET_KL25Z/TOOLCHAIN_ARM_STD/serial_api.o
    0x00006404   0x00006404   0x00000018   Code   RO          377    i.serial_irq_handler  mbed/TARGET_KL25Z/TOOLCHAIN_ARM_STD/serial_api.o
    0x0000641c   0x0000641c   0x000000d4   Code   RO          378    i.serial_irq_set    mbed/TARGET_KL25Z/TOOLCHAIN_ARM_STD/serial_api.o
    0x000064f0   0x000064f0   0x00000024   Code   RO          380    i.serial_putc       mbed/TARGET_KL25Z/TOOLCHAIN_ARM_STD/serial_api.o
    0x00006514   0x00006514   0x000000bc   Code   RO         1288    i.set_display_mode  .\build\monitor.o
    0x000065d0   0x000065d0   0x00000060   Code   RO         1800    i.sleep_manager_lock_deep_sleep  mbed/TARGET_KL25Z/TOOLCHAIN_ARM_STD/mbed.ar(mbed_sleep_manager.o)
    0x00006630   0x00006630   0x00000054   Code   RO         1802    i.sleep_manager_unlock_deep_sleep  mbed/TARGET_KL25Z/TOOLCHAIN_ARM_STD/mbed.ar(mbed_sleep_manager.o)
    0x00006684   0x00006684   0x00000080   Code   RO          418    i.spi_format        mbed/TARGET_KL25Z/TOOLCHAIN_ARM_STD/spi_api.o
    0x00006704   0x00006704   0x0000008c   Code   RO          420    i.spi_frequency     mbed/TARGET_KL25Z/TOOLCHAIN_ARM_STD/spi_api.o
    0x00006790   0x00006790   0x000000f8   Code   RO          421    i.spi_init          mbed/TARGET_KL25Z/TOOLCHAIN_ARM_STD/spi_api.o
    0x00006888   0x00006888   0x00000016   Code   RO          423    i.spi_master_write  mbed/TARGET_KL25Z/TOOLCHAIN_ARM_STD/spi_api.o
    0x0000689e   0x0000689e   0x0000005c   Code   RO         1831    i.ticker_insert_event_us  mbed/TARGET_KL25Z/TOOLCHAIN_ARM_STD/mbed.ar(mbed_ticker_api.o)
    0x000068fa   0x000068fa   0x00000044   Code   RO         1832    i.ticker_irq_handler  mbed/TARGET_KL25Z/TOOLCHAIN_ARM_STD/mbed.ar(mbed_ticker_api.o)
    0x0000693e   0x0000693e   0x00000014   Code   RO         1833    i.ticker_read       mbed/TARGET_KL25Z/TOOLCHAIN_ARM_STD/mbed.ar(mbed_ticker_api.o)
    0x00006952   0x00006952   0x00000038   Code   RO         1835    i.ticker_remove_event  mbed/TARGET_KL25Z/TOOLCHAIN_ARM_STD/mbed.ar(mbed_ticker_api.o)
    0x0000698a   0x0000698a   0x00000010   Code   RO         1836    i.ticker_set_handler  mbed/TARGET_KL25Z/TOOLCHAIN_ARM_STD/mbed.ar(mbed_ticker_api.o)
    0x0000699a   0x0000699a   0x00000002   PAD
    0x0000699c   0x0000699c   0x00000044   Code   RO          383    i.uart0_irq         mbed/TARGET_KL25Z/TOOLCHAIN_ARM_STD/serial_api.o
    0x000069e0   0x000069e0   0x00000034   Code   RO          384    i.uart1_irq         mbed/TARGET_KL25Z/TOOLCHAIN_ARM_STD/serial_api.o
    0x00006a14   0x00006a14   0x00000034   Code   RO          385    i.uart2_irq         mbed/TARGET_KL25Z/TOOLCHAIN_ARM_STD/serial_api.o
    0x00006a48   0x00006a48   0x000000f8   Code   RO         1837    i.update_present_time  mbed/TARGET_KL25Z/TOOLCHAIN_ARM_STD/mbed.ar(mbed_ticker_api.o)
    0x00006b40   0x00006b40   0x00000002   Code   RO          455    i.us_ticker_clear_interrupt  mbed/TARGET_KL25Z/TOOLCHAIN_ARM_STD/us_ticker.o
    0x00006b42   0x00006b42   0x00000002   PAD
    0x00006b44   0x00006b44   0x00000010   Code   RO          456    i.us_ticker_disable_interrupt  mbed/TARGET_KL25Z/TOOLCHAIN_ARM_STD/us_ticker.o
    0x00006b54   0x00006b54   0x00000010   Code   RO          457    i.us_ticker_fire_interrupt  mbed/TARGET_KL25Z/TOOLCHAIN_ARM_STD/us_ticker.o
    0x00006b64   0x00006b64   0x00000008   Code   RO          165    i.us_ticker_get_info  mbed/TARGET_KL25Z/TOOLCHAIN_ARM_STD/mbed_retarget.o
    0x00006b6c   0x00006b6c   0x000001c4   Code   RO          458    i.us_ticker_init    mbed/TARGET_KL25Z/TOOLCHAIN_ARM_STD/us_ticker.o
    0x00006d30   0x00006d30   0x00000018   Code   RO         1814    i.us_ticker_irq_handler  mbed/TARGET_KL25Z/TOOLCHAIN_ARM_STD/mbed.ar(mbed_us_ticker_api.o)
    0x00006d48   0x00006d48   0x00000020   Code   RO          459    i.us_ticker_read    mbed/TARGET_KL25Z/TOOLCHAIN_ARM_STD/us_ticker.o
    0x00006d68   0x00006d68   0x00000068   Code   RO          460    i.us_ticker_set_interrupt  mbed/TARGET_KL25Z/TOOLCHAIN_ARM_STD/us_ticker.o
    0x00006dd0   0x00006dd0   0x00000024   Code   RO         2050    i.wait_ms           mbed/TARGET_KL25Z/TOOLCHAIN_ARM_STD/mbed.ar(mbed_wait_api_no_rtos.o)
    0x00006df4   0x00006df4   0x0000002c   Code   RO         2896    locale$$code        C:\Keil_v5\ARM\ARMCC\Bin\..\lib\armlib\c_p.l(lc_numeric_c.o)
    0x00006e20   0x00006e20   0x0000002c   Code   RO         2964    locale$$code        C:\Keil_v5\ARM\ARMCC\Bin\..\lib\armlib\c_p.l(lc_ctype_c.o)
    0x00006e4c   0x00006e4c   0x0000002c   Code   RO         2104    t._ZN12SingletonPtrI13PlatformMutexEptEv  mbed/TARGET_KL25Z/TOOLCHAIN_ARM_STD/mbed.ar(FileBase.o)
    0x00006e78   0x00006e78   0x0000000a   Code   RO          661    t._ZN4mbed8CallbackIFvvEE13function_callIPS1_EEvPKv  .\build\main.o
    0x00006e82   0x00006e82   0x00000002   Code   RO          673    t._ZN4mbed8CallbackIFvvEE13function_dtorIPS1_EEvPv  .\build\main.o
    0x00006e84   0x00006e84   0x0000000e   Code   RO          667    t._ZN4mbed8CallbackIFvvEE13function_moveIPS1_EEvPvPKv  .\build\main.o
    0x00006e92   0x00006e92   0x00000014   Code   RO         1724    t._ZN4mbed8CallbackIFvvEED1Ev  mbed/TARGET_KL25Z/TOOLCHAIN_ARM_STD/mbed.ar(SerialBase.o)
    0x00006ea6   0x00006ea6   0x00000002   PAD
    0x00006ea8   0x00006ea8   0x0000008c   Code   RO         2412    x$fpl$fadd          C:\Keil_v5\ARM\ARMCC\Bin\..\lib\armlib\fz_ps.l(faddsub.o)
    0x00006f34   0x00006f34   0x000000b0   Code   RO         2427    x$fpl$fmul          C:\Keil_v5\ARM\ARMCC\Bin\..\lib\armlib\fz_ps.l(fmul.o)
    0x00006fe4   0x00006fe4   0x00000058   Code   RO         2429    x$fpl$frleqf        C:\Keil_v5\ARM\ARMCC\Bin\..\lib\armlib\fz_ps.l(frlef.o)
    0x0000703c   0x0000703c   0x00000018   Code   RO         2413    x$fpl$frsb          C:\Keil_v5\ARM\ARMCC\Bin\..\lib\armlib\fz_ps.l(faddsub.o)
    0x00007054   0x00007054   0x000000d0   Code   RO         2414    x$fpl$fsub          C:\Keil_v5\ARM\ARMCC\Bin\..\lib\armlib\fz_ps.l(faddsub.o)
    0x00007124   0x00007124   0x00000010   Code   RO         2695    x$fpl$printf1       C:\Keil_v5\ARM\ARMCC\Bin\..\lib\armlib\fz_ps.l(printf1.o)
    0x00007134   0x00007134   0x00000010   Code   RO         2697    x$fpl$printf2       C:\Keil_v5\ARM\ARMCC\Bin\..\lib\armlib\fz_ps.l(printf2.o)
    0x00007144   0x00007144   0x00000000   Code   RO         2705    x$fpl$usenofp       C:\Keil_v5\ARM\ARMCC\Bin\..\lib\armlib\fz_ps.l(usenofp.o)
    0x00007144   0x00007144   0x00000028   Data   RO          211    .constdata          mbed/TARGET_KL25Z/TOOLCHAIN_ARM_STD/mbed_retarget.o
    0x0000716c   0x0000716c   0x000000cc   Data   RO          303    .constdata          mbed/TARGET_KL25Z/TOOLCHAIN_ARM_STD/PeripheralPins.o
    0x00007238   0x00007238   0x0000006c   Data   RO          307    .constdata          mbed/TARGET_KL25Z/TOOLCHAIN_ARM_STD/PeripheralPins.o
    0x000072a4   0x000072a4   0x0000006c   Data   RO          308    .constdata          mbed/TARGET_KL25Z/TOOLCHAIN_ARM_STD/PeripheralPins.o
    0x00007310   0x00007310   0x00000054   Data   RO          309    .constdata          mbed/TARGET_KL25Z/TOOLCHAIN_ARM_STD/PeripheralPins.o
    0x00007364   0x00007364   0x0000009c   Data   RO          310    .constdata          mbed/TARGET_KL25Z/TOOLCHAIN_ARM_STD/PeripheralPins.o
    0x00007400   0x00007400   0x0000009c   Data   RO          311    .constdata          mbed/TARGET_KL25Z/TOOLCHAIN_ARM_STD/PeripheralPins.o
    0x0000749c   0x0000749c   0x00000054   Data   RO          312    .constdata          mbed/TARGET_KL25Z/TOOLCHAIN_ARM_STD/PeripheralPins.o
    0x000074f0   0x000074f0   0x000001bc   Data   RO          313    .constdata          mbed/TARGET_KL25Z/TOOLCHAIN_ARM_STD/PeripheralPins.o
    0x000076ac   0x000076ac   0x0000001c   Data   RO         1816    .constdata          mbed/TARGET_KL25Z/TOOLCHAIN_ARM_STD/mbed.ar(mbed_us_ticker_api.o)
    0x000076c8   0x000076c8   0x00000008   Data   RO         1817    .constdata          mbed/TARGET_KL25Z/TOOLCHAIN_ARM_STD/mbed.ar(mbed_us_ticker_api.o)
    0x000076d0   0x000076d0   0x00000040   Data   RO         2419    .constdata          C:\Keil_v5\ARM\ARMCC\Bin\..\lib\armlib\fz_ps.l(fdiv.o)
    0x00007710   0x00007710   0x00000140   Data   RO         2435    .constdata          C:\Keil_v5\ARM\ARMCC\Bin\..\lib\armlib\m_ps.l(powf.o)
    0x00007850   0x00007850   0x00000008   Data   RO         2505    .constdata          C:\Keil_v5\ARM\ARMCC\Bin\..\lib\armlib\c_p.l(_printf_wctomb.o)
    0x00007858   0x00007858   0x00000028   Data   RO         2534    .constdata          C:\Keil_v5\ARM\ARMCC\Bin\..\lib\armlib\c_p.l(_printf_hex_int_ll_ptr.o)
    0x00007880   0x00007880   0x00000011   Data   RO         2554    .constdata          C:\Keil_v5\ARM\ARMCC\Bin\..\lib\armlib\c_p.l(__printf_flags_ss_wp.o)
    0x00007891   0x00007891   0x00000026   Data   RO         2758    .constdata          C:\Keil_v5\ARM\ARMCC\Bin\..\lib\armlib\c_p.l(_printf_fp_hex.o)
    0x000078b7   0x000078b7   0x00000001   PAD
    0x000078b8   0x000078b8   0x00000094   Data   RO         2887    .constdata          C:\Keil_v5\ARM\ARMCC\Bin\..\lib\armlib\c_p.l(bigflt0.o)
    0x0000794c   0x0000794c   0x0000004c   Data   RO         2123    .constdata__ZTVN4mbed10FileHandleE  mbed/TARGET_KL25Z/TOOLCHAIN_ARM_STD/mbed.ar(FileHandle.o)
    0x00007998   0x00007998   0x00000018   Data   RO         1723    .constdata__ZTVN4mbed10SerialBaseE  mbed/TARGET_KL25Z/TOOLCHAIN_ARM_STD/mbed.ar(SerialBase.o)
    0x000079b0   0x000079b0   0x00000014   Data   RO         1761    .constdata__ZTVN4mbed10TimerEventE  mbed/TARGET_KL25Z/TOOLCHAIN_ARM_STD/mbed.ar(TimerEvent.o)
    0x000079c4   0x000079c4   0x00000020   Data   RO         1548    .constdata__ZTVN4mbed3SPIE  mbed/TARGET_KL25Z/TOOLCHAIN_ARM_STD/mbed.ar(SPI.o)
    0x000079e4   0x000079e4   0x0000008c   Data   RO         1595    .constdata__ZTVN4mbed6SerialE  mbed/TARGET_KL25Z/TOOLCHAIN_ARM_STD/mbed.ar(Serial.o)
    0x00007a70   0x00007a70   0x0000006c   Data   RO         2032    .constdata__ZTVN4mbed6StreamE  mbed/TARGET_KL25Z/TOOLCHAIN_ARM_STD/mbed.ar(Stream.o)
    0x00007adc   0x00007adc   0x00000014   Data   RO         1653    .constdata__ZTVN4mbed6TickerE  mbed/TARGET_KL25Z/TOOLCHAIN_ARM_STD/mbed.ar(Ticker.o)
    0x00007af0   0x00007af0   0x00000018   Data   RO          654    .constdata__ZTVN4mbed8AnalogInE  .\build\main.o
    0x00007b08   0x00007b08   0x00000010   Data   RO         2103    .constdata__ZTVN4mbed8FileBaseE  mbed/TARGET_KL25Z/TOOLCHAIN_ARM_STD/mbed.ar(FileBase.o)
    0x00007b18   0x00007b18   0x00000014   Data   RO          282    .constdata__ZZN12SingletonPtrI13PlatformMutexE3getEvEs  mbed/TARGET_KL25Z/TOOLCHAIN_ARM_STD/mbed_retarget.o
    0x00007b2c   0x00007b2c   0x00000059   Data   RO          283    .constdata__ZZN12SingletonPtrI13PlatformMutexE3getEvEs_0  mbed/TARGET_KL25Z/TOOLCHAIN_ARM_STD/mbed_retarget.o
    0x00007b85   0x00007b85   0x00000003   PAD
    0x00007b88   0x00007b88   0x0000000c   Data   RO          655    .constdata__ZZN4mbed8CallbackIFvvEE8generateIPS1_EEvRKT_E3ops  .\build\main.o
    0x00007b94   0x00007b94   0x0000006a   Data   RO            6    .conststring        mbed/TARGET_KL25Z/TOOLCHAIN_ARM_STD/analogin_api.o
    0x00007bfe   0x00007bfe   0x00000002   PAD
    0x00007c00   0x00007c00   0x00000066   Data   RO           35    .conststring        mbed/TARGET_KL25Z/TOOLCHAIN_ARM_STD/gpio_api.o
    0x00007c66   0x00007c66   0x00000002   PAD
    0x00007c68   0x00007c68   0x00000079   Data   RO          108    .conststring        mbed/TARGET_KL25Z/TOOLCHAIN_ARM_STD/mbed_board.o
    0x00007ce1   0x00007ce1   0x00000003   PAD
    0x00007ce4   0x00007ce4   0x00000064   Data   RO          320    .conststring        mbed/TARGET_KL25Z/TOOLCHAIN_ARM_STD/pinmap.o
    0x00007d48   0x00007d48   0x00000068   Data   RO          353    .conststring        mbed/TARGET_KL25Z/TOOLCHAIN_ARM_STD/pwmout_api.o
    0x00007db0   0x00007db0   0x000000c1   Data   RO          387    .conststring        mbed/TARGET_KL25Z/TOOLCHAIN_ARM_STD/serial_api.o
    0x00007e71   0x00007e71   0x00000003   PAD
    0x00007e74   0x00007e74   0x00000072   Data   RO          427    .conststring        mbed/TARGET_KL25Z/TOOLCHAIN_ARM_STD/spi_api.o
    0x00007ee6   0x00007ee6   0x00000002   PAD
    0x00007ee8   0x00007ee8   0x0000004c   Data   RO         1838    .conststring        mbed/TARGET_KL25Z/TOOLCHAIN_ARM_STD/mbed.ar(mbed_ticker_api.o)
    0x00007f34   0x00007f34   0x0000004f   Data   RO         1931    .conststring        mbed/TARGET_KL25Z/TOOLCHAIN_ARM_STD/mbed.ar(mbed_critical.o)
    0x00007f83   0x00007f83   0x00000001   PAD
    0x00007f84   0x00007f84   0x00000020   Data   RO         3034    Region$$Table       anon$$obj.o
    0x00007fa4   0x00007fa4   0x0000001c   Data   RO         2895    locale$$data        C:\Keil_v5\ARM\ARMCC\Bin\..\lib\armlib\c_p.l(lc_numeric_c.o)
    0x00007fc0   0x00007fc0   0x00000110   Data   RO         2963    locale$$data        C:\Keil_v5\ARM\ARMCC\Bin\..\lib\armlib\c_p.l(lc_ctype_c.o)
    0x000080d0   0x000080d0   0x00000004   Data   RO          495    .init_array         .\build\main.o
    0x000080d4   0x000080d0   0x00000000   Data   RO         2288    .init_array         C:\Keil_v5\ARM\ARMCC\Bin\..\lib\armlib\c_p.l(init_aeabi.o)


    Execution Region RW_IRAM1 (Exec base: 0x1ffff0c0, Load base: 0x000080d4, Size: 0x000004d8, Max: 0x00003f40, ABSOLUTE)

    Exec Addr    Load Addr    Size         Type   Attr      Idx    E Section Name        Object

    0x1ffff0c0   0x000080d4   0x00000010   Data   RW          215    .data               mbed/TARGET_KL25Z/TOOLCHAIN_ARM_STD/mbed_retarget.o
    0x1ffff0d0   0x000080e4   0x00000004   Data   RW          354    .data               mbed/TARGET_KL25Z/TOOLCHAIN_ARM_STD/pwmout_api.o
    0x1ffff0d4   0x000080e8   0x00000010   Data   RW          388    .data               mbed/TARGET_KL25Z/TOOLCHAIN_ARM_STD/serial_api.o
    0x1ffff0e4   0x000080f8   0x00000004   Data   RW          447    .data               mbed/TARGET_KL25Z/TOOLCHAIN_ARM_STD/system_MKL25Z4.o
    0x1ffff0e8   0x000080fc   0x0000000c   Data   RW          461    .data               mbed/TARGET_KL25Z/TOOLCHAIN_ARM_STD/us_ticker.o
    0x1ffff0f4   0x00008108   0x00000046   Data   RW          494    .data               .\build\main.o
    0x1ffff13a   0x0000814e   0x00000002   PAD
    0x1ffff13c   0x00008150   0x00000014   Data   RW         1122    .data               .\build\timer0.o
    0x1ffff150   0x00008164   0x00000001   Data   RW         1436    .data               .\build\uart_poll.o
    0x1ffff151   0x00008165   0x00000003   PAD
    0x1ffff154   0x00008168   0x00000008   Data   RW         1503    .data               mbed/TARGET_KL25Z/TOOLCHAIN_ARM_STD/mbed.ar(AnalogIn.o)
    0x1ffff15c   0x00008170   0x0000000c   Data   RW         1528    .data               mbed/TARGET_KL25Z/TOOLCHAIN_ARM_STD/mbed.ar(SPI.o)
    0x1ffff168   0x0000817c   0x00000002   Data   RW         1803    .data               mbed/TARGET_KL25Z/TOOLCHAIN_ARM_STD/mbed.ar(mbed_sleep_manager.o)
    0x1ffff16a   0x0000817e   0x00000002   PAD
    0x1ffff16c   0x00008180   0x00000004   Data   RW         1818    .data               mbed/TARGET_KL25Z/TOOLCHAIN_ARM_STD/mbed.ar(mbed_us_ticker_api.o)
    0x1ffff170   0x00008184   0x00000001   Data   RW         1889    .data               mbed/TARGET_KL25Z/TOOLCHAIN_ARM_STD/mbed.ar(mbed_error.o)
    0x1ffff171   0x00008185   0x00000003   PAD
    0x1ffff174   0x00008188   0x00000008   Data   RW         1932    .data               mbed/TARGET_KL25Z/TOOLCHAIN_ARM_STD/mbed.ar(mbed_critical.o)
    0x1ffff17c   0x00008190   0x00000004   Data   RW         2066    .data               mbed/TARGET_KL25Z/TOOLCHAIN_ARM_STD/mbed.ar(mbed_semihost_api.o)
    0x1ffff180   0x00008194   0x0000000c   Data   RW         2092    .data               mbed/TARGET_KL25Z/TOOLCHAIN_ARM_STD/mbed.ar(FileBase.o)
    0x1ffff18c   0x000081a0   0x00000004   Data   RW         2254    .data               C:\Keil_v5\ARM\ARMCC\Bin\..\lib\armlib\c_p.l(stdio_streams.o)
    0x1ffff190   0x000081a4   0x00000004   Data   RW         2255    .data               C:\Keil_v5\ARM\ARMCC\Bin\..\lib\armlib\c_p.l(stdio_streams.o)
    0x1ffff194   0x000081a8   0x00000004   Data   RW         2256    .data               C:\Keil_v5\ARM\ARMCC\Bin\..\lib\armlib\c_p.l(stdio_streams.o)
    0x1ffff198   0x000081ac   0x00000004   Data   RW         2824    .data               C:\Keil_v5\ARM\ARMCC\Bin\..\lib\armlib\c_p.l(heapauxa.o)
    0x1ffff19c        -       0x00000144   Zero   RW          210    .bss                mbed/TARGET_KL25Z/TOOLCHAIN_ARM_STD/mbed_retarget.o
    0x1ffff2e0        -       0x0000000c   Zero   RW          386    .bss                mbed/TARGET_KL25Z/TOOLCHAIN_ARM_STD/serial_api.o
    0x1ffff2ec   0x000081b0   0x00000004   PAD
    0x1ffff2f0        -       0x0000014c   Zero   RW          493    .bss                .\build\main.o
    0x1ffff43c   0x000081b0   0x00000004   PAD
    0x1ffff440        -       0x00000040   Zero   RW         1815    .bss                mbed/TARGET_KL25Z/TOOLCHAIN_ARM_STD/mbed.ar(mbed_us_ticker_api.o)
    0x1ffff480        -       0x00000004   Zero   RW         2151    .bss                C:\Keil_v5\ARM\ARMCC\Bin\..\lib\armlib\c_p.l(rt_errno_addr.o)
    0x1ffff484        -       0x00000054   Zero   RW         2251    .bss                C:\Keil_v5\ARM\ARMCC\Bin\..\lib\armlib\c_p.l(stdio_streams.o)
    0x1ffff4d8        -       0x00000054   Zero   RW         2252    .bss                C:\Keil_v5\ARM\ARMCC\Bin\..\lib\armlib\c_p.l(stdio_streams.o)
    0x1ffff52c        -       0x00000054   Zero   RW         2253    .bss                C:\Keil_v5\ARM\ARMCC\Bin\..\lib\armlib\c_p.l(stdio_streams.o)
    0x1ffff580        -       0x00000004   Zero   RW         2458    .bss                C:\Keil_v5\ARM\ARMCC\Bin\..\lib\armlib\c_p.l(rt_heap_descriptor.o)
    0x1ffff584        -       0x00000014   Zero   RW         2873    .bss                C:\Keil_v5\ARM\ARMCC\Bin\..\lib\armlib\c_p.l(rt_locale.o)

