Component: ARM Compiler 5.06 update 5 (build 528) Tool: armlink [4d35e2]

==============================================================================

Section Cross References

    mbed/TARGET_KL25Z/TOOLCHAIN_ARM_STD/analogin_api.o(i.analogin_init) refers to mbed/TARGET_KL25Z/TOOLCHAIN_ARM_STD/mbed.ar(mbed_pinmap_common.o)(i.pinmap_peripheral) for pinmap_peripheral
    mbed/TARGET_KL25Z/TOOLCHAIN_ARM_STD/analogin_api.o(i.analogin_init) refers to mbed/TARGET_KL25Z/TOOLCHAIN_ARM_STD/mbed.ar(mbed_assert.o)(i.mbed_assert_internal) for mbed_assert_internal
    mbed/TARGET_KL25Z/TOOLCHAIN_ARM_STD/analogin_api.o(i.analogin_init) refers to C:\Keil_v5\ARM\ARMCC\Bin\..\lib\armlib\c_p.l(aeabi_sdivfast.o)(.text) for __aeabi_uidivmod
    mbed/TARGET_KL25Z/TOOLCHAIN_ARM_STD/analogin_api.o(i.analogin_init) refers to mbed/TARGET_KL25Z/TOOLCHAIN_ARM_STD/mbed.ar(mbed_pinmap_common.o)(i.pinmap_pinout) for pinmap_pinout
    mbed/TARGET_KL25Z/TOOLCHAIN_ARM_STD/analogin_api.o(i.analogin_init) refers to mbed/TARGET_KL25Z/TOOLCHAIN_ARM_STD/PeripheralPins.o(.constdata) for PinMap_ADC
    mbed/TARGET_KL25Z/TOOLCHAIN_ARM_STD/analogin_api.o(i.analogin_init) refers to mbed/TARGET_KL25Z/TOOLCHAIN_ARM_STD/analogin_api.o(.conststring) for .conststring
    mbed/TARGET_KL25Z/TOOLCHAIN_ARM_STD/analogin_api.o(i.analogin_init) refers to mbed/TARGET_KL25Z/TOOLCHAIN_ARM_STD/system_MKL25Z4.o(.data) for SystemCoreClock
    mbed/TARGET_KL25Z/TOOLCHAIN_ARM_STD/analogin_api.o(i.analogin_read) refers to C:\Keil_v5\ARM\ARMCC\Bin\..\lib\armlib\fz_ps.l(fflti.o)(.text) for __aeabi_ui2f
    mbed/TARGET_KL25Z/TOOLCHAIN_ARM_STD/analogin_api.o(i.analogin_read) refers to C:\Keil_v5\ARM\ARMCC\Bin\..\lib\armlib\fz_ps.l(fmul.o)(x$fpl$fmul) for __aeabi_fmul
    mbed/TARGET_KL25Z/TOOLCHAIN_ARM_STD/analogout_api.o(i.analogout_init) refers to mbed/TARGET_KL25Z/TOOLCHAIN_ARM_STD/mbed.ar(mbed_pinmap_common.o)(i.pinmap_peripheral) for pinmap_peripheral
    mbed/TARGET_KL25Z/TOOLCHAIN_ARM_STD/analogout_api.o(i.analogout_init) refers to mbed/TARGET_KL25Z/TOOLCHAIN_ARM_STD/mbed.ar(mbed_assert.o)(i.mbed_assert_internal) for mbed_assert_internal
    mbed/TARGET_KL25Z/TOOLCHAIN_ARM_STD/analogout_api.o(i.analogout_init) refers to mbed/TARGET_KL25Z/TOOLCHAIN_ARM_STD/mbed.ar(mbed_pinmap_common.o)(i.pinmap_pinout) for pinmap_pinout
    mbed/TARGET_KL25Z/TOOLCHAIN_ARM_STD/analogout_api.o(i.analogout_init) refers to mbed/TARGET_KL25Z/TOOLCHAIN_ARM_STD/PeripheralPins.o(.constdata) for PinMap_DAC
    mbed/TARGET_KL25Z/TOOLCHAIN_ARM_STD/analogout_api.o(i.analogout_init) refers to mbed/TARGET_KL25Z/TOOLCHAIN_ARM_STD/analogout_api.o(.conststring) for .conststring
    mbed/TARGET_KL25Z/TOOLCHAIN_ARM_STD/analogout_api.o(i.analogout_read) refers to C:\Keil_v5\ARM\ARMCC\Bin\..\lib\armlib\fz_ps.l(fflti.o)(.text) for __aeabi_ui2f
    mbed/TARGET_KL25Z/TOOLCHAIN_ARM_STD/analogout_api.o(i.analogout_read) refers to C:\Keil_v5\ARM\ARMCC\Bin\..\lib\armlib\fz_ps.l(fmul.o)(x$fpl$fmul) for __aeabi_fmul
    mbed/TARGET_KL25Z/TOOLCHAIN_ARM_STD/analogout_api.o(i.analogout_write) refers to C:\Keil_v5\ARM\ARMCC\Bin\..\lib\armlib\fz_ps.l(fmul.o)(x$fpl$fmul) for __aeabi_fmul
    mbed/TARGET_KL25Z/TOOLCHAIN_ARM_STD/analogout_api.o(i.analogout_write) refers to C:\Keil_v5\ARM\ARMCC\Bin\..\lib\armlib\fz_ps.l(ffixi.o)(.text) for __aeabi_f2iz
    mbed/TARGET_KL25Z/TOOLCHAIN_ARM_STD/gpio_api.o(i.gpio_dir) refers to mbed/TARGET_KL25Z/TOOLCHAIN_ARM_STD/mbed.ar(mbed_assert.o)(i.mbed_assert_internal) for mbed_assert_internal
    mbed/TARGET_KL25Z/TOOLCHAIN_ARM_STD/gpio_api.o(i.gpio_dir) refers to mbed/TARGET_KL25Z/TOOLCHAIN_ARM_STD/gpio_api.o(.conststring) for .conststring
    mbed/TARGET_KL25Z/TOOLCHAIN_ARM_STD/gpio_api.o(i.gpio_init) refers to mbed/TARGET_KL25Z/TOOLCHAIN_ARM_STD/pinmap.o(i.pin_function) for pin_function
    mbed/TARGET_KL25Z/TOOLCHAIN_ARM_STD/gpio_api.o(i.gpio_mode) refers to mbed/TARGET_KL25Z/TOOLCHAIN_ARM_STD/pinmap.o(i.pin_mode) for pin_mode
    mbed/TARGET_KL25Z/TOOLCHAIN_ARM_STD/gpio_api.o(i.gpio_set) refers to mbed/TARGET_KL25Z/TOOLCHAIN_ARM_STD/mbed.ar(mbed_assert.o)(i.mbed_assert_internal) for mbed_assert_internal
    mbed/TARGET_KL25Z/TOOLCHAIN_ARM_STD/gpio_api.o(i.gpio_set) refers to mbed/TARGET_KL25Z/TOOLCHAIN_ARM_STD/pinmap.o(i.pin_function) for pin_function
    mbed/TARGET_KL25Z/TOOLCHAIN_ARM_STD/gpio_api.o(i.gpio_set) refers to mbed/TARGET_KL25Z/TOOLCHAIN_ARM_STD/gpio_api.o(.conststring) for .conststring
    mbed/TARGET_KL25Z/TOOLCHAIN_ARM_STD/gpio_irq_api.o(i.gpio_irqA) refers to mbed/TARGET_KL25Z/TOOLCHAIN_ARM_STD/gpio_irq_api.o(i.handle_interrupt_in) for handle_interrupt_in
    mbed/TARGET_KL25Z/TOOLCHAIN_ARM_STD/gpio_irq_api.o(i.gpio_irqD) refers to mbed/TARGET_KL25Z/TOOLCHAIN_ARM_STD/gpio_irq_api.o(i.handle_interrupt_in) for handle_interrupt_in
    mbed/TARGET_KL25Z/TOOLCHAIN_ARM_STD/gpio_irq_api.o(i.gpio_irq_free) refers to mbed/TARGET_KL25Z/TOOLCHAIN_ARM_STD/gpio_irq_api.o(.bss) for .bss
[...]
    SPI1_IRQHandler                          0x000002eb   Thumb Code     0  mbed/TARGET_KL25Z/TOOLCHAIN_ARM_STD/startup_MKL25Z4.o(.text)
    TPM0_IRQHandler                          0x000002eb   Thumb Code     0  mbed/TARGET_KL25Z/TOOLCHAIN_ARM_STD/startup_MKL25Z4.o(.text)
    TPM1_IRQHandler                          0x000002eb   Thumb Code     0  mbed/TARGET_KL25Z/TOOLCHAIN_ARM_STD/startup_MKL25Z4.o(.text)
    TPM2_IRQHandler                          0x000002eb   Thumb Code     0  mbed/TARGET_KL25Z/TOOLCHAIN_ARM_STD/startup_MKL25Z4.o(.text)
    TSI0_IRQHandler                          0x000002eb   Thumb Code     0  mbed/TARGET_KL25Z/TOOLCHAIN_ARM_STD/startup_MKL25Z4.o(.text)
    UART0_IRQHandler                         0x000002eb   Thumb Code     0  mbed/TARGET_KL25Z/TOOLCHAIN_ARM_STD/startup_MKL25Z4.o(.text)
    UART1_IRQHandler                         0x000002eb   Thumb Code     0  mbed/TARGET_KL25Z/TOOLCHAIN_ARM_STD/startup_MKL25Z4.o(.text)
    UART2_IRQHandler                         0x000002eb   Thumb Code     0  mbed/TARGET_KL25Z/TOOLCHAIN_ARM_STD/startup_MKL25Z4.o(.text)
    USB0_IRQHandler                          0x000002eb   Thumb Code     0  mbed/TARGET_KL25Z/TOOLCHAIN_ARM_STD/startup_MKL25Z4.o(.text)
    __aeabi_errno_addr                       0x000002f5   Thumb Code     8  C:\Keil_v5\ARM\ARMCC\Bin\..\lib\armlib\c_p.l(rt_errno_addr.o)(.text)
    __errno                                  0x000002f5   Thumb Code     0  C:\Keil_v5\ARM\ARMCC\Bin\..\lib\armlib\c_p.l(rt_errno_addr.o)(.text)
    __rt_errno_addr                          0x000002f5   Thumb Code     0  C:\Keil_v5\ARM\ARMCC\Bin\..\lib\armlib\c_p.l(rt_errno_addr.o)(.text)
    malloc                                   0x000002fd   Thumb Code    98  C:\Keil_v5\ARM\ARMCC\Bin\..\lib\armlib\c_p.l(h1_alloc.o)(.text)
    free                                     0x0000035f   Thumb Code    76  C:\Keil_v5\ARM\ARMCC\Bin\..\lib\armlib\c_p.l(h1_free.o)(.text)
    __aeabi_llsl                             0x000003ab   Thumb Code    32  C:\Keil_v5\ARM\ARMCC\Bin\..\lib\armlib\c_p.l(llshl.o)(.text)
    _ll_shift_l                              0x000003ab   Thumb Code     0  C:\Keil_v5\ARM\ARMCC\Bin\..\lib\armlib\c_p.l(llshl.o)(.text)
    __aeabi_lmul                             0x000003cb   Thumb Code    48  C:\Keil_v5\ARM\ARMCC\Bin\..\lib\armlib\c_p.l(llmul.o)(.text)
    _ll_mul                                  0x000003cb   Thumb Code     0  C:\Keil_v5\ARM\ARMCC\Bin\..\lib\armlib\c_p.l(llmul.o)(.text)
    __use_no_heap                            0x000003fb   Thumb Code     2  C:\Keil_v5\ARM\ARMCC\Bin\..\lib\armlib\c_p.l(hguard.o)(.text)
    __heap$guard                             0x000003fd   Thumb Code     2  C:\Keil_v5\ARM\ARMCC\Bin\..\lib\armlib\c_p.l(hguard.o)(.text)
    __I$use$semihosting                      0x000003ff   Thumb Code     0  C:\Keil_v5\ARM\ARMCC\Bin\..\lib\armlib\c_p.l(use_no_semi.o)(.text)
    __use_no_semihosting_swi                 0x000003ff   Thumb Code     2  C:\Keil_v5\ARM\ARMCC\Bin\..\lib\armlib\c_p.l(use_no_semi.o)(.text)
    __aeabi_uldivmod                         0x00000411   Thumb Code   258  C:\Keil_v5\ARM\ARMCC\Bin\..\lib\armlib\c_p.l(lludiv.o)(.text)
    _ll_udiv                                 0x00000411   Thumb Code     0  C:\Keil_v5\ARM\ARMCC\Bin\..\lib\armlib\c_p.l(lludiv.o)(.text)
    vsnprintf                                0x00000515   Thumb Code    50  C:\Keil_v5\ARM\ARMCC\Bin\..\lib\armlib\c_p.l(vsnprintf.o)(.text)
    _do_fflush                               0x0000054d   Thumb Code    54  C:\Keil_v5\ARM\ARMCC\Bin\..\lib\armlib\c_p.l(fflush.o)(.text)
    fflush                                   0x00000583   Thumb Code    46  C:\Keil_v5\ARM\ARMCC\Bin\..\lib\armlib\c_p.l(fflush.o)(.text)
    freopen                                  0x000005b5   Thumb Code   148  C:\Keil_v5\ARM\ARMCC\Bin\..\lib\armlib\c_p.l(fopen.o)(.text)
    fopen                                    0x00000649   Thumb Code    76  C:\Keil_v5\ARM\ARMCC\Bin\..\lib\armlib\c_p.l(fopen.o)(.text)
    strlen                                   0x0000069d   Thumb Code    62  C:\Keil_v5\ARM\ARMCC\Bin\..\lib\armlib\c_p.l(strlen.o)(.text)
    strncmp                                  0x000006e1   Thumb Code   154  C:\Keil_v5\ARM\ARMCC\Bin\..\lib\armlib\c_p.l(strncmp.o)(.text)
    strcmp                                   0x00000781   Thumb Code   160  C:\Keil_v5\ARM\ARMCC\Bin\..\lib\armlib\c_p.l(strcmpv6m.o)(.text)
    __aeabi_uidiv                            0x00000821   Thumb Code     0  C:\Keil_v5\ARM\ARMCC\Bin\..\lib\armlib\c_p.l(aeabi_sdivfast.o)(.text)
    __aeabi_uidivmod                         0x00000821   Thumb Code    28  C:\Keil_v5\ARM\ARMCC\Bin\..\lib\armlib\c_p.l(aeabi_sdivfast.o)(.text)
    __aeabi_idiv                             0x0000083d   Thumb Code     0  C:\Keil_v5\ARM\ARMCC\Bin\..\lib\armlib\c_p.l(aeabi_sdivfast.o)(.text)
    __aeabi_idivmod                          0x0000083d   Thumb Code   460  C:\Keil_v5\ARM\ARMCC\Bin\..\lib\armlib\c_p.l(aeabi_sdivfast.o)(.text)
    __cpp_initialize__aeabi_                 0x00000a09   Thumb Code    26  C:\Keil_v5\ARM\ARMCC\Bin\..\lib\armlib\c_p.l(init_aeabi.o)(.text)
    __rt_heap_descriptor                     0x00000a2d   Thumb Code     8  C:\Keil_v5\ARM\ARMCC\Bin\..\lib\armlib\c_p.l(rt_heap_descriptor.o)(.text)
    _terminate_user_alloc                    0x00000a35   Thumb Code     2  C:\Keil_v5\ARM\ARMCC\Bin\..\lib\armlib\c_p.l(init_alloc.o)(.text)
    _init_user_alloc                         0x00000a37   Thumb Code     2  C:\Keil_v5\ARM\ARMCC\Bin\..\lib\armlib\c_p.l(init_alloc.o)(.text)
    __Heap_Full                              0x00000a39   Thumb Code    32  C:\Keil_v5\ARM\ARMCC\Bin\..\lib\armlib\c_p.l(init_alloc.o)(.text)
    __Heap_Broken                            0x00000a59   Thumb Code    10  C:\Keil_v5\ARM\ARMCC\Bin\..\lib\armlib\c_p.l(init_alloc.o)(.text)
    _init_alloc                              0x00000a63   Thumb Code    90  C:\Keil_v5\ARM\ARMCC\Bin\..\lib\armlib\c_p.l(init_alloc.o)(.text)
    __Heap_Initialize                        0x00000abd   Thumb Code    10  C:\Keil_v5\ARM\ARMCC\Bin\..\lib\armlib\c_p.l(h1_init.o)(.text)
    __Heap_DescSize                          0x00000ac7   Thumb Code     4  C:\Keil_v5\ARM\ARMCC\Bin\..\lib\armlib\c_p.l(h1_init.o)(.text)
    _printf_pre_padding                      0x00000acb   Thumb Code    44  C:\Keil_v5\ARM\ARMCC\Bin\..\lib\armlib\c_p.l(_printf_pad.o)(.text)
    _printf_post_padding                     0x00000af7   Thumb Code    34  C:\Keil_v5\ARM\ARMCC\Bin\..\lib\armlib\c_p.l(_printf_pad.o)(.text)
    _printf_truncate_signed                  0x00000b19   Thumb Code    18  C:\Keil_v5\ARM\ARMCC\Bin\..\lib\armlib\c_p.l(_printf_truncate.o)(.text)
    _printf_truncate_unsigned                0x00000b2b   Thumb Code    18  C:\Keil_v5\ARM\ARMCC\Bin\..\lib\armlib\c_p.l(_printf_truncate.o)(.text)
    _printf_str                              0x00000b3d   Thumb Code    82  C:\Keil_v5\ARM\ARMCC\Bin\..\lib\armlib\c_p.l(_printf_str.o)(.text)
    _printf_int_dec                          0x00000b91   Thumb Code    90  C:\Keil_v5\ARM\ARMCC\Bin\..\lib\armlib\c_p.l(_printf_dec.o)(.text)
    _printf_charcount                        0x00000bfd   Thumb Code    38  C:\Keil_v5\ARM\ARMCC\Bin\..\lib\armlib\c_p.l(_printf_charcount.o)(.text)
    _printf_char_common                      0x00000c2f   Thumb Code    32  C:\Keil_v5\ARM\ARMCC\Bin\..\lib\armlib\c_p.l(_printf_char_common.o)(.text)
    _sputc                                   0x00000c55   Thumb Code    10  C:\Keil_v5\ARM\ARMCC\Bin\..\lib\armlib\c_p.l(_sputc.o)(.text)
    _snputc                                  0x00000c5f   Thumb Code    16  C:\Keil_v5\ARM\ARMCC\Bin\..\lib\armlib\c_p.l(_snputc.o)(.text)
    _printf_wctomb                           0x00000c71   Thumb Code   182  C:\Keil_v5\ARM\ARMCC\Bin\..\lib\armlib\c_p.l(_printf_wctomb.o)(.text)
    _printf_longlong_dec                     0x00000d2d   Thumb Code    94  C:\Keil_v5\ARM\ARMCC\Bin\..\lib\armlib\c_p.l(_printf_longlong_dec.o)(.text)
    _printf_longlong_oct                     0x00000d9d   Thumb Code    68  C:\Keil_v5\ARM\ARMCC\Bin\..\lib\armlib\c_p.l(_printf_oct_int_ll.o)(.text)
    _printf_int_oct                          0x00000de1   Thumb Code    24  C:\Keil_v5\ARM\ARMCC\Bin\..\lib\armlib\c_p.l(_printf_oct_int_ll.o)(.text)
    _printf_ll_oct                           0x00000df9   Thumb Code    10  C:\Keil_v5\ARM\ARMCC\Bin\..\lib\armlib\c_p.l(_printf_oct_int_ll.o)(.text)
    _printf_longlong_hex                     0x00000e0d   Thumb Code    88  C:\Keil_v5\ARM\ARMCC\Bin\..\lib\armlib\c_p.l(_printf_hex_int_ll_ptr.o)(.text)
    _printf_int_hex                          0x00000e65   Thumb Code    28  C:\Keil_v5\ARM\ARMCC\Bin\..\lib\armlib\c_p.l(_printf_hex_int_ll_ptr.o)(.text)
    _printf_ll_hex                           0x00000e81   Thumb Code    10  C:\Keil_v5\ARM\ARMCC\Bin\..\lib\armlib\c_p.l(_printf_hex_int_ll_ptr.o)(.text)
    _printf_hex_ptr                          0x00000e8b   Thumb Code    22  C:\Keil_v5\ARM\ARMCC\Bin\..\lib\armlib\c_p.l(_printf_hex_int_ll_ptr.o)(.text)
    __printf                                 0x00000ea5   Thumb Code   386  C:\Keil_v5\ARM\ARMCC\Bin\..\lib\armlib\c_p.l(__printf_flags_ss_wp.o)(.text)
    _fseek                                   0x0000102d   Thumb Code   240  C:\Keil_v5\ARM\ARMCC\Bin\..\lib\armlib\c_p.l(fseek.o)(.text)
    fseek                                    0x0000102d   Thumb Code     0  C:\Keil_v5\ARM\ARMCC\Bin\..\lib\armlib\c_p.l(fseek.o)(.text)
    setvbuf                                  0x00001121   Thumb Code    72  C:\Keil_v5\ARM\ARMCC\Bin\..\lib\armlib\c_p.l(setvbuf.o)(.text)
    _seterr                                  0x0000116d   Thumb Code    20  C:\Keil_v5\ARM\ARMCC\Bin\..\lib\armlib\c_p.l(stdio.o)(.text)
    _writebuf                                0x00001181   Thumb Code    76  C:\Keil_v5\ARM\ARMCC\Bin\..\lib\armlib\c_p.l(stdio.o)(.text)
    _fflush                                  0x000011cd   Thumb Code    76  C:\Keil_v5\ARM\ARMCC\Bin\..\lib\armlib\c_p.l(stdio.o)(.text)
    _deferredlazyseek                        0x00001219   Thumb Code    60  C:\Keil_v5\ARM\ARMCC\Bin\..\lib\armlib\c_p.l(stdio.o)(.text)
    _initio                                  0x0000125d   Thumb Code   216  C:\Keil_v5\ARM\ARMCC\Bin\..\lib\armlib\c_p.l(initio.o)(.text)
    _terminateio                             0x00001335   Thumb Code    56  C:\Keil_v5\ARM\ARMCC\Bin\..\lib\armlib\c_p.l(initio.o)(.text)
    _fclose_internal                         0x00001399   Thumb Code    72  C:\Keil_v5\ARM\ARMCC\Bin\..\lib\armlib\c_p.l(fclose.o)(.text)
    fclose                                   0x00001399   Thumb Code     0  C:\Keil_v5\ARM\ARMCC\Bin\..\lib\armlib\c_p.l(fclose.o)(.text)
    _memset_w                                0x000013e5   Thumb Code    26  C:\Keil_v5\ARM\ARMCC\Bin\..\lib\armlib\c_p.l(rt_memclr.o)(.text)
    _memset                                  0x000013ff   Thumb Code    30  C:\Keil_v5\ARM\ARMCC\Bin\..\lib\armlib\c_p.l(rt_memclr.o)(.text)
    __aeabi_memclr                           0x0000141d   Thumb Code     4  C:\Keil_v5\ARM\ARMCC\Bin\..\lib\armlib\c_p.l(rt_memclr.o)(.text)
    __rt_memclr                              0x0000141d   Thumb Code     0  C:\Keil_v5\ARM\ARMCC\Bin\..\lib\armlib\c_p.l(rt_memclr.o)(.text)
    __aeabi_memclr4                          0x00001421   Thumb Code     0  C:\Keil_v5\ARM\ARMCC\Bin\..\lib\armlib\c_p.l(rt_memclr.o)(.text)
    __aeabi_memclr8                          0x00001421   Thumb Code     0  C:\Keil_v5\ARM\ARMCC\Bin\..\lib\armlib\c_p.l(rt_memclr.o)(.text)
    __rt_memclr_w                            0x00001421   Thumb Code     4  C:\Keil_v5\ARM\ARMCC\Bin\..\lib\armlib\c_p.l(rt_memclr.o)(.text)
    __Heap_ProvideMemory                     0x00001425   Thumb Code    52  C:\Keil_v5\ARM\ARMCC\Bin\..\lib\armlib\c_p.l(h1_extend.o)(.text)
    _ll_udiv10                               0x00001459   Thumb Code   122  C:\Keil_v5\ARM\ARMCC\Bin\..\lib\armlib\c_p.l(lludiv10.o)(.text)
    _printf_int_common                       0x000014d3   Thumb Code   176  C:\Keil_v5\ARM\ARMCC\Bin\..\lib\armlib\c_p.l(_printf_intcommon.o)(.text)
    __lib_sel_fp_printf                      0x00001585   Thumb Code     2  C:\Keil_v5\ARM\ARMCC\Bin\..\lib\armlib\c_p.l(_printf_fp_dec.o)(.text)
    _printf_fp_dec_real                      0x00001723   Thumb Code   620  C:\Keil_v5\ARM\ARMCC\Bin\..\lib\armlib\c_p.l(_printf_fp_dec.o)(.text)
    _printf_fp_hex_real                      0x0000199d   Thumb Code   718  C:\Keil_v5\ARM\ARMCC\Bin\..\lib\armlib\c_p.l(_printf_fp_hex.o)(.text)
    _printf_cs_common                        0x00001c75   Thumb Code    22  C:\Keil_v5\ARM\ARMCC\Bin\..\lib\armlib\c_p.l(_printf_char.o)(.text)
    _printf_char                             0x00001c8b   Thumb Code    16  C:\Keil_v5\ARM\ARMCC\Bin\..\lib\armlib\c_p.l(_printf_char.o)(.text)
    _printf_string                           0x00001c9b   Thumb Code     8  C:\Keil_v5\ARM\ARMCC\Bin\..\lib\armlib\c_p.l(_printf_char.o)(.text)
    _printf_lcs_common                       0x00001ca3   Thumb Code    22  C:\Keil_v5\ARM\ARMCC\Bin\..\lib\armlib\c_p.l(_printf_wchar.o)(.text)
    _printf_wchar                            0x00001cb9   Thumb Code    16  C:\Keil_v5\ARM\ARMCC\Bin\..\lib\armlib\c_p.l(_printf_wchar.o)(.text)
    _printf_wstring                          0x00001cc9   Thumb Code     8  C:\Keil_v5\ARM\ARMCC\Bin\..\lib\armlib\c_p.l(_printf_wchar.o)(.text)
    _ftell_internal                          0x00001cd1   Thumb Code    66  C:\Keil_v5\ARM\ARMCC\Bin\..\lib\armlib\c_p.l(ftell.o)(.text)
    ftell                                    0x00001cd1   Thumb Code     0  C:\Keil_v5\ARM\ARMCC\Bin\..\lib\armlib\c_p.l(ftell.o)(.text)
    _wcrtomb                                 0x00001d13   Thumb Code    64  C:\Keil_v5\ARM\ARMCC\Bin\..\lib\armlib\c_p.l(_wcrtomb.o)(.text)
    __rt_SIGRTRED                            0x00001d53   Thumb Code    12  C:\Keil_v5\ARM\ARMCC\Bin\..\lib\armlib\c_p.l(defsig_rtred_outer.o)(.text)
    __rt_SIGRTMEM                            0x00001d5f   Thumb Code    12  C:\Keil_v5\ARM\ARMCC\Bin\..\lib\armlib\c_p.l(defsig_rtmem_outer.o)(.text)
    __rt_udiv10                              0x00001d6b   Thumb Code    40  C:\Keil_v5\ARM\ARMCC\Bin\..\lib\armlib\c_p.l(rtudiv10.o)(.text)
    __rt_heap_escrow                         0x00001d95   Thumb Code    24  C:\Keil_v5\ARM\ARMCC\Bin\..\lib\armlib\c_p.l(heapauxa.o)(.text)
    __rt_heap_expand                         0x00001dad   Thumb Code    52  C:\Keil_v5\ARM\ARMCC\Bin\..\lib\armlib\c_p.l(heapauxa.o)(.text)
    __rt_ctype_table                         0x00001de5   Thumb Code    16  C:\Keil_v5\ARM\ARMCC\Bin\..\lib\armlib\c_p.l(rt_ctype_table.o)(.text)
    __rt_locale                              0x00001df5   Thumb Code     8  C:\Keil_v5\ARM\ARMCC\Bin\..\lib\armlib\c_p.l(rt_locale.o)(.text)
    _printf_fp_infnan                        0x00001dfd   Thumb Code   120  C:\Keil_v5\ARM\ARMCC\Bin\..\lib\armlib\c_p.l(_printf_fp_infnan.o)(.text)
    _btod_etento                             0x00001e85   Thumb Code   210  C:\Keil_v5\ARM\ARMCC\Bin\..\lib\armlib\c_p.l(bigflt0.o)(.text)
    _btod_d2e                                0x00001f5d   Thumb Code    64  C:\Keil_v5\ARM\ARMCC\Bin\..\lib\armlib\c_p.l(btod.o)(.text)
    _btod_emul                               0x00002391   Thumb Code    28  C:\Keil_v5\ARM\ARMCC\Bin\..\lib\armlib\c_p.l(btod.o)(.text)
    _btod_emuld                              0x000023ad   Thumb Code   144  C:\Keil_v5\ARM\ARMCC\Bin\..\lib\armlib\c_p.l(btod.o)(.text)
    _btod_ediv                               0x0000243d   Thumb Code    26  C:\Keil_v5\ARM\ARMCC\Bin\..\lib\armlib\c_p.l(btod.o)(.text)
    _btod_edivd                              0x00002457   Thumb Code   124  C:\Keil_v5\ARM\ARMCC\Bin\..\lib\armlib\c_p.l(btod.o)(.text)
    __sig_exit                               0x000024dd   Thumb Code    12  C:\Keil_v5\ARM\ARMCC\Bin\..\lib\armlib\c_p.l(defsig_exit.o)(.text)
    __rt_SIGRTRED_inner                      0x000024e9   Thumb Code    14  C:\Keil_v5\ARM\ARMCC\Bin\..\lib\armlib\c_p.l(defsig_rtred_inner.o)(.text)
    __rt_SIGRTMEM_inner                      0x0000251d   Thumb Code    22  C:\Keil_v5\ARM\ARMCC\Bin\..\lib\armlib\c_p.l(defsig_rtmem_inner.o)(.text)
    _sys_exit                                0x0000256d   Thumb Code     8  C:\Keil_v5\ARM\ARMCC\Bin\..\lib\armlib\c_p.l(sys_exit.o)(.text)
    __default_signal_display                 0x00002579   Thumb Code    52  C:\Keil_v5\ARM\ARMCC\Bin\..\lib\armlib\c_p.l(defsig_general.o)(.text)
    _ttywrch                                 0x000025ad   Thumb Code    12  C:\Keil_v5\ARM\ARMCC\Bin\..\lib\armlib\c_p.l(sys_wrch.o)(.text)
    __semihosting_library_function           0x000025b9   Thumb Code     0  C:\Keil_v5\ARM\ARMCC\Bin\..\lib\armlib\c_p.l(indicate_semi.o)(.text)
    main                                     0x000025b9   Thumb Code    12  mbed/TARGET_KL25Z/TOOLCHAIN_ARM_STD/mbed_sdk_boot.o(i.$Sub$$main)
    NMI_Handler                              0x000025c5   Thumb Code    16  mbed/TARGET_KL25Z/TOOLCHAIN_ARM_STD/mbed_overrides.o(i.NMI_Handler)
    SystemInit                               0x000025d5   Thumb Code   120  mbed/TARGET_KL25Z/TOOLCHAIN_ARM_STD/system_MKL25Z4.o(i.SystemInit)
    mbed::Timer::stop()                      0x0000266d   Thumb Code    80  mbed/TARGET_KL25Z/TOOLCHAIN_ARM_STD/mbed.ar(Timer.o)(i._ZN4mbed5Timer4stopEv)
    mbed::Timer::start()                     0x000026bd   Thumb Code    44  mbed/TARGET_KL25Z/TOOLCHAIN_ARM_STD/mbed.ar(Timer.o)(i._ZN4mbed5Timer5startEv)
    mbed::Timer::read_us()                   0x000026e9   Thumb Code    46  mbed/TARGET_KL25Z/TOOLCHAIN_ARM_STD/mbed.ar(Timer.o)(i._ZN4mbed5Timer7read_usEv)
    mbed::Timer::Timer()                     0x00002717   Thumb Code    54  mbed/TARGET_KL25Z/TOOLCHAIN_ARM_STD/mbed.ar(Timer.o)(i._ZN4mbed5TimerC1Ev)
    mbed::Timer::Timer__sub_object()         0x00002717   Thumb Code     0  mbed/TARGET_KL25Z/TOOLCHAIN_ARM_STD/mbed.ar(Timer.o)(i._ZN4mbed5TimerC1Ev)
    mbed::Timer::~Timer()                    0x0000274d   Thumb Code    36  mbed/TARGET_KL25Z/TOOLCHAIN_ARM_STD/mbed.ar(Timer.o)(i._ZN4mbed5TimerD1Ev)
    mbed::Timer::~Timer__sub_object()        0x0000274d   Thumb Code     0  mbed/TARGET_KL25Z/TOOLCHAIN_ARM_STD/mbed.ar(Timer.o)(i._ZN4mbed5TimerD1Ev)
    mbed::FileBase::getPathType()            0x00002771   Thumb Code     4  mbed/TARGET_KL25Z/TOOLCHAIN_ARM_STD/mbed.ar(FileBase.o)(i._ZN4mbed8FileBase11getPathTypeEv)
    mbed::FileBase::lookup(const char*, unsigned) 0x00002775   Thumb Code    96  mbed/TARGET_KL25Z/TOOLCHAIN_ARM_STD/mbed.ar(FileBase.o)(i._ZN4mbed8FileBase6lookupEPKcj)
    mbed::FilePath::fileSystem()             0x000027e5   Thumb Code    32  mbed/TARGET_KL25Z/TOOLCHAIN_ARM_STD/mbed.ar(FilePath.o)(i._ZN4mbed8FilePath10fileSystemEv)
    mbed::FilePath::file()                   0x00002805   Thumb Code    32  mbed/TARGET_KL25Z/TOOLCHAIN_ARM_STD/mbed.ar(FilePath.o)(i._ZN4mbed8FilePath4fileEv)
    mbed::FilePath::exists()                 0x00002825   Thumb Code    10  mbed/TARGET_KL25Z/TOOLCHAIN_ARM_STD/mbed.ar(FilePath.o)(i._ZN4mbed8FilePath6existsEv)
    mbed::FilePath::isFile()                 0x0000282f   Thumb Code    24  mbed/TARGET_KL25Z/TOOLCHAIN_ARM_STD/mbed.ar(FilePath.o)(i._ZN4mbed8FilePath6isFileEv)
    mbed::FilePath::fileName()               0x00002847   Thumb Code     4  mbed/TARGET_KL25Z/TOOLCHAIN_ARM_STD/mbed.ar(FilePath.o)(i._ZN4mbed8FilePath8fileNameEv)
    mbed::FilePath::FilePath(const char*)    0x0000284b   Thumb Code    68  mbed/TARGET_KL25Z/TOOLCHAIN_ARM_STD/mbed.ar(FilePath.o)(i._ZN4mbed8FilePathC1EPKc)
    mbed::FilePath::FilePath__sub_object(const char*) 0x0000284b   Thumb Code     0  mbed/TARGET_KL25Z/TOOLCHAIN_ARM_STD/mbed.ar(FilePath.o)(i._ZN4mbed8FilePathC1EPKc)
    __ARM_common_ll_muluu                    0x0000288f   Thumb Code    48  C:\Keil_v5\ARM\ARMCC\Bin\..\lib\armlib\c_p.l(btod.o)(i.__ARM_common_ll_muluu)
    __ARM_fpclassify                         0x000028c1   Thumb Code    40  C:\Keil_v5\ARM\ARMCC\Bin\..\lib\armlib\m_ps.l(fpclassify.o)(i.__ARM_fpclassify)
    __aeabi_atexit                           0x000028ed   Thumb Code     4  mbed/TARGET_KL25Z/TOOLCHAIN_ARM_STD/mbed_retarget.o(i.__aeabi_atexit)
    __user_setup_stackheap                   0x00002911   Thumb Code     8  mbed/TARGET_KL25Z/TOOLCHAIN_ARM_STD/mbed_retarget.o(i.__user_setup_stackheap)
    _is_digit                                0x00002919   Thumb Code    14  C:\Keil_v5\ARM\ARMCC\Bin\..\lib\armlib\c_p.l(__printf_wp.o)(i._is_digit)
    _mbed_user_setup_stackheap               0x00002929   Thumb Code    10  mbed/TARGET_KL25Z/TOOLCHAIN_ARM_STD/mbed_retarget.o(i._mbed_user_setup_stackheap)
    _platform_post_stackheap_init            0x00002939   Thumb Code    24  mbed/TARGET_KL25Z/TOOLCHAIN_ARM_STD/mbed_sdk_boot.o(i._platform_post_stackheap_init)
    _sys_close                               0x00002959   Thumb Code    68  mbed/TARGET_KL25Z/TOOLCHAIN_ARM_STD/mbed_retarget.o(i._sys_close)
    _sys_flen                                0x000029a1   Thumb Code    70  mbed/TARGET_KL25Z/TOOLCHAIN_ARM_STD/mbed_retarget.o(i._sys_flen)
    _sys_istty                               0x000029ed   Thumb Code    58  mbed/TARGET_KL25Z/TOOLCHAIN_ARM_STD/mbed_retarget.o(i._sys_istty)
    _sys_open                                0x00002a2d   Thumb Code   500  mbed/TARGET_KL25Z/TOOLCHAIN_ARM_STD/mbed_retarget.o(i._sys_open)
    _sys_seek                                0x00002c45   Thumb Code    70  mbed/TARGET_KL25Z/TOOLCHAIN_ARM_STD/mbed_retarget.o(i._sys_seek)
    _sys_write                               0x00002c91   Thumb Code   114  mbed/TARGET_KL25Z/TOOLCHAIN_ARM_STD/mbed_retarget.o(i._sys_write)
    core_util_atomic_decr_u16                0x00002d11   Thumb Code    26  mbed/TARGET_KL25Z/TOOLCHAIN_ARM_STD/mbed.ar(mbed_critical.o)(i.core_util_atomic_decr_u16)
    core_util_atomic_incr_u16                0x00002d2b   Thumb Code    26  mbed/TARGET_KL25Z/TOOLCHAIN_ARM_STD/mbed.ar(mbed_critical.o)(i.core_util_atomic_incr_u16)
    core_util_critical_section_enter         0x00002d45   Thumb Code    72  mbed/TARGET_KL25Z/TOOLCHAIN_ARM_STD/mbed.ar(mbed_critical.o)(i.core_util_critical_section_enter)
    core_util_critical_section_exit          0x00002dd1   Thumb Code    58  mbed/TARGET_KL25Z/TOOLCHAIN_ARM_STD/mbed.ar(mbed_critical.o)(i.core_util_critical_section_exit)
    error                                    0x00002e29   Thumb Code    38  mbed/TARGET_KL25Z/TOOLCHAIN_ARM_STD/mbed.ar(mbed_error.o)(i.error)
    exit                                     0x00002e55   Thumb Code    36  mbed/TARGET_KL25Z/TOOLCHAIN_ARM_STD/mbed_retarget.o(i.exit)
    get_us_ticker_data                       0x00002e81   Thumb Code     4  mbed/TARGET_KL25Z/TOOLCHAIN_ARM_STD/mbed.ar(mbed_us_ticker_api.o)(i.get_us_ticker_data)
    gpio_dir                                 0x00002e89   Thumb Code    54  mbed/TARGET_KL25Z/TOOLCHAIN_ARM_STD/gpio_api.o(i.gpio_dir)
    gpio_init                                0x00002edd   Thumb Code    56  mbed/TARGET_KL25Z/TOOLCHAIN_ARM_STD/gpio_api.o(i.gpio_init)
    gpio_init_in                             0x00002f19   Thumb Code    34  mbed/TARGET_KL25Z/TOOLCHAIN_ARM_STD/mbed.ar(mbed_gpio.o)(i.gpio_init_in)
    gpio_init_out                            0x00002f3d   Thumb Code    56  mbed/TARGET_KL25Z/TOOLCHAIN_ARM_STD/mbed.ar(mbed_gpio.o)(i.gpio_init_out)
    gpio_init_out_ex                         0x00002f7d   Thumb Code    66  mbed/TARGET_KL25Z/TOOLCHAIN_ARM_STD/mbed.ar(mbed_gpio.o)(i.gpio_init_out_ex)
    gpio_mode                                0x00002fdd   Thumb Code    14  mbed/TARGET_KL25Z/TOOLCHAIN_ARM_STD/gpio_api.o(i.gpio_mode)
    $Super$$main                             0x00003125   Thumb Code   158  .\build\main.o(i.main)
    mbed_assert_internal                     0x000031cd   Thumb Code    30  mbed/TARGET_KL25Z/TOOLCHAIN_ARM_STD/mbed.ar(mbed_assert.o)(i.mbed_assert_internal)
    mbed_die                                 0x00003221   Thumb Code   164  mbed/TARGET_KL25Z/TOOLCHAIN_ARM_STD/mbed_board.o(i.mbed_die)
    mbed_error_printf                        0x000032e5   Thumb Code    80  mbed/TARGET_KL25Z/TOOLCHAIN_ARM_STD/mbed_board.o(i.mbed_error_printf)
    mbed_error_vfprintf                      0x0000333d   Thumb Code    72  mbed/TARGET_KL25Z/TOOLCHAIN_ARM_STD/mbed_board.o(i.mbed_error_vfprintf)
    mbed_interface_connected                 0x0000338d   Thumb Code     8  mbed/TARGET_KL25Z/TOOLCHAIN_ARM_STD/mbed.ar(mbed_interface.o)(i.mbed_interface_connected)
    mbed_main                                0x00003395   Thumb Code     2  mbed/TARGET_KL25Z/TOOLCHAIN_ARM_STD/mbed_sdk_boot.o(i.mbed_main)
    mbed_sdk_init                            0x00003397   Thumb Code     2  mbed/TARGET_KL25Z/TOOLCHAIN_ARM_STD/mbed_sdk_boot.o(i.mbed_sdk_init)
    pin_function                             0x00003399   Thumb Code    68  mbed/TARGET_KL25Z/TOOLCHAIN_ARM_STD/pinmap.o(i.pin_function)
    pin_mode                                 0x000033fd   Thumb Code    36  mbed/TARGET_KL25Z/TOOLCHAIN_ARM_STD/pinmap.o(i.pin_mode)
    pinmap_merge                             0x0000343d   Thumb Code    30  mbed/TARGET_KL25Z/TOOLCHAIN_ARM_STD/mbed.ar(mbed_pinmap_common.o)(i.pinmap_merge)
    pinmap_peripheral                        0x00003471   Thumb Code    60  mbed/TARGET_KL25Z/TOOLCHAIN_ARM_STD/mbed.ar(mbed_pinmap_common.o)(i.pinmap_peripheral)
    pinmap_pinout                            0x000034cd   Thumb Code    62  mbed/TARGET_KL25Z/TOOLCHAIN_ARM_STD/mbed.ar(mbed_pinmap_common.o)(i.pinmap_pinout)
    semihost_connected                       0x00003601   Thumb Code     6  mbed/TARGET_KL25Z/TOOLCHAIN_ARM_STD/mbed.ar(mbed_semihost_api.o)(i.semihost_connected)
    semihost_exit                            0x0000360d   Thumb Code    12  mbed/TARGET_KL25Z/TOOLCHAIN_ARM_STD/mbed.ar(mbed_semihost_api.o)(i.semihost_exit)
    serial_baud                              0x00003619   Thumb Code   352  mbed/TARGET_KL25Z/TOOLCHAIN_ARM_STD/serial_api.o(i.serial_baud)
    serial_format                            0x00003799   Thumb Code   148  mbed/TARGET_KL25Z/TOOLCHAIN_ARM_STD/serial_api.o(i.serial_format)
    serial_init                              0x0000386d   Thumb Code   332  mbed/TARGET_KL25Z/TOOLCHAIN_ARM_STD/serial_api.o(i.serial_init)
    serial_putc                              0x000039f9   Thumb Code    36  mbed/TARGET_KL25Z/TOOLCHAIN_ARM_STD/serial_api.o(i.serial_putc)
    sleep_manager_lock_deep_sleep            0x00003a1d   Thumb Code    40  mbed/TARGET_KL25Z/TOOLCHAIN_ARM_STD/mbed.ar(mbed_sleep_manager.o)(i.sleep_manager_lock_deep_sleep)
    sleep_manager_unlock_deep_sleep          0x00003a7d   Thumb Code    38  mbed/TARGET_KL25Z/TOOLCHAIN_ARM_STD/mbed.ar(mbed_sleep_manager.o)(i.sleep_manager_unlock_deep_sleep)
    ticker_irq_handler                       0x00003ad1   Thumb Code    68  mbed/TARGET_KL25Z/TOOLCHAIN_ARM_STD/mbed.ar(mbed_ticker_api.o)(i.ticker_irq_handler)
    ticker_read                              0x00003b15   Thumb Code    20  mbed/TARGET_KL25Z/TOOLCHAIN_ARM_STD/mbed.ar(mbed_ticker_api.o)(i.ticker_read)
    ticker_read_us                           0x00003b29   Thumb Code    22  mbed/TARGET_KL25Z/TOOLCHAIN_ARM_STD/mbed.ar(mbed_ticker_api.o)(i.ticker_read_us)
    us_ticker_clear_interrupt                0x00003c39   Thumb Code     2  mbed/TARGET_KL25Z/TOOLCHAIN_ARM_STD/us_ticker.o(i.us_ticker_clear_interrupt)
    us_ticker_disable_interrupt              0x00003c3d   Thumb Code    12  mbed/TARGET_KL25Z/TOOLCHAIN_ARM_STD/us_ticker.o(i.us_ticker_disable_interrupt)
    us_ticker_fire_interrupt                 0x00003c4d   Thumb Code    10  mbed/TARGET_KL25Z/TOOLCHAIN_ARM_STD/us_ticker.o(i.us_ticker_fire_interrupt)
    us_ticker_get_info                       0x00003c5d   Thumb Code     4  mbed/TARGET_KL25Z/TOOLCHAIN_ARM_STD/mbed_retarget.o(i.us_ticker_get_info)
    us_ticker_init                           0x00003c65   Thumb Code   392  mbed/TARGET_KL25Z/TOOLCHAIN_ARM_STD/us_ticker.o(i.us_ticker_init)
    us_ticker_irq_handler                    0x00003e29   Thumb Code    14  mbed/TARGET_KL25Z/TOOLCHAIN_ARM_STD/mbed.ar(mbed_us_ticker_api.o)(i.us_ticker_irq_handler)
    us_ticker_read                           0x00003e41   Thumb Code    22  mbed/TARGET_KL25Z/TOOLCHAIN_ARM_STD/us_ticker.o(i.us_ticker_read)
    us_ticker_set_interrupt                  0x00003e61   Thumb Code    88  mbed/TARGET_KL25Z/TOOLCHAIN_ARM_STD/us_ticker.o(i.us_ticker_set_interrupt)
    wait_ms                                  0x00003ec9   Thumb Code    36  mbed/TARGET_KL25Z/TOOLCHAIN_ARM_STD/mbed.ar(mbed_wait_api_no_rtos.o)(i.wait_ms)
    _get_lc_numeric                          0x00003eed   Thumb Code    44  C:\Keil_v5\ARM\ARMCC\Bin\..\lib\armlib\c_p.l(lc_numeric_c.o)(locale$$code)
    _get_lc_ctype                            0x00003f19   Thumb Code    44  C:\Keil_v5\ARM\ARMCC\Bin\..\lib\armlib\c_p.l(lc_ctype_c.o)(locale$$code)
    SingletonPtr<PlatformMutex>::operator ->() 0x00003f45   Thumb Code    36  mbed/TARGET_KL25Z/TOOLCHAIN_ARM_STD/mbed.ar(FileBase.o)(t._ZN12SingletonPtrI13PlatformMutexEptEv)
    _printf_fp_dec                           0x00003f71   Thumb Code    16  C:\Keil_v5\ARM\ARMCC\Bin\..\lib\armlib\fz_ps.l(printf1.o)(x$fpl$printf1)
    _printf_fp_hex                           0x00003f81   Thumb Code    16  C:\Keil_v5\ARM\ARMCC\Bin\..\lib\armlib\fz_ps.l(printf2.o)(x$fpl$printf2)
    __I$use$fp                               0x00003f90   Number         0  C:\Keil_v5\ARM\ARMCC\Bin\..\lib\armlib\fz_ps.l(usenofp.o)(x$fpl$usenofp)
    __stdin_name                             0x00003f90   Data           7  mbed/TARGET_KL25Z/TOOLCHAIN_ARM_STD/mbed_retarget.o(.constdata)
    __stdout_name                            0x00003f97   Data           8  mbed/TARGET_KL25Z/TOOLCHAIN_ARM_STD/mbed_retarget.o(.constdata)
    __stderr_name                            0x00003f9f   Data           8  mbed/TARGET_KL25Z/TOOLCHAIN_ARM_STD/mbed_retarget.o(.constdata)
    PinMap_UART_TX                           0x00003fb8   Data         108  mbed/TARGET_KL25Z/TOOLCHAIN_ARM_STD/PeripheralPins.o(.constdata)
    PinMap_UART_RX                           0x00004024   Data         108  mbed/TARGET_KL25Z/TOOLCHAIN_ARM_STD/PeripheralPins.o(.constdata)
    SingletonPtr<PlatformMutex>::get()::string 0x000041b0   Data          20  mbed/TARGET_KL25Z/TOOLCHAIN_ARM_STD/mbed_retarget.o(.constdata__ZZN12SingletonPtrI13PlatformMutexE3getEvEs)
    SingletonPtr<PlatformMutex>::get()::string (instance 2) 0x000041c4   Data          89  mbed/TARGET_KL25Z/TOOLCHAIN_ARM_STD/mbed_retarget.o(.constdata__ZZN12SingletonPtrI13PlatformMutexE3getEvEs_0)
    Region$$Table$$Base                      0x000044c8   Number         0  anon$$obj.o(Region$$Table)
    Region$$Table$$Limit                     0x000044e8   Number         0  anon$$obj.o(Region$$Table)
    __ctype                                  0x00004511   Data           0  C:\Keil_v5\ARM\ARMCC\Bin\..\lib\armlib\c_p.l(lc_ctype_c.o)(locale$$data)
    SHT$$INIT_ARRAY$$Base                    0x00004614   Number         0  .\build\main.o(.init_array)
    SHT$$INIT_ARRAY$$Limit                   0x00004618   Number         0  C:\Keil_v5\ARM\ARMCC\Bin\..\lib\armlib\c_p.l(init_aeabi.o)(.init_array)
    stdio_uart_inited                        0x1ffff0d0   Data           4  mbed/TARGET_KL25Z/TOOLCHAIN_ARM_STD/serial_api.o(.data)
    stdio_uart                               0x1ffff0d8   Data           8  mbed/TARGET_KL25Z/TOOLCHAIN_ARM_STD/serial_api.o(.data)
    SystemCoreClock                          0x1ffff0e0   Data           4  mbed/TARGET_KL25Z/TOOLCHAIN_ARM_STD/system_MKL25Z4.o(.data)
    mbed::FileBase::_head                    0x1ffff108   Data           4  mbed/TARGET_KL25Z/TOOLCHAIN_ARM_STD/mbed.ar(FileBase.o)(.data)
    mbed::FileBase::_mutex                   0x1ffff10c   Data           8  mbed/TARGET_KL25Z/TOOLCHAIN_ARM_STD/mbed.ar(FileBase.o)(.data)
    __aeabi_stdin                            0x1ffff114   Data           4  C:\Keil_v5\ARM\ARMCC\Bin\..\lib\armlib\c_p.l(stdio_streams.o)(.data)
    __aeabi_stdout                           0x1ffff118   Data           4  C:\Keil_v5\ARM\ARMCC\Bin\..\lib\armlib\c_p.l(stdio_streams.o)(.data)
    __aeabi_stderr                           0x1ffff11c   Data           4  C:\Keil_v5\ARM\ARMCC\Bin\..\lib\armlib\c_p.l(stdio_streams.o)(.data)
    timer                                    0x1ffff268   Data          32  .\build\main.o(.bss)
    __stdin                                  0x1ffff2cc   Data          84  C:\Keil_v5\ARM\ARMCC\Bin\..\lib\armlib\c_p.l(stdio_streams.o)(.bss)
    __stdout                                 0x1ffff320   Data          84  C:\Keil_v5\ARM\ARMCC\Bin\..\lib\armlib\c_p.l(stdio_streams.o)(.bss)
    __stderr                                 0x1ffff374   Data          84  C:\Keil_v5\ARM\ARMCC\Bin\..\lib\armlib\c_p.l(stdio_streams.o)(.bss)
    Image$$RW_IRAM1$$ZI$$Limit               0x1ffff3e0   Number         0  anon$$obj.o ABSOLUTE



==============================================================================

Memory Map of the image

  Image Entry point : 0x000000c1

  Load Region LR_IROM1 (Base: 0x00000000, Size: 0x0000467c, Max: 0x00020000, ABSOLUTE)

    Execution Region ER_IROM1 (Exec base: 0x00000000, Load base: 0x00000000, Size: 0x00004618, Max: 0x00020000, ABSOLUTE)

    Exec Addr    Load Addr    Size         Type   Attr      Idx    E Section Name        Object

    0x00000000   0x00000000   0x000000c0   Data   RO          439    RESET               mbed/TARGET_KL25Z/TOOLCHAIN_ARM_STD/startup_MKL25Z4.o
    0x000000c0   0x000000c0   0x00000008   Code   RO         1279  * !!!main             C:\Keil_v5\ARM\ARMCC\Bin\..\lib\armlib\c_p.l(__main.o)
    0x000000c8   0x000000c8   0x0000003c   Code   RO         1848    !!!scatter          C:\Keil_v5\ARM\ARMCC\Bin\..\lib\armlib\c_p.l(__scatter.o)
    0x00000104   0x00000104   0x0000001a   Code   RO         1850    !!handler_copy      C:\Keil_v5\ARM\ARMCC\Bin\..\lib\armlib\c_p.l(__scatter_copy.o)
    0x0000011e   0x0000011e   0x00000002   PAD
    0x00000120   0x00000120   0x0000001c   Code   RO         1852    !!handler_zi        C:\Keil_v5\ARM\ARMCC\Bin\..\lib\armlib\c_p.l(__scatter_zi.o)
    0x0000013c   0x0000013c   0x00000002   Code   RO         1532    .ARM.Collect$$_printf_percent$$00000000  C:\Keil_v5\ARM\ARMCC\Bin\..\lib\armlib\c_p.l(_printf_percent.o)
    0x0000013e   0x0000013e   0x0000000a   Code   RO         1521    .ARM.Collect$$_printf_percent$$00000001  C:\Keil_v5\ARM\ARMCC\Bin\..\lib\armlib\c_p.l(_printf_n.o)
    0x00000148   0x00000148   0x0000000a   Code   RO         1523    .ARM.Collect$$_printf_percent$$00000002  C:\Keil_v5\ARM\ARMCC\Bin\..\lib\armlib\c_p.l(_printf_p.o)
    0x00000152   0x00000152   0x0000000a   Code   RO         1528    .ARM.Collect$$_printf_percent$$00000003  C:\Keil_v5\ARM\ARMCC\Bin\..\lib\armlib\c_p.l(_printf_f.o)
    0x0000015c   0x0000015c   0x0000000a   Code   RO         1529    .ARM.Collect$$_printf_percent$$00000004  C:\Keil_v5\ARM\ARMCC\Bin\..\lib\armlib\c_p.l(_printf_e.o)
    0x00000166   0x00000166   0x0000000a   Code   RO         1530    .ARM.Collect$$_printf_percent$$00000005  C:\Keil_v5\ARM\ARMCC\Bin\..\lib\armlib\c_p.l(_printf_g.o)
    0x00000170   0x00000170   0x0000000a   Code   RO         1531    .ARM.Collect$$_printf_percent$$00000006  C:\Keil_v5\ARM\ARMCC\Bin\..\lib\armlib\c_p.l(_printf_a.o)
    0x0000017a   0x0000017a   0x0000000a   Code   RO         1536    .ARM.Collect$$_printf_percent$$00000007  C:\Keil_v5\ARM\ARMCC\Bin\..\lib\armlib\c_p.l(_printf_ll.o)
    0x00000184   0x00000184   0x0000000a   Code   RO         1525    .ARM.Collect$$_printf_percent$$00000008  C:\Keil_v5\ARM\ARMCC\Bin\..\lib\armlib\c_p.l(_printf_i.o)
    0x0000018e   0x0000018e   0x0000000a   Code   RO         1526    .ARM.Collect$$_printf_percent$$00000009  C:\Keil_v5\ARM\ARMCC\Bin\..\lib\armlib\c_p.l(_printf_d.o)
    0x00000198   0x00000198   0x0000000a   Code   RO         1527    .ARM.Collect$$_printf_percent$$0000000A  C:\Keil_v5\ARM\ARMCC\Bin\..\lib\armlib\c_p.l(_printf_u.o)
    0x000001a2   0x000001a2   0x0000000a   Code   RO         1524    .ARM.Collect$$_printf_percent$$0000000B  C:\Keil_v5\ARM\ARMCC\Bin\..\lib\armlib\c_p.l(_printf_o.o)
    0x000001ac   0x000001ac   0x0000000a   Code   RO         1522    .ARM.Collect$$_printf_percent$$0000000C  C:\Keil_v5\ARM\ARMCC\Bin\..\lib\armlib\c_p.l(_printf_x.o)
    0x000001b6   0x000001b6   0x0000000a   Code   RO         1533    .ARM.Collect$$_printf_percent$$0000000D  C:\Keil_v5\ARM\ARMCC\Bin\..\lib\armlib\c_p.l(_printf_lli.o)
    0x000001c0   0x000001c0   0x0000000a   Code   RO         1534    .ARM.Collect$$_printf_percent$$0000000E  C:\Keil_v5\ARM\ARMCC\Bin\..\lib\armlib\c_p.l(_printf_lld.o)
    0x000001ca   0x000001ca   0x0000000a   Code   RO         1535    .ARM.Collect$$_printf_percent$$0000000F  C:\Keil_v5\ARM\ARMCC\Bin\..\lib\armlib\c_p.l(_printf_llu.o)
    0x000001d4   0x000001d4   0x0000000a   Code   RO         1540    .ARM.Collect$$_printf_percent$$00000010  C:\Keil_v5\ARM\ARMCC\Bin\..\lib\armlib\c_p.l(_printf_llo.o)
    0x000001de   0x000001de   0x0000000a   Code   RO         1541    .ARM.Collect$$_printf_percent$$00000011  C:\Keil_v5\ARM\ARMCC\Bin\..\lib\armlib\c_p.l(_printf_llx.o)
    0x000001e8   0x000001e8   0x0000000a   Code   RO         1537    .ARM.Collect$$_printf_percent$$00000012  C:\Keil_v5\ARM\ARMCC\Bin\..\lib\armlib\c_p.l(_printf_l.o)
    0x000001f2   0x000001f2   0x0000000a   Code   RO         1519    .ARM.Collect$$_printf_percent$$00000013  C:\Keil_v5\ARM\ARMCC\Bin\..\lib\armlib\c_p.l(_printf_c.o)
    0x000001fc   0x000001fc   0x0000000a   Code   RO         1520    .ARM.Collect$$_printf_percent$$00000014  C:\Keil_v5\ARM\ARMCC\Bin\..\lib\armlib\c_p.l(_printf_s.o)
    0x00000206   0x00000206   0x0000000a   Code   RO         1538    .ARM.Collect$$_printf_percent$$00000015  C:\Keil_v5\ARM\ARMCC\Bin\..\lib\armlib\c_p.l(_printf_lc.o)
    0x00000210   0x00000210   0x0000000a   Code   RO         1539    .ARM.Collect$$_printf_percent$$00000016  C:\Keil_v5\ARM\ARMCC\Bin\..\lib\armlib\c_p.l(_printf_ls.o)
    0x0000021a   0x0000021a   0x00000004   Code   RO         1684    .ARM.Collect$$_printf_percent$$00000017  C:\Keil_v5\ARM\ARMCC\Bin\..\lib\armlib\c_p.l(_printf_percent_end.o)
    0x0000021e   0x0000021e   0x00000002   Code   RO         1801    .ARM.Collect$$libinit$$00000000  C:\Keil_v5\ARM\ARMCC\Bin\..\lib\armlib\c_p.l(libinit.o)
    0x00000220   0x00000220   0x00000000   Code   RO         1574    .ARM.Collect$$libinit$$00000002  C:\Keil_v5\ARM\ARMCC\Bin\..\lib\armlib\c_p.l(libinit2.o)
    0x00000220   0x00000220   0x00000000   Code   RO         1576    .ARM.Collect$$libinit$$00000004  C:\Keil_v5\ARM\ARMCC\Bin\..\lib\armlib\c_p.l(libinit2.o)
    0x00000220   0x00000220   0x00000008   Code   RO         1577    .ARM.Collect$$libinit$$00000005  C:\Keil_v5\ARM\ARMCC\Bin\..\lib\armlib\c_p.l(libinit2.o)
    0x00000228   0x00000228   0x00000000   Code   RO         1579    .ARM.Collect$$libinit$$0000000A  C:\Keil_v5\ARM\ARMCC\Bin\..\lib\armlib\c_p.l(libinit2.o)
    0x00000228   0x00000228   0x00000000   Code   RO         1581    .ARM.Collect$$libinit$$0000000C  C:\Keil_v5\ARM\ARMCC\Bin\..\lib\armlib\c_p.l(libinit2.o)
    0x00000228   0x00000228   0x00000000   Code   RO         1583    .ARM.Collect$$libinit$$0000000E  C:\Keil_v5\ARM\ARMCC\Bin\..\lib\armlib\c_p.l(libinit2.o)
    0x00000228   0x00000228   0x00000006   Code   RO         1584    .ARM.Collect$$libinit$$0000000F  C:\Keil_v5\ARM\ARMCC\Bin\..\lib\armlib\c_p.l(libinit2.o)
    0x0000022e   0x0000022e   0x00000000   Code   RO         1586    .ARM.Collect$$libinit$$00000011  C:\Keil_v5\ARM\ARMCC\Bin\..\lib\armlib\c_p.l(libinit2.o)
    0x0000022e   0x0000022e   0x0000000c   Code   RO         1587    .ARM.Collect$$libinit$$00000012  C:\Keil_v5\ARM\ARMCC\Bin\..\lib\armlib\c_p.l(libinit2.o)
    0x0000023a   0x0000023a   0x00000000   Code   RO         1588    .ARM.Collect$$libinit$$00000013  C:\Keil_v5\ARM\ARMCC\Bin\..\lib\armlib\c_p.l(libinit2.o)
    0x0000023a   0x0000023a   0x00000000   Code   RO         1590    .ARM.Collect$$libinit$$00000015  C:\Keil_v5\ARM\ARMCC\Bin\..\lib\armlib\c_p.l(libinit2.o)
    0x0000023a   0x0000023a   0x0000000a   Code   RO         1591    .ARM.Collect$$libinit$$00000016  C:\Keil_v5\ARM\ARMCC\Bin\..\lib\armlib\c_p.l(libinit2.o)
    0x00000244   0x00000244   0x00000000   Code   RO         1592    .ARM.Collect$$libinit$$00000017  C:\Keil_v5\ARM\ARMCC\Bin\..\lib\armlib\c_p.l(libinit2.o)
    0x00000244   0x00000244   0x00000000   Code   RO         1594    .ARM.Collect$$libinit$$00000019  C:\Keil_v5\ARM\ARMCC\Bin\..\lib\armlib\c_p.l(libinit2.o)
    0x00000244   0x00000244   0x00000000   Code   RO         1596    .ARM.Collect$$libinit$$0000001B  C:\Keil_v5\ARM\ARMCC\Bin\..\lib\armlib\c_p.l(libinit2.o)
    0x00000244   0x00000244   0x00000000   Code   RO         1598    .ARM.Collect$$libinit$$0000001D  C:\Keil_v5\ARM\ARMCC\Bin\..\lib\armlib\c_p.l(libinit2.o)
    0x00000244   0x00000244   0x00000000   Code   RO         1600    .ARM.Collect$$libinit$$0000001F  C:\Keil_v5\ARM\ARMCC\Bin\..\lib\armlib\c_p.l(libinit2.o)
    0x00000244   0x00000244   0x00000000   Code   RO         1602    .ARM.Collect$$libinit$$00000021  C:\Keil_v5\ARM\ARMCC\Bin\..\lib\armlib\c_p.l(libinit2.o)
    0x00000244   0x00000244   0x00000000   Code   RO         1604    .ARM.Collect$$libinit$$00000023  C:\Keil_v5\ARM\ARMCC\Bin\..\lib\armlib\c_p.l(libinit2.o)
    0x00000244   0x00000244   0x00000004   Code   RO         1605    .ARM.Collect$$libinit$$00000024  C:\Keil_v5\ARM\ARMCC\Bin\..\lib\armlib\c_p.l(libinit2.o)
    0x00000248   0x00000248   0x00000000   Code   RO         1606    .ARM.Collect$$libinit$$00000025  C:\Keil_v5\ARM\ARMCC\Bin\..\lib\armlib\c_p.l(libinit2.o)
    0x00000248   0x00000248   0x00000000   Code   RO         1610    .ARM.Collect$$libinit$$0000002C  C:\Keil_v5\ARM\ARMCC\Bin\..\lib\armlib\c_p.l(libinit2.o)
    0x00000248   0x00000248   0x00000000   Code   RO         1612    .ARM.Collect$$libinit$$0000002E  C:\Keil_v5\ARM\ARMCC\Bin\..\lib\armlib\c_p.l(libinit2.o)
    0x00000248   0x00000248   0x00000000   Code   RO         1614    .ARM.Collect$$libinit$$00000030  C:\Keil_v5\ARM\ARMCC\Bin\..\lib\armlib\c_p.l(libinit2.o)
    0x00000248   0x00000248   0x00000004   Code   RO         1615    .ARM.Collect$$libinit$$00000031  C:\Keil_v5\ARM\ARMCC\Bin\..\lib\armlib\c_p.l(libinit2.o)
    0x0000024c   0x0000024c   0x00000000   Code   RO         1616    .ARM.Collect$$libinit$$00000032  C:\Keil_v5\ARM\ARMCC\Bin\..\lib\armlib\c_p.l(libinit2.o)
    0x0000024c   0x0000024c   0x00000002   Code   RO         1617    .ARM.Collect$$libinit$$00000033  C:\Keil_v5\ARM\ARMCC\Bin\..\lib\armlib\c_p.l(libinit2.o)
    0x0000024e   0x0000024e   0x00000000   Code   RO         1725    .ARM.Collect$$libshutdown$$00000004  C:\Keil_v5\ARM\ARMCC\Bin\..\lib\armlib\c_p.l(libshutdown2.o)
    0x0000024e   0x0000024e   0x00000000   Code   RO         1415    .ARM.Collect$$rtentry$$00000000  C:\Keil_v5\ARM\ARMCC\Bin\..\lib\armlib\c_p.l(__rtentry.o)
    0x0000024e   0x0000024e   0x00000000   Code   RO         1643    .ARM.Collect$$rtentry$$00000002  C:\Keil_v5\ARM\ARMCC\Bin\..\lib\armlib\c_p.l(__rtentry2.o)
    0x0000024e   0x0000024e   0x00000006   Code   RO         1655    .ARM.Collect$$rtentry$$00000004  C:\Keil_v5\ARM\ARMCC\Bin\..\lib\armlib\c_p.l(__rtentry4.o)
    0x00000254   0x00000254   0x00000008   Code   RO         1644    .ARM.Collect$$rtentry$$00000008  C:\Keil_v5\ARM\ARMCC\Bin\..\lib\armlib\c_p.l(__rtentry2.o)
    0x0000025c   0x0000025c   0x00000004   Code   RO         1646    .ARM.Collect$$rtentry$$0000000A  C:\Keil_v5\ARM\ARMCC\Bin\..\lib\armlib\c_p.l(__rtentry2.o)
    0x00000260   0x00000260   0x00000000   Code   RO         1648    .ARM.Collect$$rtentry$$0000000C  C:\Keil_v5\ARM\ARMCC\Bin\..\lib\armlib\c_p.l(__rtentry2.o)
    0x00000260   0x00000260   0x00000008   Code   RO         1649    .ARM.Collect$$rtentry$$0000000D  C:\Keil_v5\ARM\ARMCC\Bin\..\lib\armlib\c_p.l(__rtentry2.o)
    0x00000268   0x00000268   0x00000038   Code   RO          473    .emb_text           .\build\main.o
    0x000002a0   0x000002a0   0x00000038   Code   RO         1269    .emb_text           C:\Keil_v5\ARM\ARMCC\Bin\..\lib\armlib\c_p.l(rt_memcpy.o)
    0x000002d8   0x000002d8   0x00000000   Code   RO         1661    .emb_text           C:\Keil_v5\ARM\ARMCC\Bin\..\lib\armlib\c_p.l(maybetermalloc1.o)
    0x000002d8   0x000002d8   0x0000001c   Code   RO          441    .text               mbed/TARGET_KL25Z/TOOLCHAIN_ARM_STD/startup_MKL25Z4.o
    0x000002f4   0x000002f4   0x00000008   Code   RO         1162    .text               C:\Keil_v5\ARM\ARMCC\Bin\..\lib\armlib\c_p.l(rt_errno_addr.o)
    0x000002fc   0x000002fc   0x00000062   Code   RO         1171    .text               C:\Keil_v5\ARM\ARMCC\Bin\..\lib\armlib\c_p.l(h1_alloc.o)
    0x0000035e   0x0000035e   0x0000004c   Code   RO         1173    .text               C:\Keil_v5\ARM\ARMCC\Bin\..\lib\armlib\c_p.l(h1_free.o)
    0x000003aa   0x000003aa   0x00000020   Code   RO         1229    .text               C:\Keil_v5\ARM\ARMCC\Bin\..\lib\armlib\c_p.l(llshl.o)
    0x000003ca   0x000003ca   0x00000030   Code   RO         1231    .text               C:\Keil_v5\ARM\ARMCC\Bin\..\lib\armlib\c_p.l(llmul.o)
    0x000003fa   0x000003fa   0x00000004   Code   RO         1429    .text               C:\Keil_v5\ARM\ARMCC\Bin\..\lib\armlib\c_p.l(hguard.o)
    0x000003fe   0x000003fe   0x00000002   Code   RO         1830    .text               C:\Keil_v5\ARM\ARMCC\Bin\..\lib\armlib\c_p.l(use_no_semi.o)
    0x00000400   0x00000400   0x00000010   Code   RO          440    .ARM.__at_0x400     mbed/TARGET_KL25Z/TOOLCHAIN_ARM_STD/startup_MKL25Z4.o
    0x00000410   0x00000410   0x00000102   Code   RO         1233    .text               C:\Keil_v5\ARM\ARMCC\Bin\..\lib\armlib\c_p.l(lludiv.o)
    0x00000512   0x00000512   0x00000002   PAD
    0x00000514   0x00000514   0x00000038   Code   RO         1235    .text               C:\Keil_v5\ARM\ARMCC\Bin\..\lib\armlib\c_p.l(vsnprintf.o)
    0x0000054c   0x0000054c   0x00000068   Code   RO         1241    .text               C:\Keil_v5\ARM\ARMCC\Bin\..\lib\armlib\c_p.l(fflush.o)
    0x000005b4   0x000005b4   0x000000e8   Code   RO         1249    .text               C:\Keil_v5\ARM\ARMCC\Bin\..\lib\armlib\c_p.l(fopen.o)
    0x0000069c   0x0000069c   0x00000044   Code   RO         1265    .text               C:\Keil_v5\ARM\ARMCC\Bin\..\lib\armlib\c_p.l(strlen.o)
    0x000006e0   0x000006e0   0x000000a0   Code   RO         1267    .text               C:\Keil_v5\ARM\ARMCC\Bin\..\lib\armlib\c_p.l(strncmp.o)
    0x00000780   0x00000780   0x000000a0   Code   RO         1273    .text               C:\Keil_v5\ARM\ARMCC\Bin\..\lib\armlib\c_p.l(strcmpv6m.o)
    0x00000820   0x00000820   0x000001e8   Code   RO         1275    .text               C:\Keil_v5\ARM\ARMCC\Bin\..\lib\armlib\c_p.l(aeabi_sdivfast.o)
    0x00000a08   0x00000a08   0x00000024   Code   RO         1284    .text               C:\Keil_v5\ARM\ARMCC\Bin\..\lib\armlib\c_p.l(init_aeabi.o)
    0x00000a2c   0x00000a2c   0x00000008   Code   RO         1424    .text               C:\Keil_v5\ARM\ARMCC\Bin\..\lib\armlib\c_p.l(rt_heap_descriptor.o)
    0x00000a34   0x00000a34   0x00000088   Code   RO         1431    .text               C:\Keil_v5\ARM\ARMCC\Bin\..\lib\armlib\c_p.l(init_alloc.o)
    0x00000abc   0x00000abc   0x0000000e   Code   RO         1435    .text               C:\Keil_v5\ARM\ARMCC\Bin\..\lib\armlib\c_p.l(h1_init.o)
    0x00000aca   0x00000aca   0x0000004e   Code   RO         1451    .text               C:\Keil_v5\ARM\ARMCC\Bin\..\lib\armlib\c_p.l(_printf_pad.o)
    0x00000b18   0x00000b18   0x00000024   Code   RO         1453    .text               C:\Keil_v5\ARM\ARMCC\Bin\..\lib\armlib\c_p.l(_printf_truncate.o)
    0x00000b3c   0x00000b3c   0x00000052   Code   RO         1455    .text               C:\Keil_v5\ARM\ARMCC\Bin\..\lib\armlib\c_p.l(_printf_str.o)
    0x00000b8e   0x00000b8e   0x00000002   PAD
    0x00000b90   0x00000b90   0x0000006c   Code   RO         1457    .text               C:\Keil_v5\ARM\ARMCC\Bin\..\lib\armlib\c_p.l(_printf_dec.o)
    0x00000bfc   0x00000bfc   0x00000026   Code   RO         1459    .text               C:\Keil_v5\ARM\ARMCC\Bin\..\lib\armlib\c_p.l(_printf_charcount.o)
    0x00000c22   0x00000c22   0x00000002   PAD
    0x00000c24   0x00000c24   0x00000030   Code   RO         1461    .text               C:\Keil_v5\ARM\ARMCC\Bin\..\lib\armlib\c_p.l(_printf_char_common.o)
    0x00000c54   0x00000c54   0x0000000a   Code   RO         1463    .text               C:\Keil_v5\ARM\ARMCC\Bin\..\lib\armlib\c_p.l(_sputc.o)
    0x00000c5e   0x00000c5e   0x00000010   Code   RO         1465    .text               C:\Keil_v5\ARM\ARMCC\Bin\..\lib\armlib\c_p.l(_snputc.o)
    0x00000c6e   0x00000c6e   0x00000002   PAD
    0x00000c70   0x00000c70   0x000000bc   Code   RO         1467    .text               C:\Keil_v5\ARM\ARMCC\Bin\..\lib\armlib\c_p.l(_printf_wctomb.o)
    0x00000d2c   0x00000d2c   0x00000070   Code   RO         1470    .text               C:\Keil_v5\ARM\ARMCC\Bin\..\lib\armlib\c_p.l(_printf_longlong_dec.o)
    0x00000d9c   0x00000d9c   0x00000070   Code   RO         1476    .text               C:\Keil_v5\ARM\ARMCC\Bin\..\lib\armlib\c_p.l(_printf_oct_int_ll.o)
    0x00000e0c   0x00000e0c   0x00000098   Code   RO         1496    .text               C:\Keil_v5\ARM\ARMCC\Bin\..\lib\armlib\c_p.l(_printf_hex_int_ll_ptr.o)
    0x00000ea4   0x00000ea4   0x00000188   Code   RO         1516    .text               C:\Keil_v5\ARM\ARMCC\Bin\..\lib\armlib\c_p.l(__printf_flags_ss_wp.o)
    0x0000102c   0x0000102c   0x000000f4   Code   RO         1552    .text               C:\Keil_v5\ARM\ARMCC\Bin\..\lib\armlib\c_p.l(fseek.o)
    0x00001120   0x00001120   0x0000004c   Code   RO         1554    .text               C:\Keil_v5\ARM\ARMCC\Bin\..\lib\armlib\c_p.l(setvbuf.o)
    0x0000116c   0x0000116c   0x000000f0   Code   RO         1556    .text               C:\Keil_v5\ARM\ARMCC\Bin\..\lib\armlib\c_p.l(stdio.o)
    0x0000125c   0x0000125c   0x0000013c   Code   RO         1559    .text               C:\Keil_v5\ARM\ARMCC\Bin\..\lib\armlib\c_p.l(initio.o)
    0x00001398   0x00001398   0x0000004c   Code   RO         1561    .text               C:\Keil_v5\ARM\ARMCC\Bin\..\lib\armlib\c_p.l(fclose.o)
    0x000013e4   0x000013e4   0x00000040   Code   RO         1569    .text               C:\Keil_v5\ARM\ARMCC\Bin\..\lib\armlib\c_p.l(rt_memclr.o)
    0x00001424   0x00001424   0x00000034   Code   RO         1663    .text               C:\Keil_v5\ARM\ARMCC\Bin\..\lib\armlib\c_p.l(h1_extend.o)
    0x00001458   0x00001458   0x0000007a   Code   RO         1667    .text               C:\Keil_v5\ARM\ARMCC\Bin\..\lib\armlib\c_p.l(lludiv10.o)
    0x000014d2   0x000014d2   0x000000b0   Code   RO         1671    .text               C:\Keil_v5\ARM\ARMCC\Bin\..\lib\armlib\c_p.l(_printf_intcommon.o)
    0x00001582   0x00001582   0x00000002   PAD
    0x00001584   0x00001584   0x00000418   Code   RO         1673    .text               C:\Keil_v5\ARM\ARMCC\Bin\..\lib\armlib\c_p.l(_printf_fp_dec.o)
    0x0000199c   0x0000199c   0x000002d8   Code   RO         1675    .text               C:\Keil_v5\ARM\ARMCC\Bin\..\lib\armlib\c_p.l(_printf_fp_hex.o)
    0x00001c74   0x00001c74   0x0000002e   Code   RO         1680    .text               C:\Keil_v5\ARM\ARMCC\Bin\..\lib\armlib\c_p.l(_printf_char.o)
    0x00001ca2   0x00001ca2   0x0000002e   Code   RO         1682    .text               C:\Keil_v5\ARM\ARMCC\Bin\..\lib\armlib\c_p.l(_printf_wchar.o)
    0x00001cd0   0x00001cd0   0x00000042   Code   RO         1687    .text               C:\Keil_v5\ARM\ARMCC\Bin\..\lib\armlib\c_p.l(ftell.o)
    0x00001d12   0x00001d12   0x00000040   Code   RO         1703    .text               C:\Keil_v5\ARM\ARMCC\Bin\..\lib\armlib\c_p.l(_wcrtomb.o)
    0x00001d52   0x00001d52   0x0000000c   Code   RO         1705    .text               C:\Keil_v5\ARM\ARMCC\Bin\..\lib\armlib\c_p.l(defsig_rtred_outer.o)
    0x00001d5e   0x00001d5e   0x0000000c   Code   RO         1709    .text               C:\Keil_v5\ARM\ARMCC\Bin\..\lib\armlib\c_p.l(defsig_rtmem_outer.o)
    0x00001d6a   0x00001d6a   0x00000028   Code   RO         1713    .text               C:\Keil_v5\ARM\ARMCC\Bin\..\lib\armlib\c_p.l(rtudiv10.o)
    0x00001d92   0x00001d92   0x00000002   PAD
    0x00001d94   0x00001d94   0x00000050   Code   RO         1715    .text               C:\Keil_v5\ARM\ARMCC\Bin\..\lib\armlib\c_p.l(heapauxa.o)
    0x00001de4   0x00001de4   0x00000010   Code   RO         1753    .text               C:\Keil_v5\ARM\ARMCC\Bin\..\lib\armlib\c_p.l(rt_ctype_table.o)
    0x00001df4   0x00001df4   0x00000008   Code   RO         1757    .text               C:\Keil_v5\ARM\ARMCC\Bin\..\lib\armlib\c_p.l(rt_locale.o)
    0x00001dfc   0x00001dfc   0x00000088   Code   RO         1769    .text               C:\Keil_v5\ARM\ARMCC\Bin\..\lib\armlib\c_p.l(_printf_fp_infnan.o)
    0x00001e84   0x00001e84   0x000000d8   Code   RO         1771    .text               C:\Keil_v5\ARM\ARMCC\Bin\..\lib\armlib\c_p.l(bigflt0.o)
    0x00001f5c   0x00001f5c   0x00000580   Code   RO         1774    .text               C:\Keil_v5\ARM\ARMCC\Bin\..\lib\armlib\c_p.l(btod.o)
    0x000024dc   0x000024dc   0x0000000c   Code   RO         1784    .text               C:\Keil_v5\ARM\ARMCC\Bin\..\lib\armlib\c_p.l(defsig_exit.o)
    0x000024e8   0x000024e8   0x00000034   Code   RO         1790    .text               C:\Keil_v5\ARM\ARMCC\Bin\..\lib\armlib\c_p.l(defsig_rtred_inner.o)
    0x0000251c   0x0000251c   0x00000050   Code   RO         1792    .text               C:\Keil_v5\ARM\ARMCC\Bin\..\lib\armlib\c_p.l(defsig_rtmem_inner.o)
    0x0000256c   0x0000256c   0x0000000c   Code   RO         1809    .text               C:\Keil_v5\ARM\ARMCC\Bin\..\lib\armlib\c_p.l(sys_exit.o)
    0x00002578   0x00002578   0x00000034   Code   RO         1820    .text               C:\Keil_v5\ARM\ARMCC\Bin\..\lib\armlib\c_p.l(defsig_general.o)
    0x000025ac   0x000025ac   0x0000000c   Code   RO         1828    .text               C:\Keil_v5\ARM\ARMCC\Bin\..\lib\armlib\c_p.l(sys_wrch.o)
    0x000025b8   0x000025b8   0x00000000   Code   RO         1832    .text               C:\Keil_v5\ARM\ARMCC\Bin\..\lib\armlib\c_p.l(indicate_semi.o)
    0x000025b8   0x000025b8   0x0000000c   Code   RO          286    i.$Sub$$main        mbed/TARGET_KL25Z/TOOLCHAIN_ARM_STD/mbed_sdk_boot.o
    0x000025c4   0x000025c4   0x00000010   Code   RO          116    i.NMI_Handler       mbed/TARGET_KL25Z/TOOLCHAIN_ARM_STD/mbed_overrides.o
    0x000025d4   0x000025d4   0x00000098   Code   RO          446    i.SystemInit        mbed/TARGET_KL25Z/TOOLCHAIN_ARM_STD/system_MKL25Z4.o
    0x0000266c   0x0000266c   0x00000050   Code   RO          875    i._ZN4mbed5Timer4stopEv  mbed/TARGET_KL25Z/TOOLCHAIN_ARM_STD/mbed.ar(Timer.o)
    0x000026bc   0x000026bc   0x0000002c   Code   RO          877    i._ZN4mbed5Timer5startEv  mbed/TARGET_KL25Z/TOOLCHAIN_ARM_STD/mbed.ar(Timer.o)
    0x000026e8   0x000026e8   0x0000002e   Code   RO          879    i._ZN4mbed5Timer7read_usEv  mbed/TARGET_KL25Z/TOOLCHAIN_ARM_STD/mbed.ar(Timer.o)
    0x00002716   0x00002716   0x00000036   Code   RO          882    i._ZN4mbed5TimerC1Ev  mbed/TARGET_KL25Z/TOOLCHAIN_ARM_STD/mbed.ar(Timer.o)
    0x0000274c   0x0000274c   0x00000024   Code   RO          883    i._ZN4mbed5TimerD1Ev  mbed/TARGET_KL25Z/TOOLCHAIN_ARM_STD/mbed.ar(Timer.o)
    0x00002770   0x00002770   0x00000004   Code   RO         1127    i._ZN4mbed8FileBase11getPathTypeEv  mbed/TARGET_KL25Z/TOOLCHAIN_ARM_STD/mbed.ar(FileBase.o)
    0x00002774   0x00002774   0x00000070   Code   RO         1129    i._ZN4mbed8FileBase6lookupEPKcj  mbed/TARGET_KL25Z/TOOLCHAIN_ARM_STD/mbed.ar(FileBase.o)
    0x000027e4   0x000027e4   0x00000020   Code   RO          989    i._ZN4mbed8FilePath10fileSystemEv  mbed/TARGET_KL25Z/TOOLCHAIN_ARM_STD/mbed.ar(FilePath.o)
    0x00002804   0x00002804   0x00000020   Code   RO          991    i._ZN4mbed8FilePath4fileEv  mbed/TARGET_KL25Z/TOOLCHAIN_ARM_STD/mbed.ar(FilePath.o)
    0x00002824   0x00002824   0x0000000a   Code   RO          992    i._ZN4mbed8FilePath6existsEv  mbed/TARGET_KL25Z/TOOLCHAIN_ARM_STD/mbed.ar(FilePath.o)
    0x0000282e   0x0000282e   0x00000018   Code   RO          993    i._ZN4mbed8FilePath6isFileEv  mbed/TARGET_KL25Z/TOOLCHAIN_ARM_STD/mbed.ar(FilePath.o)
    0x00002846   0x00002846   0x00000004   Code   RO          994    i._ZN4mbed8FilePath8fileNameEv  mbed/TARGET_KL25Z/TOOLCHAIN_ARM_STD/mbed.ar(FilePath.o)
    0x0000284a   0x0000284a   0x00000044   Code   RO          995    i._ZN4mbed8FilePathC1EPKc  mbed/TARGET_KL25Z/TOOLCHAIN_ARM_STD/mbed.ar(FilePath.o)
    0x0000288e   0x0000288e   0x00000030   Code   RO         1777    i.__ARM_common_ll_muluu  C:\Keil_v5\ARM\ARMCC\Bin\..\lib\armlib\c_p.l(btod.o)
    0x000028be   0x000028be   0x00000002   PAD
    0x000028c0   0x000028c0   0x0000002c   Code   RO         1807    i.__ARM_fpclassify  C:\Keil_v5\ARM\ARMCC\Bin\..\lib\armlib\m_ps.l(fpclassify.o)
    0x000028ec   0x000028ec   0x00000004   Code   RO          134    i.__aeabi_atexit    mbed/TARGET_KL25Z/TOOLCHAIN_ARM_STD/mbed_retarget.o
    0x000028f0   0x000028f0   0x00000020   Code   RO          474    i.__sti___8_main_cpp_eed83df2  .\build\main.o
    0x00002910   0x00002910   0x00000008   Code   RO          140    i.__user_setup_stackheap  mbed/TARGET_KL25Z/TOOLCHAIN_ARM_STD/mbed_retarget.o
    0x00002918   0x00002918   0x0000000e   Code   RO         1509    i._is_digit         C:\Keil_v5\ARM\ARMCC\Bin\..\lib\armlib\c_p.l(__printf_wp.o)
    0x00002926   0x00002926   0x00000002   PAD
    0x00002928   0x00002928   0x00000010   Code   RO          141    i._mbed_user_setup_stackheap  mbed/TARGET_KL25Z/TOOLCHAIN_ARM_STD/mbed_retarget.o
    0x00002938   0x00002938   0x00000020   Code   RO          287    i._platform_post_stackheap_init  mbed/TARGET_KL25Z/TOOLCHAIN_ARM_STD/mbed_sdk_boot.o
    0x00002958   0x00002958   0x00000048   Code   RO          142    i._sys_close        mbed/TARGET_KL25Z/TOOLCHAIN_ARM_STD/mbed_retarget.o
    0x000029a0   0x000029a0   0x0000004c   Code   RO          145    i._sys_flen         mbed/TARGET_KL25Z/TOOLCHAIN_ARM_STD/mbed_retarget.o
    0x000029ec   0x000029ec   0x00000040   Code   RO          146    i._sys_istty        mbed/TARGET_KL25Z/TOOLCHAIN_ARM_STD/mbed_retarget.o
    0x00002a2c   0x00002a2c   0x00000218   Code   RO          147    i._sys_open         mbed/TARGET_KL25Z/TOOLCHAIN_ARM_STD/mbed_retarget.o
    0x00002c44   0x00002c44   0x0000004c   Code   RO          149    i._sys_seek         mbed/TARGET_KL25Z/TOOLCHAIN_ARM_STD/mbed_retarget.o
    0x00002c90   0x00002c90   0x00000080   Code   RO          150    i._sys_write        mbed/TARGET_KL25Z/TOOLCHAIN_ARM_STD/mbed_retarget.o
    0x00002d10   0x00002d10   0x0000001a   Code   RO         1053    i.core_util_atomic_decr_u16  mbed/TARGET_KL25Z/TOOLCHAIN_ARM_STD/mbed.ar(mbed_critical.o)
    0x00002d2a   0x00002d2a   0x0000001a   Code   RO         1057    i.core_util_atomic_incr_u16  mbed/TARGET_KL25Z/TOOLCHAIN_ARM_STD/mbed.ar(mbed_critical.o)
    0x00002d44   0x00002d44   0x0000008c   Code   RO         1060    i.core_util_critical_section_enter  mbed/TARGET_KL25Z/TOOLCHAIN_ARM_STD/mbed.ar(mbed_critical.o)
    0x00002dd0   0x00002dd0   0x00000058   Code   RO         1061    i.core_util_critical_section_exit  mbed/TARGET_KL25Z/TOOLCHAIN_ARM_STD/mbed.ar(mbed_critical.o)
    0x00002e28   0x00002e28   0x0000002c   Code   RO         1020    i.error             mbed/TARGET_KL25Z/TOOLCHAIN_ARM_STD/mbed.ar(mbed_error.o)
    0x00002e54   0x00002e54   0x0000002c   Code   RO          153    i.exit              mbed/TARGET_KL25Z/TOOLCHAIN_ARM_STD/mbed_retarget.o
    0x00002e80   0x00002e80   0x00000008   Code   RO          944    i.get_us_ticker_data  mbed/TARGET_KL25Z/TOOLCHAIN_ARM_STD/mbed.ar(mbed_us_ticker_api.o)
    0x00002e88   0x00002e88   0x00000054   Code   RO           31    i.gpio_dir          mbed/TARGET_KL25Z/TOOLCHAIN_ARM_STD/gpio_api.o
    0x00002edc   0x00002edc   0x0000003c   Code   RO           32    i.gpio_init         mbed/TARGET_KL25Z/TOOLCHAIN_ARM_STD/gpio_api.o
    0x00002f18   0x00002f18   0x00000022   Code   RO          913    i.gpio_init_in      mbed/TARGET_KL25Z/TOOLCHAIN_ARM_STD/mbed.ar(mbed_gpio.o)
    0x00002f3a   0x00002f3a   0x00000002   PAD
    0x00002f3c   0x00002f3c   0x00000040   Code   RO          916    i.gpio_init_out     mbed/TARGET_KL25Z/TOOLCHAIN_ARM_STD/mbed.ar(mbed_gpio.o)
    0x00002f7c   0x00002f7c   0x00000060   Code   RO          917    i.gpio_init_out_ex  mbed/TARGET_KL25Z/TOOLCHAIN_ARM_STD/mbed.ar(mbed_gpio.o)
    0x00002fdc   0x00002fdc   0x0000000e   Code   RO           33    i.gpio_mode         mbed/TARGET_KL25Z/TOOLCHAIN_ARM_STD/gpio_api.o
    0x00002fea   0x00002fea   0x00000002   PAD
    0x00002fec   0x00002fec   0x000000d8   Code   RO          959    i.initialize        mbed/TARGET_KL25Z/TOOLCHAIN_ARM_STD/mbed.ar(mbed_ticker_api.o)
    0x000030c4   0x000030c4   0x00000060   Code   RO          454    i.lptmr_isr         mbed/TARGET_KL25Z/TOOLCHAIN_ARM_STD/us_ticker.o
    0x00003124   0x00003124   0x000000a8   Code   RO          475    i.main              .\build\main.o
    0x000031cc   0x000031cc   0x00000054   Code   RO         1014    i.mbed_assert_internal  mbed/TARGET_KL25Z/TOOLCHAIN_ARM_STD/mbed.ar(mbed_assert.o)
    0x00003220   0x00003220   0x000000c4   Code   RO          105    i.mbed_die          mbed/TARGET_KL25Z/TOOLCHAIN_ARM_STD/mbed_board.o
    0x000032e4   0x000032e4   0x00000058   Code   RO          106    i.mbed_error_printf  mbed/TARGET_KL25Z/TOOLCHAIN_ARM_STD/mbed_board.o
    0x0000333c   0x0000333c   0x00000050   Code   RO          107    i.mbed_error_vfprintf  mbed/TARGET_KL25Z/TOOLCHAIN_ARM_STD/mbed_board.o
    0x0000338c   0x0000338c   0x00000008   Code   RO         1027    i.mbed_interface_connected  mbed/TARGET_KL25Z/TOOLCHAIN_ARM_STD/mbed.ar(mbed_interface.o)
    0x00003394   0x00003394   0x00000002   Code   RO          289    i.mbed_main         mbed/TARGET_KL25Z/TOOLCHAIN_ARM_STD/mbed_sdk_boot.o
    0x00003396   0x00003396   0x00000002   Code   RO          290    i.mbed_sdk_init     mbed/TARGET_KL25Z/TOOLCHAIN_ARM_STD/mbed_sdk_boot.o
    0x00003398   0x00003398   0x00000064   Code   RO          318    i.pin_function      mbed/TARGET_KL25Z/TOOLCHAIN_ARM_STD/pinmap.o
    0x000033fc   0x000033fc   0x00000040   Code   RO          319    i.pin_mode          mbed/TARGET_KL25Z/TOOLCHAIN_ARM_STD/pinmap.o
    0x0000343c   0x0000343c   0x00000034   Code   RO          931    i.pinmap_merge      mbed/TARGET_KL25Z/TOOLCHAIN_ARM_STD/mbed.ar(mbed_pinmap_common.o)
    0x00003470   0x00003470   0x0000005c   Code   RO          932    i.pinmap_peripheral  mbed/TARGET_KL25Z/TOOLCHAIN_ARM_STD/mbed.ar(mbed_pinmap_common.o)
    0x000034cc   0x000034cc   0x00000054   Code   RO          933    i.pinmap_pinout     mbed/TARGET_KL25Z/TOOLCHAIN_ARM_STD/mbed.ar(mbed_pinmap_common.o)
    0x00003520   0x00003520   0x000000e0   Code   RO          960    i.schedule_interrupt  mbed/TARGET_KL25Z/TOOLCHAIN_ARM_STD/mbed.ar(mbed_ticker_api.o)
    0x00003600   0x00003600   0x0000000c   Code   RO         1095    i.semihost_connected  mbed/TARGET_KL25Z/TOOLCHAIN_ARM_STD/mbed.ar(mbed_semihost_api.o)
    0x0000360c   0x0000360c   0x0000000c   Code   RO         1097    i.semihost_exit     mbed/TARGET_KL25Z/TOOLCHAIN_ARM_STD/mbed.ar(mbed_semihost_api.o)
    0x00003618   0x00003618   0x00000180   Code   RO          369    i.serial_baud       mbed/TARGET_KL25Z/TOOLCHAIN_ARM_STD/serial_api.o
    0x00003798   0x00003798   0x000000d4   Code   RO          373    i.serial_format     mbed/TARGET_KL25Z/TOOLCHAIN_ARM_STD/serial_api.o
    0x0000386c   0x0000386c   0x0000018c   Code   RO          376    i.serial_init       mbed/TARGET_KL25Z/TOOLCHAIN_ARM_STD/serial_api.o
    0x000039f8   0x000039f8   0x00000024   Code   RO          380    i.serial_putc       mbed/TARGET_KL25Z/TOOLCHAIN_ARM_STD/serial_api.o
    0x00003a1c   0x00003a1c   0x00000060   Code   RO         1115    i.sleep_manager_lock_deep_sleep  mbed/TARGET_KL25Z/TOOLCHAIN_ARM_STD/mbed.ar(mbed_sleep_manager.o)
    0x00003a7c   0x00003a7c   0x00000054   Code   RO         1117    i.sleep_manager_unlock_deep_sleep  mbed/TARGET_KL25Z/TOOLCHAIN_ARM_STD/mbed.ar(mbed_sleep_manager.o)
    0x00003ad0   0x00003ad0   0x00000044   Code   RO          964    i.ticker_irq_handler  mbed/TARGET_KL25Z/TOOLCHAIN_ARM_STD/mbed.ar(mbed_ticker_api.o)
    0x00003b14   0x00003b14   0x00000014   Code   RO          965    i.ticker_read       mbed/TARGET_KL25Z/TOOLCHAIN_ARM_STD/mbed.ar(mbed_ticker_api.o)
    0x00003b28   0x00003b28   0x00000016   Code   RO          966    i.ticker_read_us    mbed/TARGET_KL25Z/TOOLCHAIN_ARM_STD/mbed.ar(mbed_ticker_api.o)
    0x00003b3e   0x00003b3e   0x00000002   PAD
    0x00003b40   0x00003b40   0x000000f8   Code   RO          969    i.update_present_time  mbed/TARGET_KL25Z/TOOLCHAIN_ARM_STD/mbed.ar(mbed_ticker_api.o)
    0x00003c38   0x00003c38   0x00000002   Code   RO          455    i.us_ticker_clear_interrupt  mbed/TARGET_KL25Z/TOOLCHAIN_ARM_STD/us_ticker.o
    0x00003c3a   0x00003c3a   0x00000002   PAD
    0x00003c3c   0x00003c3c   0x00000010   Code   RO          456    i.us_ticker_disable_interrupt  mbed/TARGET_KL25Z/TOOLCHAIN_ARM_STD/us_ticker.o
    0x00003c4c   0x00003c4c   0x00000010   Code   RO          457    i.us_ticker_fire_interrupt  mbed/TARGET_KL25Z/TOOLCHAIN_ARM_STD/us_ticker.o
    0x00003c5c   0x00003c5c   0x00000008   Code   RO          165    i.us_ticker_get_info  mbed/TARGET_KL25Z/TOOLCHAIN_ARM_STD/mbed_retarget.o
    0x00003c64   0x00003c64   0x000001c4   Code   RO          458    i.us_ticker_init    mbed/TARGET_KL25Z/TOOLCHAIN_ARM_STD/us_ticker.o
    0x00003e28   0x00003e28   0x00000018   Code   RO          946    i.us_ticker_irq_handler  mbed/TARGET_KL25Z/TOOLCHAIN_ARM_STD/mbed.ar(mbed_us_ticker_api.o)
    0x00003e40   0x00003e40   0x00000020   Code   RO          459    i.us_ticker_read    mbed/TARGET_KL25Z/TOOLCHAIN_ARM_STD/us_ticker.o
    0x00003e60   0x00003e60   0x00000068   Code   RO          460    i.us_ticker_set_interrupt  mbed/TARGET_KL25Z/TOOLCHAIN_ARM_STD/us_ticker.o
    0x00003ec8   0x00003ec8   0x00000024   Code   RO         1086    i.wait_ms           mbed/TARGET_KL25Z/TOOLCHAIN_ARM_STD/mbed.ar(mbed_wait_api_no_rtos.o)
    0x00003eec   0x00003eec   0x0000002c   Code   RO         1780    locale$$code        C:\Keil_v5\ARM\ARMCC\Bin\..\lib\armlib\c_p.l(lc_numeric_c.o)
    0x00003f18   0x00003f18   0x0000002c   Code   RO         1816    locale$$code        C:\Keil_v5\ARM\ARMCC\Bin\..\lib\armlib\c_p.l(lc_ctype_c.o)
    0x00003f44   0x00003f44   0x0000002c   Code   RO         1153    t._ZN12SingletonPtrI13PlatformMutexEptEv  mbed/TARGET_KL25Z/TOOLCHAIN_ARM_STD/mbed.ar(FileBase.o)
    0x00003f70   0x00003f70   0x00000010   Code   RO         1633    x$fpl$printf1       C:\Keil_v5\ARM\ARMCC\Bin\..\lib\armlib\fz_ps.l(printf1.o)
    0x00003f80   0x00003f80   0x00000010   Code   RO         1635    x$fpl$printf2       C:\Keil_v5\ARM\ARMCC\Bin\..\lib\armlib\fz_ps.l(printf2.o)
    0x00003f90   0x00003f90   0x00000000   Code   RO         1641    x$fpl$usenofp       C:\Keil_v5\ARM\ARMCC\Bin\..\lib\armlib\fz_ps.l(usenofp.o)
    0x00003f90   0x00003f90   0x00000028   Data   RO          211    .constdata          mbed/TARGET_KL25Z/TOOLCHAIN_ARM_STD/mbed_retarget.o
    0x00003fb8   0x00003fb8   0x0000006c   Data   RO          307    .constdata          mbed/TARGET_KL25Z/TOOLCHAIN_ARM_STD/PeripheralPins.o
    0x00004024   0x00004024   0x0000006c   Data   RO          308    .constdata          mbed/TARGET_KL25Z/TOOLCHAIN_ARM_STD/PeripheralPins.o
    0x00004090   0x00004090   0x0000001c   Data   RO          948    .constdata          mbed/TARGET_KL25Z/TOOLCHAIN_ARM_STD/mbed.ar(mbed_us_ticker_api.o)
    0x000040ac   0x000040ac   0x00000008   Data   RO          949    .constdata          mbed/TARGET_KL25Z/TOOLCHAIN_ARM_STD/mbed.ar(mbed_us_ticker_api.o)
    0x000040b4   0x000040b4   0x00000008   Data   RO         1468    .constdata          C:\Keil_v5\ARM\ARMCC\Bin\..\lib\armlib\c_p.l(_printf_wctomb.o)
    0x000040bc   0x000040bc   0x00000028   Data   RO         1497    .constdata          C:\Keil_v5\ARM\ARMCC\Bin\..\lib\armlib\c_p.l(_printf_hex_int_ll_ptr.o)
    0x000040e4   0x000040e4   0x00000011   Data   RO         1517    .constdata          C:\Keil_v5\ARM\ARMCC\Bin\..\lib\armlib\c_p.l(__printf_flags_ss_wp.o)
    0x000040f5   0x000040f5   0x00000026   Data   RO         1676    .constdata          C:\Keil_v5\ARM\ARMCC\Bin\..\lib\armlib\c_p.l(_printf_fp_hex.o)
    0x0000411b   0x0000411b   0x00000001   PAD
    0x0000411c   0x0000411c   0x00000094   Data   RO         1772    .constdata          C:\Keil_v5\ARM\ARMCC\Bin\..\lib\armlib\c_p.l(bigflt0.o)
    0x000041b0   0x000041b0   0x00000014   Data   RO          282    .constdata__ZZN12SingletonPtrI13PlatformMutexE3getEvEs  mbed/TARGET_KL25Z/TOOLCHAIN_ARM_STD/mbed_retarget.o
    0x000041c4   0x000041c4   0x00000059   Data   RO          283    .constdata__ZZN12SingletonPtrI13PlatformMutexE3getEvEs_0  mbed/TARGET_KL25Z/TOOLCHAIN_ARM_STD/mbed_retarget.o
    0x0000421d   0x0000421d   0x00000003   PAD
    0x00004220   0x00004220   0x00000066   Data   RO           35    .conststring        mbed/TARGET_KL25Z/TOOLCHAIN_ARM_STD/gpio_api.o
    0x00004286   0x00004286   0x00000002   PAD
    0x00004288   0x00004288   0x00000079   Data   RO          108    .conststring        mbed/TARGET_KL25Z/TOOLCHAIN_ARM_STD/mbed_board.o
    0x00004301   0x00004301   0x00000003   PAD
    0x00004304   0x00004304   0x00000064   Data   RO          320    .conststring        mbed/TARGET_KL25Z/TOOLCHAIN_ARM_STD/pinmap.o
    0x00004368   0x00004368   0x000000c1   Data   RO          387    .conststring        mbed/TARGET_KL25Z/TOOLCHAIN_ARM_STD/serial_api.o
    0x00004429   0x00004429   0x00000003   PAD
    0x0000442c   0x0000442c   0x0000004c   Data   RO          970    .conststring        mbed/TARGET_KL25Z/TOOLCHAIN_ARM_STD/mbed.ar(mbed_ticker_api.o)
    0x00004478   0x00004478   0x0000004f   Data   RO         1063    .conststring        mbed/TARGET_KL25Z/TOOLCHAIN_ARM_STD/mbed.ar(mbed_critical.o)
    0x000044c7   0x000044c7   0x00000001   PAD
    0x000044c8   0x000044c8   0x00000020   Data   RO         1847    Region$$Table       anon$$obj.o
    0x000044e8   0x000044e8   0x0000001c   Data   RO         1779    locale$$data        C:\Keil_v5\ARM\ARMCC\Bin\..\lib\armlib\c_p.l(lc_numeric_c.o)
    0x00004504   0x00004504   0x00000110   Data   RO         1815    locale$$data        C:\Keil_v5\ARM\ARMCC\Bin\..\lib\armlib\c_p.l(lc_ctype_c.o)
    0x00004614   0x00004614   0x00000004   Data   RO          479    .init_array         .\build\main.o
    0x00004618   0x00004614   0x00000000   Data   RO         1282    .init_array         C:\Keil_v5\ARM\ARMCC\Bin\..\lib\armlib\c_p.l(init_aeabi.o)


    Execution Region RW_IRAM1 (Exec base: 0x1ffff0c0, Load base: 0x00004618, Size: 0x00000320, Max: 0x00003f40, ABSOLUTE)

    Exec Addr    Load Addr    Size         Type   Attr      Idx    E Section Name        Object

    0x1ffff0c0   0x00004618   0x00000010   Data   RW          215    .data               mbed/TARGET_KL25Z/TOOLCHAIN_ARM_STD/mbed_retarget.o
    0x1ffff0d0   0x00004628   0x00000010   Data   RW          388    .data               mbed/TARGET_KL25Z/TOOLCHAIN_ARM_STD/serial_api.o
    0x1ffff0e0   0x00004638   0x00000004   Data   RW          447    .data               mbed/TARGET_KL25Z/TOOLCHAIN_ARM_STD/system_MKL25Z4.o
    0x1ffff0e4   0x0000463c   0x0000000c   Data   RW          461    .data               mbed/TARGET_KL25Z/TOOLCHAIN_ARM_STD/us_ticker.o
    0x1ffff0f0   0x00004648   0x00000004   Data   RW          950    .data               mbed/TARGET_KL25Z/TOOLCHAIN_ARM_STD/mbed.ar(mbed_us_ticker_api.o)
    0x1ffff0f4   0x0000464c   0x00000001   Data   RW         1021    .data               mbed/TARGET_KL25Z/TOOLCHAIN_ARM_STD/mbed.ar(mbed_error.o)
    0x1ffff0f5   0x0000464d   0x00000003   PAD
    0x1ffff0f8   0x00004650   0x00000008   Data   RW         1064    .data               mbed/TARGET_KL25Z/TOOLCHAIN_ARM_STD/mbed.ar(mbed_critical.o)
    0x1ffff100   0x00004658   0x00000004   Data   RW         1102    .data               mbed/TARGET_KL25Z/TOOLCHAIN_ARM_STD/mbed.ar(mbed_semihost_api.o)
    0x1ffff104   0x0000465c   0x00000002   Data   RW         1118    .data               mbed/TARGET_KL25Z/TOOLCHAIN_ARM_STD/mbed.ar(mbed_sleep_manager.o)
    0x1ffff106   0x0000465e   0x00000002   PAD
    0x1ffff108   0x00004660   0x0000000c   Data   RW         1141    .data               mbed/TARGET_KL25Z/TOOLCHAIN_ARM_STD/mbed.ar(FileBase.o)
    0x1ffff114   0x0000466c   0x00000004   Data   RW         1256    .data               C:\Keil_v5\ARM\ARMCC\Bin\..\lib\armlib\c_p.l(stdio_streams.o)
    0x1ffff118   0x00004670   0x00000004   Data   RW         1257    .data               C:\Keil_v5\ARM\ARMCC\Bin\..\lib\armlib\c_p.l(stdio_streams.o)
    0x1ffff11c   0x00004674   0x00000004   Data   RW         1258    .data               C:\Keil_v5\ARM\ARMCC\Bin\..\lib\armlib\c_p.l(stdio_streams.o)
    0x1ffff120   0x00004678   0x00000004   Data   RW         1716    .data               C:\Keil_v5\ARM\ARMCC\Bin\..\lib\armlib\c_p.l(heapauxa.o)
    0x1ffff124        -       0x00000144   Zero   RW          210    .bss                mbed/TARGET_KL25Z/TOOLCHAIN_ARM_STD/mbed_retarget.o
    0x1ffff268        -       0x00000020   Zero   RW          478    .bss                .\build\main.o
    0x1ffff288        -       0x00000040   Zero   RW          947    .bss                mbed/TARGET_KL25Z/TOOLCHAIN_ARM_STD/mbed.ar(mbed_us_ticker_api.o)
    0x1ffff2c8        -       0x00000004   Zero   RW         1163    .bss                C:\Keil_v5\ARM\ARMCC\Bin\..\lib\armlib\c_p.l(rt_errno_addr.o)
    0x1ffff2cc        -       0x00000054   Zero   RW         1253    .bss                C:\Keil_v5\ARM\ARMCC\Bin\..\lib\armlib\c_p.l(stdio_streams.o)
    0x1ffff320        -       0x00000054   Zero   RW         1254    .bss                C:\Keil_v5\ARM\ARMCC\Bin\..\lib\armlib\c_p.l(stdio_streams.o)
    0x1ffff374        -       0x00000054   Zero   RW         1255    .bss                C:\Keil_v5\ARM\ARMCC\Bin\..\lib\armlib\c_p.l(stdio_streams.o)
    0x1ffff3c8        -       0x00000004   Zero   RW         1425    .bss                C:\Keil_v5\ARM\ARMCC\Bin\..\lib\armlib\c_p.l(rt_heap_descriptor.o)
    0x1ffff3cc        -       0x00000014   Zero   RW         1758    .bss                C:\Keil_v5\ARM\ARMCC\Bin\..\lib\armlib\c_p.l(rt_locale.o)


==============================================================================

Image component sizes


      Code (inc. data)   RO Data    RW Data    ZI Data      Debug   Object Name

         0          0        216          0          0          0   mbed/TARGET_KL25Z/TOOLCHAIN_ARM_STD/PeripheralPins.o
       158         34        102          0          0        212   mbed/TARGET_KL25Z/TOOLCHAIN_ARM_STD/gpio_api.o
       256         30          4          0         32       8175   .\build\main.o
       364         48        121          0          0        244   mbed/TARGET_KL25Z/TOOLCHAIN_ARM_STD/mbed_board.o
        16          0          0          0          0         72   mbed/TARGET_KL25Z/TOOLCHAIN_ARM_STD/mbed_overrides.o
      1032         90        149         16        324        784   mbed/TARGET_KL25Z/TOOLCHAIN_ARM_STD/mbed_retarget.o
        48          8          0          0          0        260   mbed/TARGET_KL25Z/TOOLCHAIN_ARM_STD/mbed_sdk_boot.o
       164         60        100          0          0        144   mbed/TARGET_KL25Z/TOOLCHAIN_ARM_STD/pinmap.o
      1028        168        193         16          0        308   mbed/TARGET_KL25Z/TOOLCHAIN_ARM_STD/serial_api.o
        44         24        192          0          0        164   mbed/TARGET_KL25Z/TOOLCHAIN_ARM_STD/startup_MKL25Z4.o
       152         32          0          4          0         60   mbed/TARGET_KL25Z/TOOLCHAIN_ARM_STD/system_MKL25Z4.o
       718        118          0         12          0        468   mbed/TARGET_KL25Z/TOOLCHAIN_ARM_STD/us_ticker.o

    ----------------------------------------------------------------------
      3984        612       1120         48        356      10891   Object Totals
         0          0         32          0          0          0   (incl. Generated)
         4          0         11          0          0          0   (incl. Padding)

    ----------------------------------------------------------------------

      Code (inc. data)   RO Data    RW Data    ZI Data      Debug   Library Member Name

         8          0          0          0          0         68   C:\Keil_v5\ARM\ARMCC\Bin\..\lib\armlib\c_p.l(__main.o)
       392          6         17          0          0         76   C:\Keil_v5\ARM\ARMCC\Bin\..\lib\armlib\c_p.l(__printf_flags_ss_wp.o)
        14          0          0          0          0         60   C:\Keil_v5\ARM\ARMCC\Bin\..\lib\armlib\c_p.l(__printf_wp.o)
         0          0          0          0          0          0   C:\Keil_v5\ARM\ARMCC\Bin\..\lib\armlib\c_p.l(__rtentry.o)
        20          0          0          0          0          0   C:\Keil_v5\ARM\ARMCC\Bin\..\lib\armlib\c_p.l(__rtentry2.o)
         6          0          0          0          0          0   C:\Keil_v5\ARM\ARMCC\Bin\..\lib\armlib\c_p.l(__rtentry4.o)
        60          8          0          0          0          0   C:\Keil_v5\ARM\ARMCC\Bin\..\lib\armlib\c_p.l(__scatter.o)
        26          0          0          0          0          0   C:\Keil_v5\ARM\ARMCC\Bin\..\lib\armlib\c_p.l(__scatter_copy.o)
        28          0          0          0          0          0   C:\Keil_v5\ARM\ARMCC\Bin\..\lib\armlib\c_p.l(__scatter_zi.o)
        10          0          0          0          0          0   C:\Keil_v5\ARM\ARMCC\Bin\..\lib\armlib\c_p.l(_printf_a.o)
        10          0          0          0          0          0   C:\Keil_v5\ARM\ARMCC\Bin\..\lib\armlib\c_p.l(_printf_c.o)
        46          0          0          0          0        100   C:\Keil_v5\ARM\ARMCC\Bin\..\lib\armlib\c_p.l(_printf_char.o)
        48          6          0          0          0         88   C:\Keil_v5\ARM\ARMCC\Bin\..\lib\armlib\c_p.l(_printf_char_common.o)
        38          0          0          0          0         60   C:\Keil_v5\ARM\ARMCC\Bin\..\lib\armlib\c_p.l(_printf_charcount.o)
        10          0          0          0          0          0   C:\Keil_v5\ARM\ARMCC\Bin\..\lib\armlib\c_p.l(_printf_d.o)
       108         18          0          0          0         76   C:\Keil_v5\ARM\ARMCC\Bin\..\lib\armlib\c_p.l(_printf_dec.o)
        10          0          0          0          0          0   C:\Keil_v5\ARM\ARMCC\Bin\..\lib\armlib\c_p.l(_printf_e.o)
        10          0          0          0          0          0   C:\Keil_v5\ARM\ARMCC\Bin\..\lib\armlib\c_p.l(_printf_f.o)
      1048         14          0          0          0        176   C:\Keil_v5\ARM\ARMCC\Bin\..\lib\armlib\c_p.l(_printf_fp_dec.o)
       728         10         38          0          0         84   C:\Keil_v5\ARM\ARMCC\Bin\..\lib\armlib\c_p.l(_printf_fp_hex.o)
       136         16          0          0          0         76   C:\Keil_v5\ARM\ARMCC\Bin\..\lib\armlib\c_p.l(_printf_fp_infnan.o)
        10          0          0          0          0          0   C:\Keil_v5\ARM\ARMCC\Bin\..\lib\armlib\c_p.l(_printf_g.o)
       152          4         40          0          0        148   C:\Keil_v5\ARM\ARMCC\Bin\..\lib\armlib\c_p.l(_printf_hex_int_ll_ptr.o)
        10          0          0          0          0          0   C:\Keil_v5\ARM\ARMCC\Bin\..\lib\armlib\c_p.l(_printf_i.o)
       176          0          0          0          0         84   C:\Keil_v5\ARM\ARMCC\Bin\..\lib\armlib\c_p.l(_printf_intcommon.o)
        10          0          0          0          0          0   C:\Keil_v5\ARM\ARMCC\Bin\..\lib\armlib\c_p.l(_printf_l.o)
        10          0          0          0          0          0   C:\Keil_v5\ARM\ARMCC\Bin\..\lib\armlib\c_p.l(_printf_lc.o)
        10          0          0          0          0          0   C:\Keil_v5\ARM\ARMCC\Bin\..\lib\armlib\c_p.l(_printf_ll.o)
        10          0          0          0          0          0   C:\Keil_v5\ARM\ARMCC\Bin\..\lib\armlib\c_p.l(_printf_lld.o)
        10          0          0          0          0          0   C:\Keil_v5\ARM\ARMCC\Bin\..\lib\armlib\c_p.l(_printf_lli.o)
        10          0          0          0          0          0   C:\Keil_v5\ARM\ARMCC\Bin\..\lib\armlib\c_p.l(_printf_llo.o)
        10          0          0          0          0          0   C:\Keil_v5\ARM\ARMCC\Bin\..\lib\armlib\c_p.l(_printf_llu.o)
        10          0          0          0          0          0   C:\Keil_v5\ARM\ARMCC\Bin\..\lib\armlib\c_p.l(_printf_llx.o)
       112         18          0          0          0         76   C:\Keil_v5\ARM\ARMCC\Bin\..\lib\armlib\c_p.l(_printf_longlong_dec.o)
        10          0          0          0          0          0   C:\Keil_v5\ARM\ARMCC\Bin\..\lib\armlib\c_p.l(_printf_ls.o)
        10          0          0          0          0          0   C:\Keil_v5\ARM\ARMCC\Bin\..\lib\armlib\c_p.l(_printf_n.o)
        10          0          0          0          0          0   C:\Keil_v5\ARM\ARMCC\Bin\..\lib\armlib\c_p.l(_printf_o.o)
       112         10          0          0          0        112   C:\Keil_v5\ARM\ARMCC\Bin\..\lib\armlib\c_p.l(_printf_oct_int_ll.o)
        10          0          0          0          0          0   C:\Keil_v5\ARM\ARMCC\Bin\..\lib\armlib\c_p.l(_printf_p.o)
        78          0          0          0          0        100   C:\Keil_v5\ARM\ARMCC\Bin\..\lib\armlib\c_p.l(_printf_pad.o)
         2          0          0          0          0          0   C:\Keil_v5\ARM\ARMCC\Bin\..\lib\armlib\c_p.l(_printf_percent.o)
         4          0          0          0          0          0   C:\Keil_v5\ARM\ARMCC\Bin\..\lib\armlib\c_p.l(_printf_percent_end.o)
        10          0          0          0          0          0   C:\Keil_v5\ARM\ARMCC\Bin\..\lib\armlib\c_p.l(_printf_s.o)
        82          0          0          0          0         72   C:\Keil_v5\ARM\ARMCC\Bin\..\lib\armlib\c_p.l(_printf_str.o)
        36          0          0          0          0         76   C:\Keil_v5\ARM\ARMCC\Bin\..\lib\armlib\c_p.l(_printf_truncate.o)
        10          0          0          0          0          0   C:\Keil_v5\ARM\ARMCC\Bin\..\lib\armlib\c_p.l(_printf_u.o)
        46          0          0          0          0        100   C:\Keil_v5\ARM\ARMCC\Bin\..\lib\armlib\c_p.l(_printf_wchar.o)
       188          6          8          0          0         80   C:\Keil_v5\ARM\ARMCC\Bin\..\lib\armlib\c_p.l(_printf_wctomb.o)
        10          0          0          0          0          0   C:\Keil_v5\ARM\ARMCC\Bin\..\lib\armlib\c_p.l(_printf_x.o)
        16          0          0          0          0         60   C:\Keil_v5\ARM\ARMCC\Bin\..\lib\armlib\c_p.l(_snputc.o)
        10          0          0          0          0         60   C:\Keil_v5\ARM\ARMCC\Bin\..\lib\armlib\c_p.l(_sputc.o)
        64          0          0          0          0         72   C:\Keil_v5\ARM\ARMCC\Bin\..\lib\armlib\c_p.l(_wcrtomb.o)
       488          0          0          0          0         92   C:\Keil_v5\ARM\ARMCC\Bin\..\lib\armlib\c_p.l(aeabi_sdivfast.o)
       216          6        148          0          0         80   C:\Keil_v5\ARM\ARMCC\Bin\..\lib\armlib\c_p.l(bigflt0.o)
      1456         30          0          0          0        336   C:\Keil_v5\ARM\ARMCC\Bin\..\lib\armlib\c_p.l(btod.o)
        12          0          0          0          0         68   C:\Keil_v5\ARM\ARMCC\Bin\..\lib\armlib\c_p.l(defsig_exit.o)
        52          0          0          0          0         72   C:\Keil_v5\ARM\ARMCC\Bin\..\lib\armlib\c_p.l(defsig_general.o)
        80         58          0          0          0         68   C:\Keil_v5\ARM\ARMCC\Bin\..\lib\armlib\c_p.l(defsig_rtmem_inner.o)
        12          0          0          0          0         68   C:\Keil_v5\ARM\ARMCC\Bin\..\lib\armlib\c_p.l(defsig_rtmem_outer.o)
        52         38          0          0          0         68   C:\Keil_v5\ARM\ARMCC\Bin\..\lib\armlib\c_p.l(defsig_rtred_inner.o)
        12          0          0          0          0         68   C:\Keil_v5\ARM\ARMCC\Bin\..\lib\armlib\c_p.l(defsig_rtred_outer.o)
        76          4          0          0          0         76   C:\Keil_v5\ARM\ARMCC\Bin\..\lib\armlib\c_p.l(fclose.o)
       104          4          0          0          0        100   C:\Keil_v5\ARM\ARMCC\Bin\..\lib\armlib\c_p.l(fflush.o)
       232          8          0          0          0        108   C:\Keil_v5\ARM\ARMCC\Bin\..\lib\armlib\c_p.l(fopen.o)
       244          4          0          0          0         76   C:\Keil_v5\ARM\ARMCC\Bin\..\lib\armlib\c_p.l(fseek.o)
        66          0          0          0          0         68   C:\Keil_v5\ARM\ARMCC\Bin\..\lib\armlib\c_p.l(ftell.o)
        98          0          0          0          0         72   C:\Keil_v5\ARM\ARMCC\Bin\..\lib\armlib\c_p.l(h1_alloc.o)
        52          0          0          0          0         68   C:\Keil_v5\ARM\ARMCC\Bin\..\lib\armlib\c_p.l(h1_extend.o)
        76          0          0          0          0         72   C:\Keil_v5\ARM\ARMCC\Bin\..\lib\armlib\c_p.l(h1_free.o)
        14          0          0          0          0         76   C:\Keil_v5\ARM\ARMCC\Bin\..\lib\armlib\c_p.l(h1_init.o)
        80          4          0          4          0         88   C:\Keil_v5\ARM\ARMCC\Bin\..\lib\armlib\c_p.l(heapauxa.o)
         4          0          0          0          0        120   C:\Keil_v5\ARM\ARMCC\Bin\..\lib\armlib\c_p.l(hguard.o)
         0          0          0          0          0          0   C:\Keil_v5\ARM\ARMCC\Bin\..\lib\armlib\c_p.l(indicate_semi.o)
        36         10          0          0          0         72   C:\Keil_v5\ARM\ARMCC\Bin\..\lib\armlib\c_p.l(init_aeabi.o)
       136          0          0          0          0        160   C:\Keil_v5\ARM\ARMCC\Bin\..\lib\armlib\c_p.l(init_alloc.o)
       316         44          0          0          0         96   C:\Keil_v5\ARM\ARMCC\Bin\..\lib\armlib\c_p.l(initio.o)
        44         10        272          0          0         76   C:\Keil_v5\ARM\ARMCC\Bin\..\lib\armlib\c_p.l(lc_ctype_c.o)
        44         10         28          0          0         76   C:\Keil_v5\ARM\ARMCC\Bin\..\lib\armlib\c_p.l(lc_numeric_c.o)
         2          0          0          0          0          0   C:\Keil_v5\ARM\ARMCC\Bin\..\lib\armlib\c_p.l(libinit.o)
        46          0          0          0          0          0   C:\Keil_v5\ARM\ARMCC\Bin\..\lib\armlib\c_p.l(libinit2.o)
         0          0          0          0          0          0   C:\Keil_v5\ARM\ARMCC\Bin\..\lib\armlib\c_p.l(libshutdown2.o)
        48          0          0          0          0         72   C:\Keil_v5\ARM\ARMCC\Bin\..\lib\armlib\c_p.l(llmul.o)
        32          0          0          0          0         68   C:\Keil_v5\ARM\ARMCC\Bin\..\lib\armlib\c_p.l(llshl.o)
       258          0          0          0          0         88   C:\Keil_v5\ARM\ARMCC\Bin\..\lib\armlib\c_p.l(lludiv.o)
       122          0          0          0          0         72   C:\Keil_v5\ARM\ARMCC\Bin\..\lib\armlib\c_p.l(lludiv10.o)
         0          0          0          0          0          0   C:\Keil_v5\ARM\ARMCC\Bin\..\lib\armlib\c_p.l(maybetermalloc1.o)
        16          4          0          0          0         76   C:\Keil_v5\ARM\ARMCC\Bin\..\lib\armlib\c_p.l(rt_ctype_table.o)
         8          4          0          0          4         68   C:\Keil_v5\ARM\ARMCC\Bin\..\lib\armlib\c_p.l(rt_errno_addr.o)
         8          4          0          0          4         68   C:\Keil_v5\ARM\ARMCC\Bin\..\lib\armlib\c_p.l(rt_heap_descriptor.o)
         8          4          0          0         20         68   C:\Keil_v5\ARM\ARMCC\Bin\..\lib\armlib\c_p.l(rt_locale.o)
        64          0          0          0          0        108   C:\Keil_v5\ARM\ARMCC\Bin\..\lib\armlib\c_p.l(rt_memclr.o)
        56          0          0          0          0         68   C:\Keil_v5\ARM\ARMCC\Bin\..\lib\armlib\c_p.l(rt_memcpy.o)
        40          0          0          0          0         60   C:\Keil_v5\ARM\ARMCC\Bin\..\lib\armlib\c_p.l(rtudiv10.o)
        76          4          0          0          0         72   C:\Keil_v5\ARM\ARMCC\Bin\..\lib\armlib\c_p.l(setvbuf.o)
       240          8          0          0          0        144   C:\Keil_v5\ARM\ARMCC\Bin\..\lib\armlib\c_p.l(stdio.o)
         0          0          0         12        252          0   C:\Keil_v5\ARM\ARMCC\Bin\..\lib\armlib\c_p.l(stdio_streams.o)
       160          4          0          0          0         80   C:\Keil_v5\ARM\ARMCC\Bin\..\lib\armlib\c_p.l(strcmpv6m.o)
        68          6          0          0          0         72   C:\Keil_v5\ARM\ARMCC\Bin\..\lib\armlib\c_p.l(strlen.o)
       160          6          0          0          0         76   C:\Keil_v5\ARM\ARMCC\Bin\..\lib\armlib\c_p.l(strncmp.o)
        12          4          0          0          0         60   C:\Keil_v5\ARM\ARMCC\Bin\..\lib\armlib\c_p.l(sys_exit.o)
        12          0          0          0          0         68   C:\Keil_v5\ARM\ARMCC\Bin\..\lib\armlib\c_p.l(sys_wrch.o)
         2          0          0          0          0         68   C:\Keil_v5\ARM\ARMCC\Bin\..\lib\armlib\c_p.l(use_no_semi.o)
        56          6          0          0          0         72   C:\Keil_v5\ARM\ARMCC\Bin\..\lib\armlib\c_p.l(vsnprintf.o)
        16          4          0          0          0         76   C:\Keil_v5\ARM\ARMCC\Bin\..\lib\armlib\fz_ps.l(printf1.o)
        16          4          0          0          0         76   C:\Keil_v5\ARM\ARMCC\Bin\..\lib\armlib\fz_ps.l(printf2.o)
         0          0          0          0          0          0   C:\Keil_v5\ARM\ARMCC\Bin\..\lib\armlib\fz_ps.l(usenofp.o)
        44          4          0          0          0         60   C:\Keil_v5\ARM\ARMCC\Bin\..\lib\armlib\m_ps.l(fpclassify.o)
       160         24          0         12          0        200   mbed/TARGET_KL25Z/TOOLCHAIN_ARM_STD/mbed.ar(FileBase.o)
       170          0          0          0          0        392   mbed/TARGET_KL25Z/TOOLCHAIN_ARM_STD/mbed.ar(FilePath.o)
       260          0          0          0          0        348   mbed/TARGET_KL25Z/TOOLCHAIN_ARM_STD/mbed.ar(Timer.o)
        84         54          0          0          0         72   mbed/TARGET_KL25Z/TOOLCHAIN_ARM_STD/mbed.ar(mbed_assert.o)
       280         98         79          8          0        284   mbed/TARGET_KL25Z/TOOLCHAIN_ARM_STD/mbed.ar(mbed_critical.o)
        44          6          0          1          0         84   mbed/TARGET_KL25Z/TOOLCHAIN_ARM_STD/mbed.ar(mbed_error.o)
       194         38          0          0          0        220   mbed/TARGET_KL25Z/TOOLCHAIN_ARM_STD/mbed.ar(mbed_gpio.o)
         8          0          0          0          0         68   mbed/TARGET_KL25Z/TOOLCHAIN_ARM_STD/mbed.ar(mbed_interface.o)
       228         76          0          0          0        204   mbed/TARGET_KL25Z/TOOLCHAIN_ARM_STD/mbed.ar(mbed_pinmap_common.o)
        24          6          0          4          0        128   mbed/TARGET_KL25Z/TOOLCHAIN_ARM_STD/mbed.ar(mbed_semihost_api.o)
       180        102          0          2          0        136   mbed/TARGET_KL25Z/TOOLCHAIN_ARM_STD/mbed.ar(mbed_sleep_manager.o)
       798         26         76          0          0        464   mbed/TARGET_KL25Z/TOOLCHAIN_ARM_STD/mbed.ar(mbed_ticker_api.o)
        32         14         36          4         64        120   mbed/TARGET_KL25Z/TOOLCHAIN_ARM_STD/mbed.ar(mbed_us_ticker_api.o)
        36          0          0          0          0         72   mbed/TARGET_KL25Z/TOOLCHAIN_ARM_STD/mbed.ar(mbed_wait_api_no_rtos.o)

    ----------------------------------------------------------------------
     12096        856        744         52        344       8760   Library Totals
        22          0          2          5          0          0   (incl. Padding)

    ----------------------------------------------------------------------

      Code (inc. data)   RO Data    RW Data    ZI Data      Debug   Library Name

      9500        400        551         16        280       5756   C:\Keil_v5\ARM\ARMCC\Bin\..\lib\armlib\c_p.l
        32          8          0          0          0        152   C:\Keil_v5\ARM\ARMCC\Bin\..\lib\armlib\fz_ps.l
        44          4          0          0          0         60   C:\Keil_v5\ARM\ARMCC\Bin\..\lib\armlib\m_ps.l
      2498        444        191         31         64       2792   mbed/TARGET_KL25Z/TOOLCHAIN_ARM_STD/mbed.ar

    ----------------------------------------------------------------------
     12096        856        744         52        344       8760   Library Totals

    ----------------------------------------------------------------------

==============================================================================


      Code (inc. data)   RO Data    RW Data    ZI Data      Debug   

     16080       1468       1864        100        700      13319   Grand Totals
     16080       1468       1864        100        700      13319   ELF Image Totals
     16080       1468       1864        100          0          0   ROM Totals

==============================================================================

    Total RO  Size (Code + RO Data)                17944 (  17.52kB)
    Total RW  Size (RW Data + ZI Data)               800 (   0.78kB)
    Total ROM Size (Code + RO Data + RW Data)      18044 (  17.62kB)

==============================================================================

